Archive member included to satisfy reference by file (symbol)

/Users/samb/.pico-sdk/toolchain/13_3_Rel1/bin/../lib/gcc/arm-none-eabi/13.3.1/thumb/v6-m/nofp/libgcc.a(_dvmd_tls.o)
                              CMakeFiles/galton.dir/Users/samb/.pico-sdk/sdk/2.1.0/src/rp2_common/pico_divider/divider_hardware.S.o (__aeabi_idiv0)
/Users/samb/.pico-sdk/toolchain/13_3_Rel1/bin/../lib/gcc/arm-none-eabi/13.3.1/thumb/v6-m/nofp/libgcc.a(_addSA.o)
                              CMakeFiles/galton.dir/src/ball.c.o (__gnu_addsa3)
/Users/samb/.pico-sdk/toolchain/13_3_Rel1/bin/../lib/gcc/arm-none-eabi/13.3.1/thumb/v6-m/nofp/libgcc.a(_addDA.o)
                              CMakeFiles/galton.dir/src/peg.c.o (__gnu_addda3)
/Users/samb/.pico-sdk/toolchain/13_3_Rel1/bin/../lib/gcc/arm-none-eabi/13.3.1/thumb/v6-m/nofp/libgcc.a(_subSA.o)
                              CMakeFiles/galton.dir/src/vec2.c.o (__gnu_subsa3)
/Users/samb/.pico-sdk/toolchain/13_3_Rel1/bin/../lib/gcc/arm-none-eabi/13.3.1/thumb/v6-m/nofp/libgcc.a(_subDA.o)
                              CMakeFiles/galton.dir/src/peg.c.o (__gnu_subda3)
/Users/samb/.pico-sdk/toolchain/13_3_Rel1/bin/../lib/gcc/arm-none-eabi/13.3.1/thumb/v6-m/nofp/libgcc.a(_negSA.o)
                              CMakeFiles/galton.dir/src/ball.c.o (__gnu_negsa2)
/Users/samb/.pico-sdk/toolchain/13_3_Rel1/bin/../lib/gcc/arm-none-eabi/13.3.1/thumb/v6-m/nofp/libgcc.a(_mulSA.o)
                              CMakeFiles/galton.dir/src/vec2.c.o (__gnu_mulsa3)
/Users/samb/.pico-sdk/toolchain/13_3_Rel1/bin/../lib/gcc/arm-none-eabi/13.3.1/thumb/v6-m/nofp/libgcc.a(_mulDA.o)
                              CMakeFiles/galton.dir/src/peg.c.o (__gnu_mulda3)
/Users/samb/.pico-sdk/toolchain/13_3_Rel1/bin/../lib/gcc/arm-none-eabi/13.3.1/thumb/v6-m/nofp/libgcc.a(_mulhelperSA.o)
                              /Users/samb/.pico-sdk/toolchain/13_3_Rel1/bin/../lib/gcc/arm-none-eabi/13.3.1/thumb/v6-m/nofp/libgcc.a(_mulSA.o) (__gnu_mulhelpersa)
/Users/samb/.pico-sdk/toolchain/13_3_Rel1/bin/../lib/gcc/arm-none-eabi/13.3.1/thumb/v6-m/nofp/libgcc.a(_mulhelperDA.o)
                              /Users/samb/.pico-sdk/toolchain/13_3_Rel1/bin/../lib/gcc/arm-none-eabi/13.3.1/thumb/v6-m/nofp/libgcc.a(_mulDA.o) (__gnu_mulhelperda)
/Users/samb/.pico-sdk/toolchain/13_3_Rel1/bin/../lib/gcc/arm-none-eabi/13.3.1/thumb/v6-m/nofp/libgcc.a(_cmpSA.o)
                              CMakeFiles/galton.dir/src/peg.c.o (__gnu_cmpsa2)
/Users/samb/.pico-sdk/toolchain/13_3_Rel1/bin/../lib/gcc/arm-none-eabi/13.3.1/thumb/v6-m/nofp/libgcc.a(_cmpDA.o)
                              CMakeFiles/galton.dir/src/ball.c.o (__gnu_cmpda2)
/Users/samb/.pico-sdk/toolchain/13_3_Rel1/bin/../lib/gcc/arm-none-eabi/13.3.1/thumb/v6-m/nofp/libgcc.a(_saturate1SA.o)
                              /Users/samb/.pico-sdk/toolchain/13_3_Rel1/bin/../lib/gcc/arm-none-eabi/13.3.1/thumb/v6-m/nofp/libgcc.a(_mulhelperSA.o) (__gnu_saturate1sa)
/Users/samb/.pico-sdk/toolchain/13_3_Rel1/bin/../lib/gcc/arm-none-eabi/13.3.1/thumb/v6-m/nofp/libgcc.a(_saturate2DA.o)
                              /Users/samb/.pico-sdk/toolchain/13_3_Rel1/bin/../lib/gcc/arm-none-eabi/13.3.1/thumb/v6-m/nofp/libgcc.a(_mulhelperDA.o) (__gnu_saturate2da)
/Users/samb/.pico-sdk/toolchain/13_3_Rel1/bin/../lib/gcc/arm-none-eabi/13.3.1/thumb/v6-m/nofp/libgcc.a(_divSA.o)
                              CMakeFiles/galton.dir/src/vec2.c.o (__gnu_divsa3)
/Users/samb/.pico-sdk/toolchain/13_3_Rel1/bin/../lib/gcc/arm-none-eabi/13.3.1/thumb/v6-m/nofp/libgcc.a(_ashrDA.o)
                              CMakeFiles/galton.dir/src/peg.c.o (__gnu_ashrda3)
/Users/samb/.pico-sdk/toolchain/13_3_Rel1/bin/../lib/gcc/arm-none-eabi/13.3.1/thumb/v6-m/nofp/libgcc.a(_fractSADA.o)
                              CMakeFiles/galton.dir/src/peg.c.o (__gnu_fractsada2)
/Users/samb/.pico-sdk/toolchain/13_3_Rel1/bin/../lib/gcc/arm-none-eabi/13.3.1/thumb/v6-m/nofp/libgcc.a(_fractSAHI.o)
                              CMakeFiles/galton.dir/src/peg.c.o (__gnu_fractsahi)
/Users/samb/.pico-sdk/toolchain/13_3_Rel1/bin/../lib/gcc/arm-none-eabi/13.3.1/thumb/v6-m/nofp/libgcc.a(_fractSASI.o)
                              CMakeFiles/galton.dir/src/ball.c.o (__gnu_fractsasi)
/Users/samb/.pico-sdk/toolchain/13_3_Rel1/bin/../lib/gcc/arm-none-eabi/13.3.1/thumb/v6-m/nofp/libgcc.a(_fractSASF.o)
                              CMakeFiles/galton.dir/src/vec2.c.o (__gnu_fractsasf)
/Users/samb/.pico-sdk/toolchain/13_3_Rel1/bin/../lib/gcc/arm-none-eabi/13.3.1/thumb/v6-m/nofp/libgcc.a(_fractDASA.o)
                              CMakeFiles/galton.dir/src/peg.c.o (__gnu_fractdasa2)
/Users/samb/.pico-sdk/toolchain/13_3_Rel1/bin/../lib/gcc/arm-none-eabi/13.3.1/thumb/v6-m/nofp/libgcc.a(_fractSISA.o)
                              CMakeFiles/galton.dir/src/ball.c.o (__gnu_fractsisa)
/Users/samb/.pico-sdk/toolchain/13_3_Rel1/bin/../lib/gcc/arm-none-eabi/13.3.1/thumb/v6-m/nofp/libgcc.a(_fractSIDA.o)
                              CMakeFiles/galton.dir/src/peg.c.o (__gnu_fractsida)
[...]
Memory Configuration

Name             Origin             Length             Attributes
FLASH            0x10000000         0x00200000         xr
RAM              0x20000000         0x00040000         xrw
SCRATCH_X        0x20040000         0x00001000         xrw
SCRATCH_Y        0x20041000         0x00001000         xrw
*default*        0x00000000         0xffffffff

Linker script and memory map

LOAD /Users/samb/.pico-sdk/toolchain/13_3_Rel1/bin/../lib/gcc/arm-none-eabi/13.3.1/thumb/v6-m/nofp/crti.o
LOAD /Users/samb/.pico-sdk/toolchain/13_3_Rel1/bin/../lib/gcc/arm-none-eabi/13.3.1/thumb/v6-m/nofp/crtbegin.o
LOAD /Users/samb/.pico-sdk/toolchain/13_3_Rel1/bin/../lib/gcc/arm-none-eabi/13.3.1/../../../../arm-none-eabi/lib/thumb/v6-m/nofp/crt0.o

.flash_begin    0x10000000        0x0
                0x10000000                        __flash_binary_start = .

.boot2          0x10000000      0x100
                0x10000000                        __boot2_start__ = .
 *(.boot2)
 .boot2         0x10000000      0x100 pico-sdk/src/rp2040/boot_stage2/CMakeFiles/bs2_default_library.dir/bs2_default_padded_checksummed.S.o
                0x10000100                        __boot2_end__ = .
                0x00000001                        ASSERT (((__boot2_end__ - __boot2_start__) == 0x100), ERROR: Pico second stage bootloader must be 256 bytes in size)

.text           0x10000100     0xc094
                0x10000100                        __logical_binary_start = .
 *(.vectors)
 .vectors       0x10000100       0xd4 CMakeFiles/galton.dir/Users/samb/.pico-sdk/sdk/2.1.0/src/rp2_common/pico_crt0/crt0.S.o
                0x10000100                __VECTOR_TABLE
                0x10000100                __vectors
                0x100001c0                __default_isrs_start
                0x100001c0                isr_invalid
                0x100001c2                isr_nmi
                0x100001c4                isr_hardfault
                0x100001c6                isr_svcall
                0x100001c8                isr_pendsv
                0x100001ca                isr_systick
                0x100001cc                isr_irq28
                0x100001cc                isr_irq19
                0x100001cc                isr_irq0
                0x100001cc                isr_irq6
                0x100001cc                isr_irq22
                0x100001cc                isr_irq17
                0x100001cc                isr_irq14
                0x100001cc                isr_irq2
                0x100001cc                isr_irq10
                0x100001cc                isr_irq8
                0x100001cc                isr_irq24
                0x100001cc                isr_irq1
                0x100001cc                isr_irq7
                0x100001cc                isr_irq21
                0x100001cc                isr_irq20
                0x100001cc                isr_irq15
                0x100001cc                isr_irq25
                0x100001cc                isr_irq4
                0x100001cc                isr_irq16
                0x100001cc                isr_irq29
                0x100001cc                isr_irq26
                0x100001cc                __default_isrs_end
                0x100001cc                isr_irq3
                0x100001cc                isr_irq9
                0x100001cc                __unhandled_user_irq
                0x100001cc                isr_irq13
                0x100001cc                isr_irq27
                0x100001cc                isr_irq31
                0x100001cc                isr_irq5
                0x100001cc                isr_irq11
                0x100001cc                isr_irq23
                0x100001cc                isr_irq18
                0x100001cc                isr_irq30
                0x100001cc                isr_irq12
                0x100001d2                unhandled_user_irq_num_in_r0
 *(.binary_info_header)
 .binary_info_header
                0x100001d4       0x14 CMakeFiles/galton.dir/Users/samb/.pico-sdk/sdk/2.1.0/src/rp2_common/pico_crt0/crt0.S.o
                0x100001e8                        __binary_info_header_end = .
 *(.embedded_block)
                0x100001e8                        __embedded_block_end = .
 *(.reset)
 .reset         0x100001e8       0x9c CMakeFiles/galton.dir/Users/samb/.pico-sdk/sdk/2.1.0/src/rp2_common/pico_crt0/crt0.S.o
                0x100001e8                _entry_point
 *(.init)
 .init          0x10000284        0x4 /Users/samb/.pico-sdk/toolchain/13_3_Rel1/bin/../lib/gcc/arm-none-eabi/13.3.1/thumb/v6-m/nofp/crti.o
                0x10000284                _init
 *(EXCLUDE_FILE(*libm.a: *libc.a:*lib_a-mem*.o *libgcc.a:) .text*)
 .text.register_tm_clones
                0x10000288       0x28 /Users/samb/.pico-sdk/toolchain/13_3_Rel1/bin/../lib/gcc/arm-none-eabi/13.3.1/thumb/v6-m/nofp/crtbegin.o
 .text.frame_dummy
                0x100002b0       0x24 /Users/samb/.pico-sdk/toolchain/13_3_Rel1/bin/../lib/gcc/arm-none-eabi/13.3.1/thumb/v6-m/nofp/crtbegin.o
 .text.protothread_anim1
                0x100002d4       0xa8 CMakeFiles/galton.dir/src/main.c.o
 .text.pt_serialin_polled.constprop.0
                0x1000037c      0x240 CMakeFiles/galton.dir/src/main.c.o
 .text.protothread_sched.constprop.0.isra.0
                0x100005bc      0x154 CMakeFiles/galton.dir/src/main.c.o
 .text.protothread_sched1.constprop.0.isra.0
                0x10000710      0x154 CMakeFiles/galton.dir/src/main.c.o
 .text.core1_main
                0x10000864       0x84 CMakeFiles/galton.dir/src/main.c.o
                0x10000864                core1_main
 .text.protothread_anim
                0x100008e8      0x110 CMakeFiles/galton.dir/src/main.c.o
 .text.pt_serialout_polled
                0x100009f8       0x98 CMakeFiles/galton.dir/src/main.c.o
                0x100009f8                pt_serialout_polled
 .text.protothread_serial
                0x10000a90      0x114 CMakeFiles/galton.dir/src/main.c.o
 .text.startup.main
                0x10000ba4       0xd0 CMakeFiles/galton.dir/src/main.c.o
                0x10000ba4                main
 .text.get_nearest_peg
                0x10000c74       0x50 CMakeFiles/galton.dir/src/peg.c.o
                0x10000c74                get_nearest_peg
 .text.init_pegs
                0x10000cc4      0x264 CMakeFiles/galton.dir/src/peg.c.o
                0x10000cc4                init_pegs
 .text.draw_pegs
                0x10000f28       0x54 CMakeFiles/galton.dir/src/peg.c.o
                0x10000f28                draw_pegs
 .text.update_ball
                0x10000f7c      0x1f0 CMakeFiles/galton.dir/src/ball.c.o
                0x10000f7c                update_ball
 .text.init_balls
                0x1000116c       0x8c CMakeFiles/galton.dir/src/ball.c.o
                0x1000116c                init_balls
 .text.update_balls
                0x100011f8       0x1c CMakeFiles/galton.dir/src/ball.c.o
                0x100011f8                update_balls
 .text.draw_balls
                0x10001214       0x44 CMakeFiles/galton.dir/src/ball.c.o
                0x10001214                draw_balls
 .text.clear_balls
                0x10001258       0x38 CMakeFiles/galton.dir/src/ball.c.o
                0x10001258                clear_balls
 .text.vec2_add
                0x10001290       0x20 CMakeFiles/galton.dir/src/vec2.c.o
                0x10001290                vec2_add
 .text.vec2_sub
                0x100012b0       0x20 CMakeFiles/galton.dir/src/vec2.c.o
                0x100012b0                vec2_sub
 .text.vec2_mul
                0x100012d0       0x1c CMakeFiles/galton.dir/src/vec2.c.o
                0x100012d0                vec2_mul
 .text.vec2_div
                0x100012ec       0x1c CMakeFiles/galton.dir/src/vec2.c.o
                0x100012ec                vec2_div
 .text.vec2_dot
                0x10001308       0x24 CMakeFiles/galton.dir/src/vec2.c.o
                0x10001308                vec2_dot
 .text.vec2_mag
                0x1000132c       0x2c CMakeFiles/galton.dir/src/vec2.c.o
                0x1000132c                vec2_mag
 .text.vec2_fast_distance
                0x10001358       0x6c CMakeFiles/galton.dir/src/vec2.c.o
                0x10001358                vec2_fast_distance
 .text.initVGA  0x100013c4      0x23c CMakeFiles/galton.dir/src/vga16_graphics.c.o
                0x100013c4                initVGA
 .text.drawVLine
                0x10001600       0xa0 CMakeFiles/galton.dir/src/vga16_graphics.c.o
                0x10001600                drawVLine
 .text.drawHLine
                0x100016a0       0x9c CMakeFiles/galton.dir/src/vga16_graphics.c.o
                0x100016a0                drawHLine
 .text.fillCircle
                0x1000173c      0x374 CMakeFiles/galton.dir/src/vga16_graphics.c.o
                0x1000173c                fillCircle
 .text.init_DMA
                0x10001ab0       0xfc CMakeFiles/galton.dir/src/dma.c.o
                0x10001ab0                init_DMA
 .text.init_SPI
                0x10001bac       0x60 CMakeFiles/galton.dir/src/dma.c.o
                0x10001bac                init_SPI
 .text.start_audio
                0x10001c0c       0x3c CMakeFiles/galton.dir/src/dma.c.o
                0x10001c0c                start_audio
 .text.gpio_set_function
                0x10001c48       0x34 CMakeFiles/galton.dir/Users/samb/.pico-sdk/sdk/2.1.0/src/rp2_common/hardware_gpio/gpio.c.o
                0x10001c48                gpio_set_function
 .text.panic    0x10001c7c       0x30 CMakeFiles/galton.dir/Users/samb/.pico-sdk/sdk/2.1.0/src/rp2_common/pico_platform_panic/panic.c.o
                0x10001c7c                panic
 .text.hw_claim_lock
                0x10001cac       0x18 CMakeFiles/galton.dir/Users/samb/.pico-sdk/sdk/2.1.0/src/common/hardware_claim/claim.c.o
                0x10001cac                hw_claim_lock
 .text.hw_claim_unlock
                0x10001cc4       0x14 CMakeFiles/galton.dir/Users/samb/.pico-sdk/sdk/2.1.0/src/common/hardware_claim/claim.c.o
                0x10001cc4                hw_claim_unlock
 .text.hw_claim_or_assert
                0x10001cd8       0x44 CMakeFiles/galton.dir/Users/samb/.pico-sdk/sdk/2.1.0/src/common/hardware_claim/claim.c.o
                0x10001cd8                hw_claim_or_assert
 .text.hw_claim_unused_from_range
                0x10001d1c       0x9c CMakeFiles/galton.dir/Users/samb/.pico-sdk/sdk/2.1.0/src/common/hardware_claim/claim.c.o
                0x10001d1c                hw_claim_unused_from_range
 .text.next_striped_spin_lock_num
                0x10001db8       0x18 CMakeFiles/galton.dir/Users/samb/.pico-sdk/sdk/2.1.0/src/rp2_common/hardware_sync/sync.c.o
                0x10001db8                next_striped_spin_lock_num
 .text.spin_locks_reset
                0x10001dd0       0x1c CMakeFiles/galton.dir/Users/samb/.pico-sdk/sdk/2.1.0/src/rp2_common/hardware_sync_spin_lock/sync_spin_lock.c.o
                0x10001dd0                spin_locks_reset
 .text.runtime_init_per_core_irq_priorities
                0x10001dec       0x24 CMakeFiles/galton.dir/Users/samb/.pico-sdk/sdk/2.1.0/src/rp2_common/hardware_irq/irq.c.o
                0x10001dec                runtime_init_per_core_irq_priorities
 .text.irq_set_enabled
                0x10001e10       0x24 CMakeFiles/galton.dir/Users/samb/.pico-sdk/sdk/2.1.0/src/rp2_common/hardware_irq/irq.c.o
                0x10001e10                irq_set_enabled
 .text.irq_is_enabled
                0x10001e34       0x18 CMakeFiles/galton.dir/Users/samb/.pico-sdk/sdk/2.1.0/src/rp2_common/hardware_irq/irq.c.o
                0x10001e34                irq_is_enabled
 .text.irq_set_exclusive_handler
                0x10001e4c       0x54 CMakeFiles/galton.dir/Users/samb/.pico-sdk/sdk/2.1.0/src/rp2_common/hardware_irq/irq.c.o
                0x10001e4c                irq_set_exclusive_handler
 .text.irq_remove_handler
                0x10001ea0      0x1d4 CMakeFiles/galton.dir/Users/samb/.pico-sdk/sdk/2.1.0/src/rp2_common/hardware_irq/irq.c.o
                0x10001ea0                irq_remove_handler
 .text.irq_add_tail_to_free_list
                0x10002074       0xb4 CMakeFiles/galton.dir/Users/samb/.pico-sdk/sdk/2.1.0/src/rp2_common/hardware_irq/irq.c.o
                0x10002074                irq_add_tail_to_free_list
 .text.lock_init
                0x10002128       0x10 CMakeFiles/galton.dir/Users/samb/.pico-sdk/sdk/2.1.0/src/common/pico_sync/lock_core.c.o
                0x10002128                lock_init
 .text.runtime_init_mutex
                0x10002138       0x50 CMakeFiles/galton.dir/Users/samb/.pico-sdk/sdk/2.1.0/src/common/pico_sync/mutex.c.o
                0x10002138                runtime_init_mutex
 .text.sleep_until_callback
                0x10002188       0x30 CMakeFiles/galton.dir/Users/samb/.pico-sdk/sdk/2.1.0/src/common/pico_time/time.c.o
 .text.alarm_pool_irq_handler
                0x100021b8      0x2fc CMakeFiles/galton.dir/Users/samb/.pico-sdk/sdk/2.1.0/src/common/pico_time/time.c.o
 .text.runtime_init_default_alarm_pool
                0x100024b4       0xdc CMakeFiles/galton.dir/Users/samb/.pico-sdk/sdk/2.1.0/src/common/pico_time/time.c.o
                0x100024b4                runtime_init_default_alarm_pool
 .text.alarm_pool_add_alarm_at_force_in_context
                0x10002590       0xb0 CMakeFiles/galton.dir/Users/samb/.pico-sdk/sdk/2.1.0/src/common/pico_time/time.c.o
                0x10002590                alarm_pool_add_alarm_at_force_in_context
 .text.alarm_pool_cancel_alarm
                0x10002640       0x74 CMakeFiles/galton.dir/Users/samb/.pico-sdk/sdk/2.1.0/src/common/pico_time/time.c.o
                0x10002640                alarm_pool_cancel_alarm
 .text.best_effort_wfe_or_timeout
                0x100026b4       0xe0 CMakeFiles/galton.dir/Users/samb/.pico-sdk/sdk/2.1.0/src/common/pico_time/time.c.o
                0x100026b4                best_effort_wfe_or_timeout
 .text.timer_hardware_alarm_claim
                0x10002794       0x14 CMakeFiles/galton.dir/Users/samb/.pico-sdk/sdk/2.1.0/src/rp2_common/hardware_timer/timer.c.o
                0x10002794                timer_hardware_alarm_claim
 .text.timer_time_us_64
                0x100027a8       0x10 CMakeFiles/galton.dir/Users/samb/.pico-sdk/sdk/2.1.0/src/rp2_common/hardware_timer/timer.c.o
                0x100027a8                timer_time_us_64
 .text.time_us_64
                0x100027b8       0x14 CMakeFiles/galton.dir/Users/samb/.pico-sdk/sdk/2.1.0/src/rp2_common/hardware_timer/timer.c.o
                0x100027b8                time_us_64
 .text.busy_wait_us
                0x100027cc       0x68 CMakeFiles/galton.dir/Users/samb/.pico-sdk/sdk/2.1.0/src/rp2_common/hardware_timer/timer.c.o
                0x100027cc                busy_wait_us
 .text.uart_init
                0x10002834      0x120 CMakeFiles/galton.dir/Users/samb/.pico-sdk/sdk/2.1.0/src/rp2_common/hardware_uart/uart.c.o
                0x10002834                uart_init
 .text.clock_configure_int_divider
                0x10002954       0xf4 CMakeFiles/galton.dir/Users/samb/.pico-sdk/sdk/2.1.0/src/rp2_common/hardware_clocks/clocks.c.o
                0x10002954                clock_configure_int_divider
 .text.clock_configure_undivided
                0x10002a48       0xe8 CMakeFiles/galton.dir/Users/samb/.pico-sdk/sdk/2.1.0/src/rp2_common/hardware_clocks/clocks.c.o
                0x10002a48                clock_configure_undivided
 .text.clock_get_hz
                0x10002b30        0xc CMakeFiles/galton.dir/Users/samb/.pico-sdk/sdk/2.1.0/src/rp2_common/hardware_clocks/clocks.c.o
                0x10002b30                clock_get_hz
 .text.pll_init
                0x10002b3c       0xa4 CMakeFiles/galton.dir/Users/samb/.pico-sdk/sdk/2.1.0/src/rp2_common/hardware_pll/pll.c.o
                0x10002b3c                pll_init
 .text.tick_start
                0x10002be0       0x10 CMakeFiles/galton.dir/Users/samb/.pico-sdk/sdk/2.1.0/src/rp2_common/hardware_ticks/ticks.c.o
                0x10002be0                tick_start
 .text.rom_func_lookup
                0x10002bf0       0x10 CMakeFiles/galton.dir/Users/samb/.pico-sdk/sdk/2.1.0/src/rp2_common/pico_bootrom/bootrom.c.o
                0x10002bf0                rom_func_lookup
 .text.rom_data_lookup
                0x10002c00       0x10 CMakeFiles/galton.dir/Users/samb/.pico-sdk/sdk/2.1.0/src/rp2_common/pico_bootrom/bootrom.c.o
                0x10002c00                rom_data_lookup
 .text.rom_funcs_lookup
                0x10002c10       0x44 CMakeFiles/galton.dir/Users/samb/.pico-sdk/sdk/2.1.0/src/rp2_common/pico_bootrom/bootrom.c.o
                0x10002c10                rom_funcs_lookup
 .text.rom_reset_usb_boot_extra
                0x10002c54       0x28 CMakeFiles/galton.dir/Users/samb/.pico-sdk/sdk/2.1.0/src/rp2_common/pico_bootrom/bootrom.c.o
                0x10002c54                rom_reset_usb_boot_extra
 .text.xosc_init
                0x10002c7c       0x28 CMakeFiles/galton.dir/Users/samb/.pico-sdk/sdk/2.1.0/src/rp2_common/hardware_xosc/xosc.c.o
                0x10002c7c                xosc_init
 .text.first_per_core_initializer
                0x10002ca4        0x4 CMakeFiles/galton.dir/Users/samb/.pico-sdk/sdk/2.1.0/src/rp2_common/pico_runtime/runtime.c.o
 .text.hard_assertion_failure
                0x10002ca8        0xc CMakeFiles/galton.dir/Users/samb/.pico-sdk/sdk/2.1.0/src/rp2_common/pico_runtime/runtime.c.o
                0x10002ca8                hard_assertion_failure
 .text.runtime_run_initializers
                0x10002cb4       0x28 CMakeFiles/galton.dir/Users/samb/.pico-sdk/sdk/2.1.0/src/rp2_common/pico_runtime/runtime.c.o
                0x10002cb4                runtime_run_initializers
 .text.runtime_run_per_core_initializers
                0x10002cdc       0x28 CMakeFiles/galton.dir/Users/samb/.pico-sdk/sdk/2.1.0/src/rp2_common/pico_runtime/runtime.c.o
                0x10002cdc                runtime_run_per_core_initializers
 .text.runtime_init_early_resets
                0x10002d04       0x2c CMakeFiles/galton.dir/Users/samb/.pico-sdk/sdk/2.1.0/src/rp2_common/pico_runtime_init/runtime_init.c.o
                0x10002d04                runtime_init_early_resets
 .text.runtime_init_usb_power_down
                0x10002d30       0x1c CMakeFiles/galton.dir/Users/samb/.pico-sdk/sdk/2.1.0/src/rp2_common/pico_runtime_init/runtime_init.c.o
                0x10002d30                runtime_init_usb_power_down
 .text.runtime_init_post_clock_resets
                0x10002d4c       0x20 CMakeFiles/galton.dir/Users/samb/.pico-sdk/sdk/2.1.0/src/rp2_common/pico_runtime_init/runtime_init.c.o
                0x10002d4c                runtime_init_post_clock_resets
 .text.runtime_init_rp2040_gpio_ie_disable
                0x10002d6c       0x14 CMakeFiles/galton.dir/Users/samb/.pico-sdk/sdk/2.1.0/src/rp2_common/pico_runtime_init/runtime_init.c.o
                0x10002d6c                runtime_init_rp2040_gpio_ie_disable
 .text.runtime_init_spin_locks_reset
                0x10002d80        0x8 CMakeFiles/galton.dir/Users/samb/.pico-sdk/sdk/2.1.0/src/rp2_common/pico_runtime_init/runtime_init.c.o
                0x10002d80                runtime_init_spin_locks_reset
 .text.runtime_init_install_ram_vector_table
                0x10002d88       0x1c CMakeFiles/galton.dir/Users/samb/.pico-sdk/sdk/2.1.0/src/rp2_common/pico_runtime_init/runtime_init.c.o
                0x10002d88                runtime_init_install_ram_vector_table
 .text.runtime_init_clocks
                0x10002da4       0xd8 CMakeFiles/galton.dir/Users/samb/.pico-sdk/sdk/2.1.0/src/rp2_common/pico_runtime_init/runtime_init_clocks.c.o
                0x10002da4                runtime_init_clocks
 .text          0x10002e7c       0x10 CMakeFiles/galton.dir/Users/samb/.pico-sdk/sdk/2.1.0/src/rp2_common/pico_bit_ops/bit_ops_aeabi.S.o
 .text.__wrap___aeabi_idiv
                0x10002e8c       0x50 CMakeFiles/galton.dir/Users/samb/.pico-sdk/sdk/2.1.0/src/rp2_common/pico_divider/divider_hardware.S.o
                0x10002e8c                __wrap___aeabi_idivmod
                0x10002e8c                divmod_s32s32
                0x10002e8c                div_s32s32
                0x10002e8c                __wrap___aeabi_idiv
                0x10002e94                divmod_s32s32_unsafe
                0x10002ec0                divmod_s32s32_savestate
 .text.__wrap___aeabi_uidiv
                0x10002edc       0x4c CMakeFiles/galton.dir/Users/samb/.pico-sdk/sdk/2.1.0/src/rp2_common/pico_divider/divider_hardware.S.o
                0x10002edc                __wrap___aeabi_uidiv
                0x10002edc                __wrap___aeabi_uidivmod
                0x10002edc                div_u32u32
                0x10002edc                divmod_u32u32
                0x10002ee4                divmod_u32u32_unsafe
                0x10002f0c                divmod_u32u32_savestate
 .text.__wrap___aeabi_ldiv
                0x10002f28      0x424 CMakeFiles/galton.dir/Users/samb/.pico-sdk/sdk/2.1.0/src/rp2_common/pico_divider/divider_hardware.S.o
                0x10002f28                __wrap___aeabi_ldivmod
                0x10002f28                div_s64s64
                0x10002f28                divmod_s64s64
                0x10002f58                divmod_u64u64
                0x10002f58                div_u64u64
                0x10002f58                __wrap___aeabi_uldivmod
                0x10002f68                divmod_u64u64_savestate
                0x10002f88                divmod_s64s64_unsafe
                0x10003010                divmod_u64u64_unsafe
 .text.push_r8_r11
                0x1000334c        0xc CMakeFiles/galton.dir/Users/samb/.pico-sdk/sdk/2.1.0/src/rp2_common/pico_double/double_aeabi_rp2040.S.o
                0x1000334c                push_r8_r11
 .text.pop_r8_r11
                0x10003358        0xc CMakeFiles/galton.dir/Users/samb/.pico-sdk/sdk/2.1.0/src/rp2_common/pico_double/double_aeabi_rp2040.S.o
                0x10003358                pop_r8_r11
 .text.__wrap___aeabi_darithmetic
                0x10003364       0x80 CMakeFiles/galton.dir/Users/samb/.pico-sdk/sdk/2.1.0/src/rp2_common/pico_double/double_aeabi_rp2040.S.o
                0x10003364                __wrap___aeabi_drsub
                0x1000336a                __wrap___aeabi_dsub
                0x1000337c                __wrap___aeabi_dadd
                0x1000338e                __wrap___aeabi_ddiv
                0x100033ca                __wrap___aeabi_dmul
 .text.__wrap___aeabi_cdcmple
                0x100033e4       0x6c CMakeFiles/galton.dir/Users/samb/.pico-sdk/sdk/2.1.0/src/rp2_common/pico_double/double_aeabi_rp2040.S.o
                0x100033e4                __wrap___aeabi_cdrcmple
                0x100033f4                __wrap___aeabi_cdcmple
                0x100033f4                __wrap___aeabi_cdcmpeq
 .text.__wrap___aeabi_dcmpeq
                0x10003450       0x10 CMakeFiles/galton.dir/Users/samb/.pico-sdk/sdk/2.1.0/src/rp2_common/pico_double/double_aeabi_rp2040.S.o
                0x10003450                __wrap___aeabi_dcmpeq
 .text.__wrap___aeabi_dcmplt
                0x10003460        0xc CMakeFiles/galton.dir/Users/samb/.pico-sdk/sdk/2.1.0/src/rp2_common/pico_double/double_aeabi_rp2040.S.o
                0x10003460                __wrap___aeabi_dcmplt
 .text.__wrap___aeabi_dcmple
                0x1000346c       0x10 CMakeFiles/galton.dir/Users/samb/.pico-sdk/sdk/2.1.0/src/rp2_common/pico_double/double_aeabi_rp2040.S.o
                0x1000346c                __wrap___aeabi_dcmple
 .text.__wrap___aeabi_dcmpge
                0x1000347c       0x10 CMakeFiles/galton.dir/Users/samb/.pico-sdk/sdk/2.1.0/src/rp2_common/pico_double/double_aeabi_rp2040.S.o
                0x1000347c                __wrap___aeabi_dcmpge
 .text.__wrap___aeabi_dcmpgt
                0x1000348c        0xa CMakeFiles/galton.dir/Users/samb/.pico-sdk/sdk/2.1.0/src/rp2_common/pico_double/double_aeabi_rp2040.S.o
                0x1000348c                __wrap___aeabi_dcmpgt
 .text.__wrap___aeabi_dcmpun
                0x10003496       0x18 CMakeFiles/galton.dir/Users/samb/.pico-sdk/sdk/2.1.0/src/rp2_common/pico_double/double_aeabi_rp2040.S.o
                0x10003496                __wrap___aeabi_dcmpun
 *fill*         0x100034ae        0x2 
 .text.__wrap___aeabi_i2d
                0x100034b0       0x38 CMakeFiles/galton.dir/Users/samb/.pico-sdk/sdk/2.1.0/src/rp2_common/pico_double/double_aeabi_rp2040.S.o
                0x100034b0                __wrap___aeabi_ui2d
                0x100034b8                __wrap___aeabi_i2d
 .text.__wrap___aeabi_d2iz
                0x100034e8       0x48 CMakeFiles/galton.dir/Users/samb/.pico-sdk/sdk/2.1.0/src/rp2_common/pico_double/double_aeabi_rp2040.S.o
                0x100034e8                __wrap___aeabi_d2iz
                0x100034e8                double2int_z
 .text.__wrap___aeabi_d2uiz
                0x10003530       0x18 CMakeFiles/galton.dir/Users/samb/.pico-sdk/sdk/2.1.0/src/rp2_common/pico_double/double_aeabi_rp2040.S.o
                0x10003530                double2uint
                0x10003530                __wrap___aeabi_d2uiz
 .text.fix642double
                0x10003548       0x18 CMakeFiles/galton.dir/Users/samb/.pico-sdk/sdk/2.1.0/src/rp2_common/pico_double/double_aeabi_rp2040.S.o
                0x10003548                fix642double
 .text.__wrap___aeabi_l2d
                0x10003560       0x18 CMakeFiles/galton.dir/Users/samb/.pico-sdk/sdk/2.1.0/src/rp2_common/pico_double/double_aeabi_rp2040.S.o
                0x10003560                __wrap___aeabi_l2d
 .text.__wrap___aeabi_d2lz
                0x10003578       0x26 CMakeFiles/galton.dir/Users/samb/.pico-sdk/sdk/2.1.0/src/rp2_common/pico_double/double_aeabi_rp2040.S.o
                0x10003578                __wrap___aeabi_d2lz
                0x10003578                double2int64_z
 *fill*         0x1000359e        0x2 
 .text.double2int64
                0x100035a0       0x18 CMakeFiles/galton.dir/Users/samb/.pico-sdk/sdk/2.1.0/src/rp2_common/pico_double/double_aeabi_rp2040.S.o
                0x100035a0                double2int64
 .text.double2ufix64
                0x100035b8       0x18 CMakeFiles/galton.dir/Users/samb/.pico-sdk/sdk/2.1.0/src/rp2_common/pico_double/double_aeabi_rp2040.S.o
                0x100035b8                double2ufix64
 .text.__wrap___aeabi_d2f
                0x100035d0       0x18 CMakeFiles/galton.dir/Users/samb/.pico-sdk/sdk/2.1.0/src/rp2_common/pico_double/double_aeabi_rp2040.S.o
                0x100035d0                __wrap___aeabi_d2f
 .text.__wrap_sincostan_remainder
                0x100035e8       0x14 CMakeFiles/galton.dir/Users/samb/.pico-sdk/sdk/2.1.0/src/rp2_common/pico_double/double_aeabi_rp2040.S.o
                0x100035e8                sincostan_remainder
 .text.__wrap_sin
                0x100035fc       0x2c CMakeFiles/galton.dir/Users/samb/.pico-sdk/sdk/2.1.0/src/rp2_common/pico_double/double_aeabi_rp2040.S.o
                0x100035fc                __wrap_sin
 .text.__aeabi_double_init
                0x10003628       0xa4 CMakeFiles/galton.dir/Users/samb/.pico-sdk/sdk/2.1.0/src/rp2_common/pico_double/double_init_rom_rp2040.c.o
                0x10003628                __aeabi_double_init
 .text.__wrap_remquo
                0x100036cc      0x27c CMakeFiles/galton.dir/Users/samb/.pico-sdk/sdk/2.1.0/src/rp2_common/pico_double/double_math.c.o
                0x100036cc                __wrap_remquo
 .text.__wrap_remainder
                0x10003948       0x10 CMakeFiles/galton.dir/Users/samb/.pico-sdk/sdk/2.1.0/src/rp2_common/pico_double/double_math.c.o
                0x10003948                __wrap_remainder
 .text.double_table_shim_on_use_helper
                0x10003958       0x2c CMakeFiles/galton.dir/Users/samb/.pico-sdk/sdk/2.1.0/src/rp2_common/pico_double/double_v1_rom_shim_rp2040.S.o
                0x10003958                double_table_shim_on_use_helper
 .text.__wrap___aeabi_dsub
                0x10003984       0x10 CMakeFiles/galton.dir/Users/samb/.pico-sdk/sdk/2.1.0/src/rp2_common/pico_double/double_v1_rom_shim_rp2040.S.o
                0x10003984                drsub_shim
                0x1000398a                dsub_shim
 .text.dadd_shim
                0x10003994      0x15c CMakeFiles/galton.dir/Users/samb/.pico-sdk/sdk/2.1.0/src/rp2_common/pico_double/double_v1_rom_shim_rp2040.S.o
                0x10003994                dadd_shim
 .text.dmul_shim
                0x10003af0      0x15c CMakeFiles/galton.dir/Users/samb/.pico-sdk/sdk/2.1.0/src/rp2_common/pico_double/double_v1_rom_shim_rp2040.S.o
                0x10003af0                dmul_shim
 .text.ddiv_shim
                0x10003c4c      0x1b0 CMakeFiles/galton.dir/Users/samb/.pico-sdk/sdk/2.1.0/src/rp2_common/pico_double/double_v1_rom_shim_rp2040.S.o
                0x10003c4c                ddiv_shim
 .text.dcordic_vec_step
                0x10003dfc        0xe CMakeFiles/galton.dir/Users/samb/.pico-sdk/sdk/2.1.0/src/rp2_common/pico_double/double_v1_rom_shim_rp2040.S.o
                0x10003dfc                dcordic_vec_step
 .text.dcordic_rot_step
                0x10003e0a       0x76 CMakeFiles/galton.dir/Users/samb/.pico-sdk/sdk/2.1.0/src/rp2_common/pico_double/double_v1_rom_shim_rp2040.S.o
                0x10003e0a                dcordic_rot_step
 .text.double2uint_shim
                0x10003e80        0xe CMakeFiles/galton.dir/Users/samb/.pico-sdk/sdk/2.1.0/src/rp2_common/pico_double/double_v1_rom_shim_rp2040.S.o
                0x10003e80                double2uint_shim
                0x10003e82                double2ufix_shim
 .text.double2int64_shim
                0x10003e8e       0x1a CMakeFiles/galton.dir/Users/samb/.pico-sdk/sdk/2.1.0/src/rp2_common/pico_double/double_v1_rom_shim_rp2040.S.o
                0x10003e8e                double2int64_shim
                0x10003e90                double2fix64_shim
 .text.double2uint64_shim
                0x10003ea8       0x70 CMakeFiles/galton.dir/Users/samb/.pico-sdk/sdk/2.1.0/src/rp2_common/pico_double/double_v1_rom_shim_rp2040.S.o
                0x10003ea8                double2uint64_shim
                0x10003eaa                double2ufix64_shim
                0x10003eca                d2fix_a
 .text.double2float_shim
                0x10003f18       0x5c CMakeFiles/galton.dir/Users/samb/.pico-sdk/sdk/2.1.0/src/rp2_common/pico_double/double_v1_rom_shim_rp2040.S.o
                0x10003f18                double2float_shim
 .text.x2double_shims
                0x10003f74       0x90 CMakeFiles/galton.dir/Users/samb/.pico-sdk/sdk/2.1.0/src/rp2_common/pico_double/double_v1_rom_shim_rp2040.S.o
                0x10003f74                uint2double_shim
                0x10003f76                ufix2double_shim
                0x10003f7c                int2double_shim
                0x10003f7e                fix2double_shim
                0x10003f84                uint642double_shim
                0x10003f86                ufix642double_shim
                0x10003f8c                int642double_shim
                0x10003f8e                fix642double_shim
 .text.dunpacks
                0x10004004       0x3c CMakeFiles/galton.dir/Users/samb/.pico-sdk/sdk/2.1.0/src/rp2_common/pico_double/double_v1_rom_shim_rp2040.S.o
                0x10004004                dunpacks
 .text.dreduce  0x10004040       0x82 CMakeFiles/galton.dir/Users/samb/.pico-sdk/sdk/2.1.0/src/rp2_common/pico_double/double_v1_rom_shim_rp2040.S.o
                0x10004040                dreduce
 .text.dsin_shim
                0x100040c2       0x14 CMakeFiles/galton.dir/Users/samb/.pico-sdk/sdk/2.1.0/src/rp2_common/pico_double/double_v1_rom_shim_rp2040.S.o
                0x100040c2                dsin_shim
 *fill*         0x100040d6        0x2 
 .text.dtrig_guts
                0x100040d8      0x2ec CMakeFiles/galton.dir/Users/samb/.pico-sdk/sdk/2.1.0/src/rp2_common/pico_double/double_v1_rom_shim_rp2040.S.o
                0x100041b0                datan2_shim
 .text.__aeabi_lmul
                0x100043c4       0x32 CMakeFiles/galton.dir/Users/samb/.pico-sdk/sdk/2.1.0/src/rp2_common/pico_int64_ops/pico_int64_ops_aeabi.S.o
                0x100043c4                __wrap___aeabi_lmul
 *fill*         0x100043f6        0x2 
 .text.__wrap___aeabi_farithmetic
                0x100043f8       0x48 CMakeFiles/galton.dir/Users/samb/.pico-sdk/sdk/2.1.0/src/rp2_common/pico_float/float_aeabi_rp2040.S.o
                0x100043f8                __wrap___aeabi_frsub
                0x100043fe                __wrap___aeabi_fsub
                0x10004404                __wrap___aeabi_fadd
                0x1000440a                __wrap___aeabi_fdiv
                0x10004432                __wrap___aeabi_fmul
 .text.__wrap___aeabi_i2f
                0x10004440       0x44 CMakeFiles/galton.dir/Users/samb/.pico-sdk/sdk/2.1.0/src/rp2_common/pico_float/float_aeabi_rp2040.S.o
                0x10004440                int2float
                0x10004440                __wrap___aeabi_i2f
 .text.__wrap___aeabi_f2iz
                0x10004484       0x4e CMakeFiles/galton.dir/Users/samb/.pico-sdk/sdk/2.1.0/src/rp2_common/pico_float/float_aeabi_rp2040.S.o
                0x10004484                __wrap___aeabi_f2iz
                0x10004484                float2int_z
 *fill*         0x100044d2        0x2 
 .text.float2int
                0x100044d4       0x14 CMakeFiles/galton.dir/Users/samb/.pico-sdk/sdk/2.1.0/src/rp2_common/pico_float/float_aeabi_rp2040.S.o
                0x100044d4                float2int
 .text.__wrap___aeabi_f2uiz
                0x100044e8        0xc CMakeFiles/galton.dir/Users/samb/.pico-sdk/sdk/2.1.0/src/rp2_common/pico_float/float_aeabi_rp2040.S.o
                0x100044e8                float2uint_z
                0x100044e8                __wrap___aeabi_f2uiz
 .text.__wrap___aeabi_f2d
                0x100044f4       0x14 CMakeFiles/galton.dir/Users/samb/.pico-sdk/sdk/2.1.0/src/rp2_common/pico_float/float_aeabi_rp2040.S.o
                0x100044f4                __wrap___aeabi_f2d
 .text.__wrap_sqrtf
                0x10004508       0x20 CMakeFiles/galton.dir/Users/samb/.pico-sdk/sdk/2.1.0/src/rp2_common/pico_float/float_aeabi_rp2040.S.o
                0x10004508                __wrap_sqrtf
 .text.__aeabi_float_init
                0x10004528       0x64 CMakeFiles/galton.dir/Users/samb/.pico-sdk/sdk/2.1.0/src/rp2_common/pico_float/float_init_rom_rp2040.c.o
                0x10004528                __aeabi_float_init
 .text.float_table_shim_on_use_helper
                0x1000458c       0x2c CMakeFiles/galton.dir/Users/samb/.pico-sdk/sdk/2.1.0/src/rp2_common/pico_float/float_v1_rom_shim_rp2040.S.o
                0x1000458c                float_table_shim_on_use_helper
 .text.float232_shims
                0x100045b8       0x18 CMakeFiles/galton.dir/Users/samb/.pico-sdk/sdk/2.1.0/src/rp2_common/pico_float/float_v1_rom_shim_rp2040.S.o
                0x100045b8                float2int_shim
                0x100045ba                float2fix_shim
 .text.float2double_shim
                0x100045d0       0x30 CMakeFiles/galton.dir/Users/samb/.pico-sdk/sdk/2.1.0/src/rp2_common/pico_float/float_v1_rom_shim_rp2040.S.o
                0x100045d0                float2double_shim
 .text.__wrap_malloc
                0x10004600       0x3c CMakeFiles/galton.dir/Users/samb/.pico-sdk/sdk/2.1.0/src/rp2_common/pico_malloc/malloc.c.o
                0x10004600                __wrap_malloc
 .text.__wrap_realloc
                0x1000463c       0x40 CMakeFiles/galton.dir/Users/samb/.pico-sdk/sdk/2.1.0/src/rp2_common/pico_malloc/malloc.c.o
                0x1000463c                __wrap_realloc
 .text.__wrap_free
                0x1000467c       0x20 CMakeFiles/galton.dir/Users/samb/.pico-sdk/sdk/2.1.0/src/rp2_common/pico_malloc/malloc.c.o
                0x1000467c                __wrap_free
 .text          0x1000469c       0x10 CMakeFiles/galton.dir/Users/samb/.pico-sdk/sdk/2.1.0/src/rp2_common/pico_mem_ops/mem_ops_aeabi.S.o
                0x1000469c                __aeabi_mem_init
 .text.memset   0x100046ac        0xc CMakeFiles/galton.dir/Users/samb/.pico-sdk/sdk/2.1.0/src/rp2_common/pico_mem_ops/mem_ops_aeabi.S.o
                0x100046ac                __wrap_memset
 .text.memcpy   0x100046b8        0xc CMakeFiles/galton.dir/Users/samb/.pico-sdk/sdk/2.1.0/src/rp2_common/pico_mem_ops/mem_ops_aeabi.S.o
                0x100046b8                __wrap___aeabi_memcpy
                0x100046b8                __wrap_memcpy
 .text._out_buffer
                0x100046c4        0x8 CMakeFiles/galton.dir/Users/samb/.pico-sdk/sdk/2.1.0/src/rp2_common/pico_printf/printf.c.o
 .text._out_null
                0x100046cc        0x4 CMakeFiles/galton.dir/Users/samb/.pico-sdk/sdk/2.1.0/src/rp2_common/pico_printf/printf.c.o
 .text._out_rev
                0x100046d0       0xac CMakeFiles/galton.dir/Users/samb/.pico-sdk/sdk/2.1.0/src/rp2_common/pico_printf/printf.c.o
 .text._ntoa_format
                0x1000477c      0x250 CMakeFiles/galton.dir/Users/samb/.pico-sdk/sdk/2.1.0/src/rp2_common/pico_printf/printf.c.o
 .text._out_char
                0x100049cc       0x10 CMakeFiles/galton.dir/Users/samb/.pico-sdk/sdk/2.1.0/src/rp2_common/pico_printf/printf.c.o
 .text._etoa    0x100049dc      0x464 CMakeFiles/galton.dir/Users/samb/.pico-sdk/sdk/2.1.0/src/rp2_common/pico_printf/printf.c.o
 .text._ftoa    0x10004e40      0x3c0 CMakeFiles/galton.dir/Users/samb/.pico-sdk/sdk/2.1.0/src/rp2_common/pico_printf/printf.c.o
 .text._vsnprintf
                0x10005200      0xbc8 CMakeFiles/galton.dir/Users/samb/.pico-sdk/sdk/2.1.0/src/rp2_common/pico_printf/printf.c.o
 .text.__wrap_sprintf
                0x10005dc8       0x2c CMakeFiles/galton.dir/Users/samb/.pico-sdk/sdk/2.1.0/src/rp2_common/pico_printf/printf.c.o
                0x10005dc8                __wrap_sprintf
 .text.weak_raw_printf
                0x10005df4       0x40 CMakeFiles/galton.dir/Users/samb/.pico-sdk/sdk/2.1.0/src/rp2_common/pico_printf/printf.c.o
                0x10005df4                weak_raw_printf
 .text.weak_raw_vprintf
                0x10005e34       0x30 CMakeFiles/galton.dir/Users/samb/.pico-sdk/sdk/2.1.0/src/rp2_common/pico_printf/printf.c.o
                0x10005e34                weak_raw_vprintf
 .text._exit    0x10005e64        0x4 CMakeFiles/galton.dir/Users/samb/.pico-sdk/sdk/2.1.0/src/rp2_common/pico_clib_interface/newlib_interface.c.o
                0x10005e64                _exit
 .text._sbrk    0x10005e68       0x34 CMakeFiles/galton.dir/Users/samb/.pico-sdk/sdk/2.1.0/src/rp2_common/pico_clib_interface/newlib_interface.c.o
                0x10005e68                _sbrk
 .text.exit     0x10005e9c        0x8 CMakeFiles/galton.dir/Users/samb/.pico-sdk/sdk/2.1.0/src/rp2_common/pico_clib_interface/newlib_interface.c.o
                0x10005e9c                exit
 .text.__assert_func
                0x10005ea4       0x38 CMakeFiles/galton.dir/Users/samb/.pico-sdk/sdk/2.1.0/src/rp2_common/pico_clib_interface/newlib_interface.c.o
                0x10005ea4                __assert_func
 .text.runtime_init
                0x10005edc       0x2c CMakeFiles/galton.dir/Users/samb/.pico-sdk/sdk/2.1.0/src/rp2_common/pico_clib_interface/newlib_interface.c.o
                0x10005edc                runtime_init
 .text.stdio_out_chars_no_crlf
                0x10005f08       0x10 CMakeFiles/galton.dir/Users/samb/.pico-sdk/sdk/2.1.0/src/rp2_common/pico_stdio/stdio.c.o
 .text.stdio_out_chars_crlf
                0x10005f18       0x94 CMakeFiles/galton.dir/Users/samb/.pico-sdk/sdk/2.1.0/src/rp2_common/pico_stdio/stdio.c.o
 .text.stdio_put_string
                0x10005fac      0x100 CMakeFiles/galton.dir/Users/samb/.pico-sdk/sdk/2.1.0/src/rp2_common/pico_stdio/stdio.c.o
                0x10005fac                stdio_put_string
 .text.stdio_set_driver_enabled
                0x100060ac       0x30 CMakeFiles/galton.dir/Users/samb/.pico-sdk/sdk/2.1.0/src/rp2_common/pico_stdio/stdio.c.o
                0x100060ac                stdio_set_driver_enabled
 .text.stdio_init_all
                0x100060dc        0xc CMakeFiles/galton.dir/Users/samb/.pico-sdk/sdk/2.1.0/src/rp2_common/pico_stdio/stdio.c.o
                0x100060dc                stdio_init_all
 .text.__wrap_putchar
                0x100060e8       0x98 CMakeFiles/galton.dir/Users/samb/.pico-sdk/sdk/2.1.0/src/rp2_common/pico_stdio/stdio.c.o
                0x100060e8                stdio_putchar
                0x100060e8                __wrap_putchar
 .text.__wrap_puts
                0x10006180       0x3c CMakeFiles/galton.dir/Users/samb/.pico-sdk/sdk/2.1.0/src/rp2_common/pico_stdio/stdio.c.o
                0x10006180                __wrap_puts
                0x10006180                stdio_puts
 .text.stdio_uart_out_chars
                0x100061bc       0x4c CMakeFiles/galton.dir/Users/samb/.pico-sdk/sdk/2.1.0/src/rp2_common/pico_stdio_uart/stdio_uart.c.o
 .text.stdio_uart_in_chars
                0x10006208       0x90 CMakeFiles/galton.dir/Users/samb/.pico-sdk/sdk/2.1.0/src/rp2_common/pico_stdio_uart/stdio_uart.c.o
                0x10006208                stdio_uart_in_chars
 .text.on_uart_rx
                0x10006298       0x28 CMakeFiles/galton.dir/Users/samb/.pico-sdk/sdk/2.1.0/src/rp2_common/pico_stdio_uart/stdio_uart.c.o
 .text.stdio_uart_out_flush
                0x100062c0       0x14 CMakeFiles/galton.dir/Users/samb/.pico-sdk/sdk/2.1.0/src/rp2_common/pico_stdio_uart/stdio_uart.c.o
 .text.stdio_uart_set_chars_available_callback
                0x100062d4       0x84 CMakeFiles/galton.dir/Users/samb/.pico-sdk/sdk/2.1.0/src/rp2_common/pico_stdio_uart/stdio_uart.c.o
 .text.stdio_uart_init
                0x10006358       0x50 CMakeFiles/galton.dir/Users/samb/.pico-sdk/sdk/2.1.0/src/rp2_common/pico_stdio_uart/stdio_uart.c.o
                0x10006358                stdio_uart_init
 .text.core1_trampoline
                0x100063a8        0x4 CMakeFiles/galton.dir/Users/samb/.pico-sdk/sdk/2.1.0/src/rp2_common/pico_multicore/multicore.c.o
 .text.core1_wrapper
                0x100063ac        0xc CMakeFiles/galton.dir/Users/samb/.pico-sdk/sdk/2.1.0/src/rp2_common/pico_multicore/multicore.c.o
                0x100063ac                core1_wrapper
 .text.multicore_reset_core1
                0x100063b8       0x58 CMakeFiles/galton.dir/Users/samb/.pico-sdk/sdk/2.1.0/src/rp2_common/pico_multicore/multicore.c.o
                0x100063b8                multicore_reset_core1
 .text.multicore_launch_core1_raw
                0x10006410       0x84 CMakeFiles/galton.dir/Users/samb/.pico-sdk/sdk/2.1.0/src/rp2_common/pico_multicore/multicore.c.o
                0x10006410                multicore_launch_core1_raw
 .text.multicore_launch_core1
                0x10006494       0x58 CMakeFiles/galton.dir/Users/samb/.pico-sdk/sdk/2.1.0/src/rp2_common/pico_multicore/multicore.c.o
                0x10006494                multicore_launch_core1
 .text.startup.boot_double_tap_check
                0x100064ec       0x5c CMakeFiles/galton.dir/Users/samb/.pico-sdk/sdk/2.1.0/src/rp2_common/pico_bootsel_via_double_reset/pico_bootsel_via_double_reset.c.o
 .text.spi_init
                0x10006548      0x13c CMakeFiles/galton.dir/Users/samb/.pico-sdk/sdk/2.1.0/src/rp2_common/hardware_spi/spi.c.o
                0x10006548                spi_init
 .text.pio_add_program
                0x10006684      0x104 CMakeFiles/galton.dir/Users/samb/.pico-sdk/sdk/2.1.0/src/rp2_common/hardware_pio/pio.c.o
                0x10006684                pio_add_program
 .text.pio_sm_set_consecutive_pindirs
                0x10006788       0xb4 CMakeFiles/galton.dir/Users/samb/.pico-sdk/sdk/2.1.0/src/rp2_common/hardware_pio/pio.c.o
                0x10006788                pio_sm_set_consecutive_pindirs
 .text.pio_sm_init
                0x1000683c       0x9c CMakeFiles/galton.dir/Users/samb/.pico-sdk/sdk/2.1.0/src/rp2_common/hardware_pio/pio.c.o
                0x1000683c                pio_sm_init
 .text.dma_claim_unused_channel
                0x100068d8       0x24 CMakeFiles/galton.dir/Users/samb/.pico-sdk/sdk/2.1.0/src/rp2_common/hardware_dma/dma.c.o
                0x100068d8                dma_claim_unused_channel
 .text._calloc_r
                0x100068fc       0xa8 /Users/samb/.pico-sdk/toolchain/13_3_Rel1/bin/../lib/gcc/arm-none-eabi/13.3.1/../../../../arm-none-eabi/lib/thumb/v6-m/nofp/libg.a(libc_a-callocr.o)
                0x100068fc                _calloc_r
 .text.malloc   0x100069a4       0x14 /Users/samb/.pico-sdk/toolchain/13_3_Rel1/bin/../lib/gcc/arm-none-eabi/13.3.1/../../../../arm-none-eabi/lib/thumb/v6-m/nofp/libg.a(libc_a-malloc.o)
                0x100069a4                malloc
 .text.free     0x100069b8       0x14 /Users/samb/.pico-sdk/toolchain/13_3_Rel1/bin/../lib/gcc/arm-none-eabi/13.3.1/../../../../arm-none-eabi/lib/thumb/v6-m/nofp/libg.a(libc_a-malloc.o)
                0x100069b8                free
 .text._malloc_r
                0x100069cc      0x5c4 /Users/samb/.pico-sdk/toolchain/13_3_Rel1/bin/../lib/gcc/arm-none-eabi/13.3.1/../../../../arm-none-eabi/lib/thumb/v6-m/nofp/libg.a(libc_a-mallocr.o)
                0x100069cc                _malloc_r
 .text.__malloc_lock
                0x10006f90       0x10 /Users/samb/.pico-sdk/toolchain/13_3_Rel1/bin/../lib/gcc/arm-none-eabi/13.3.1/../../../../arm-none-eabi/lib/thumb/v6-m/nofp/libg.a(libc_a-mlock.o)
                0x10006f90                __malloc_lock
 .text.__malloc_unlock
                0x10006fa0       0x10 /Users/samb/.pico-sdk/toolchain/13_3_Rel1/bin/../lib/gcc/arm-none-eabi/13.3.1/../../../../arm-none-eabi/lib/thumb/v6-m/nofp/libg.a(libc_a-mlock.o)
                0x10006fa0                __malloc_unlock
 .text.rand     0x10006fb0       0x34 /Users/samb/.pico-sdk/toolchain/13_3_Rel1/bin/../lib/gcc/arm-none-eabi/13.3.1/../../../../arm-none-eabi/lib/thumb/v6-m/nofp/libg.a(libc_a-rand.o)
                0x10006fb0                rand
 .text.realloc  0x10006fe4       0x18 /Users/samb/.pico-sdk/toolchain/13_3_Rel1/bin/../lib/gcc/arm-none-eabi/13.3.1/../../../../arm-none-eabi/lib/thumb/v6-m/nofp/libg.a(libc_a-realloc.o)
                0x10006fe4                realloc
 .text._realloc_r
                0x10006ffc      0x350 /Users/samb/.pico-sdk/toolchain/13_3_Rel1/bin/../lib/gcc/arm-none-eabi/13.3.1/../../../../arm-none-eabi/lib/thumb/v6-m/nofp/libg.a(libc_a-reallocr.o)
                0x10006ffc                _realloc_r
 .text.sscanf   0x1000734c       0x54 /Users/samb/.pico-sdk/toolchain/13_3_Rel1/bin/../lib/gcc/arm-none-eabi/13.3.1/../../../../arm-none-eabi/lib/thumb/v6-m/nofp/libg.a(libc_a-sscanf.o)
                0x1000734c                sscanf
 .text.__seofread
                0x100073a0        0x4 /Users/samb/.pico-sdk/toolchain/13_3_Rel1/bin/../lib/gcc/arm-none-eabi/13.3.1/../../../../arm-none-eabi/lib/thumb/v6-m/nofp/libg.a(libc_a-stdio.o)
                0x100073a0                __seofread
 .text.memmove  0x100073a4       0xb0 /Users/samb/.pico-sdk/toolchain/13_3_Rel1/bin/../lib/gcc/arm-none-eabi/13.3.1/../../../../arm-none-eabi/lib/thumb/v6-m/nofp/libg.a(libc_a-memmove.o)
                0x100073a4                memmove
 .text._sbrk_r  0x10007454       0x24 /Users/samb/.pico-sdk/toolchain/13_3_Rel1/bin/../lib/gcc/arm-none-eabi/13.3.1/../../../../arm-none-eabi/lib/thumb/v6-m/nofp/libg.a(libc_a-sbrkr.o)
                0x10007454                _sbrk_r
 .text.__errno  0x10007478        0xc /Users/samb/.pico-sdk/toolchain/13_3_Rel1/bin/../lib/gcc/arm-none-eabi/13.3.1/../../../../arm-none-eabi/lib/thumb/v6-m/nofp/libg.a(libc_a-errno.o)
                0x10007478                __errno
 .text.sysconf  0x10007484       0x1c /Users/samb/.pico-sdk/toolchain/13_3_Rel1/bin/../lib/gcc/arm-none-eabi/13.3.1/../../../../arm-none-eabi/lib/thumb/v6-m/nofp/libg.a(libc_a-sysconf.o)
                0x10007484                sysconf
 .text          0x100074a0       0x88 /Users/samb/.pico-sdk/toolchain/13_3_Rel1/bin/../lib/gcc/arm-none-eabi/13.3.1/../../../../arm-none-eabi/lib/thumb/v6-m/nofp/libg.a(libc_a-strcmp.o)
                0x100074a0                strcmp
 .text.__retarget_lock_acquire_recursive
                0x10007528        0x4 /Users/samb/.pico-sdk/toolchain/13_3_Rel1/bin/../lib/gcc/arm-none-eabi/13.3.1/../../../../arm-none-eabi/lib/thumb/v6-m/nofp/libg.a(libc_a-lock.o)
                0x10007528                __retarget_lock_acquire_recursive
 .text.__retarget_lock_release_recursive
                0x1000752c        0x4 /Users/samb/.pico-sdk/toolchain/13_3_Rel1/bin/../lib/gcc/arm-none-eabi/13.3.1/../../../../arm-none-eabi/lib/thumb/v6-m/nofp/libg.a(libc_a-lock.o)
                0x1000752c                __retarget_lock_release_recursive
 .text.strlen   0x10007530       0x5c /Users/samb/.pico-sdk/toolchain/13_3_Rel1/bin/../lib/gcc/arm-none-eabi/13.3.1/../../../../arm-none-eabi/lib/thumb/v6-m/nofp/libg.a(libc_a-strlen-stub.o)
                0x10007530                strlen
 .text._malloc_trim_r
                0x1000758c       0xb4 /Users/samb/.pico-sdk/toolchain/13_3_Rel1/bin/../lib/gcc/arm-none-eabi/13.3.1/../../../../arm-none-eabi/lib/thumb/v6-m/nofp/libg.a(libc_a-freer.o)
                0x1000758c                _malloc_trim_r
 .text._free_r  0x10007640      0x1d4 /Users/samb/.pico-sdk/toolchain/13_3_Rel1/bin/../lib/gcc/arm-none-eabi/13.3.1/../../../../arm-none-eabi/lib/thumb/v6-m/nofp/libg.a(libc_a-freer.o)
                0x10007640                _free_r
 .text._sungetc_r
                0x10007814       0x80 /Users/samb/.pico-sdk/toolchain/13_3_Rel1/bin/../lib/gcc/arm-none-eabi/13.3.1/../../../../arm-none-eabi/lib/thumb/v6-m/nofp/libg.a(libc_a-svfiscanf.o)
                0x10007814                _sungetc_r
 .text.__ssrefill_r
                0x10007894       0x40 /Users/samb/.pico-sdk/toolchain/13_3_Rel1/bin/../lib/gcc/arm-none-eabi/13.3.1/../../../../arm-none-eabi/lib/thumb/v6-m/nofp/libg.a(libc_a-svfiscanf.o)
                0x10007894                __ssrefill_r
 .text._sfread_r
                0x100078d4       0xbc /Users/samb/.pico-sdk/toolchain/13_3_Rel1/bin/../lib/gcc/arm-none-eabi/13.3.1/../../../../arm-none-eabi/lib/thumb/v6-m/nofp/libg.a(libc_a-svfiscanf.o)
                0x100078d4                _sfread_r
 .text.__ssvfscanf_r
                0x10007990     0x18bc /Users/samb/.pico-sdk/toolchain/13_3_Rel1/bin/../lib/gcc/arm-none-eabi/13.3.1/../../../../arm-none-eabi/lib/thumb/v6-m/nofp/libg.a(libc_a-svfscanf.o)
                0x10007990                __ssvfscanf_r
 .text.sulp     0x1000924c       0x30 /Users/samb/.pico-sdk/toolchain/13_3_Rel1/bin/../lib/gcc/arm-none-eabi/13.3.1/../../../../arm-none-eabi/lib/thumb/v6-m/nofp/libg.a(libc_a-strtod.o)
 .text._strtod_l
                0x1000927c      0xeb8 /Users/samb/.pico-sdk/toolchain/13_3_Rel1/bin/../lib/gcc/arm-none-eabi/13.3.1/../../../../arm-none-eabi/lib/thumb/v6-m/nofp/libg.a(libc_a-strtod.o)
                0x1000927c                _strtod_l
 .text._strtod_r
                0x1000a134       0x10 /Users/samb/.pico-sdk/toolchain/13_3_Rel1/bin/../lib/gcc/arm-none-eabi/13.3.1/../../../../arm-none-eabi/lib/thumb/v6-m/nofp/libg.a(libc_a-strtod.o)
                0x1000a134                _strtod_r
 .text._strtol_l.isra.0
                0x1000a144      0x158 /Users/samb/.pico-sdk/toolchain/13_3_Rel1/bin/../lib/gcc/arm-none-eabi/13.3.1/../../../../arm-none-eabi/lib/thumb/v6-m/nofp/libg.a(libc_a-strtol.o)
 .text._strtol_r
                0x1000a29c        0x8 /Users/samb/.pico-sdk/toolchain/13_3_Rel1/bin/../lib/gcc/arm-none-eabi/13.3.1/../../../../arm-none-eabi/lib/thumb/v6-m/nofp/libg.a(libc_a-strtol.o)
                0x1000a29c                _strtol_r
 .text._strtoul_l.isra.0
                0x1000a2a4      0x144 /Users/samb/.pico-sdk/toolchain/13_3_Rel1/bin/../lib/gcc/arm-none-eabi/13.3.1/../../../../arm-none-eabi/lib/thumb/v6-m/nofp/libg.a(libc_a-strtoul.o)
 .text._strtoul_r
                0x1000a3e8        0x8 /Users/samb/.pico-sdk/toolchain/13_3_Rel1/bin/../lib/gcc/arm-none-eabi/13.3.1/../../../../arm-none-eabi/lib/thumb/v6-m/nofp/libg.a(libc_a-strtoul.o)
                0x1000a3e8                _strtoul_r
 .text.__sccl   0x1000a3f0       0x80 /Users/samb/.pico-sdk/toolchain/13_3_Rel1/bin/../lib/gcc/arm-none-eabi/13.3.1/../../../../arm-none-eabi/lib/thumb/v6-m/nofp/libg.a(libc_a-sccl.o)
                0x1000a3f0                __sccl
 .text.__submore
                0x1000a470       0x84 /Users/samb/.pico-sdk/toolchain/13_3_Rel1/bin/../lib/gcc/arm-none-eabi/13.3.1/../../../../arm-none-eabi/lib/thumb/v6-m/nofp/libg.a(libc_a-ungetc.o)
                0x1000a470                __submore
 .text.strncmp  0x1000a4f4       0x74 /Users/samb/.pico-sdk/toolchain/13_3_Rel1/bin/../lib/gcc/arm-none-eabi/13.3.1/../../../../arm-none-eabi/lib/thumb/v6-m/nofp/libg.a(libc_a-strncmp.o)
                0x1000a4f4                strncmp
 .text.stpncpy  0x1000a568       0x78 /Users/samb/.pico-sdk/toolchain/13_3_Rel1/bin/../lib/gcc/arm-none-eabi/13.3.1/../../../../arm-none-eabi/lib/thumb/v6-m/nofp/libg.a(libc_a-stpncpy.o)
                0x1000a568                stpncpy
 .text.__locale_mb_cur_max
                0x1000a5e0       0x10 /Users/samb/.pico-sdk/toolchain/13_3_Rel1/bin/../lib/gcc/arm-none-eabi/13.3.1/../../../../arm-none-eabi/lib/thumb/v6-m/nofp/libg.a(libc_a-locale.o)
                0x1000a5e0                __locale_mb_cur_max
 .text._localeconv_r
                0x1000a5f0        0x8 /Users/samb/.pico-sdk/toolchain/13_3_Rel1/bin/../lib/gcc/arm-none-eabi/13.3.1/../../../../arm-none-eabi/lib/thumb/v6-m/nofp/libg.a(libc_a-localeconv.o)
                0x1000a5f0                _localeconv_r
 .text._strtoll_l.isra.0
                0x1000a5f8      0x1a0 /Users/samb/.pico-sdk/toolchain/13_3_Rel1/bin/../lib/gcc/arm-none-eabi/13.3.1/../../../../arm-none-eabi/lib/thumb/v6-m/nofp/libg.a(libc_a-strtoll.o)
 .text._strtoll_r
                0x1000a798        0x8 /Users/samb/.pico-sdk/toolchain/13_3_Rel1/bin/../lib/gcc/arm-none-eabi/13.3.1/../../../../arm-none-eabi/lib/thumb/v6-m/nofp/libg.a(libc_a-strtoll.o)
                0x1000a798                _strtoll_r
 .text._strtoull_l.isra.0
                0x1000a7a0      0x1c4 /Users/samb/.pico-sdk/toolchain/13_3_Rel1/bin/../lib/gcc/arm-none-eabi/13.3.1/../../../../arm-none-eabi/lib/thumb/v6-m/nofp/libg.a(libc_a-strtoull.o)
 .text._strtoull_r
                0x1000a964        0x8 /Users/samb/.pico-sdk/toolchain/13_3_Rel1/bin/../lib/gcc/arm-none-eabi/13.3.1/../../../../arm-none-eabi/lib/thumb/v6-m/nofp/libg.a(libc_a-strtoull.o)
                0x1000a964                _strtoull_r
 .text._mbrtowc_r
                0x1000a96c       0x54 /Users/samb/.pico-sdk/toolchain/13_3_Rel1/bin/../lib/gcc/arm-none-eabi/13.3.1/../../../../arm-none-eabi/lib/thumb/v6-m/nofp/libg.a(libc_a-mbrtowc.o)
                0x1000a96c                _mbrtowc_r
 .text.iswspace
                0x1000a9c0        0xc /Users/samb/.pico-sdk/toolchain/13_3_Rel1/bin/../lib/gcc/arm-none-eabi/13.3.1/../../../../arm-none-eabi/lib/thumb/v6-m/nofp/libg.a(libc_a-iswspace.o)
                0x1000a9c0                iswspace
 .text.iswspace_l
                0x1000a9cc       0x24 /Users/samb/.pico-sdk/toolchain/13_3_Rel1/bin/../lib/gcc/arm-none-eabi/13.3.1/../../../../arm-none-eabi/lib/thumb/v6-m/nofp/libg.a(libc_a-iswspace_l.o)
                0x1000a9cc                iswspace_l
 .text.nan      0x1000a9f0        0xc /Users/samb/.pico-sdk/toolchain/13_3_Rel1/bin/../lib/gcc/arm-none-eabi/13.3.1/../../../../arm-none-eabi/lib/thumb/v6-m/nofp/libg.a(libm_a-s_nan.o)
                0x1000a9f0                nan
 .text.nanf     0x1000a9fc        0x8 /Users/samb/.pico-sdk/toolchain/13_3_Rel1/bin/../lib/gcc/arm-none-eabi/13.3.1/../../../../arm-none-eabi/lib/thumb/v6-m/nofp/libg.a(libm_a-sf_nan.o)
                0x1000a9fc                nanf
 .text.__jp2uc  0x1000aa04      0x154 /Users/samb/.pico-sdk/toolchain/13_3_Rel1/bin/../lib/gcc/arm-none-eabi/13.3.1/../../../../arm-none-eabi/lib/thumb/v6-m/nofp/libg.a(libc_a-jp2uc.o)
 .text._jp2uc_l
                0x1000ab58       0x68 /Users/samb/.pico-sdk/toolchain/13_3_Rel1/bin/../lib/gcc/arm-none-eabi/13.3.1/../../../../arm-none-eabi/lib/thumb/v6-m/nofp/libg.a(libc_a-jp2uc.o)
                0x1000ab58                _jp2uc_l
 .text.category
                0x1000abc0       0x54 /Users/samb/.pico-sdk/toolchain/13_3_Rel1/bin/../lib/gcc/arm-none-eabi/13.3.1/../../../../arm-none-eabi/lib/thumb/v6-m/nofp/libg.a(libc_a-categories.o)
                0x1000abc0                category
 .text.rshift   0x1000ac14       0xb0 /Users/samb/.pico-sdk/toolchain/13_3_Rel1/bin/../lib/gcc/arm-none-eabi/13.3.1/../../../../arm-none-eabi/lib/thumb/v6-m/nofp/libg.a(libc_a-gdtoa-gethex.o)
 .text.__gethex
                0x1000acc4      0x5a8 /Users/samb/.pico-sdk/toolchain/13_3_Rel1/bin/../lib/gcc/arm-none-eabi/13.3.1/../../../../arm-none-eabi/lib/thumb/v6-m/nofp/libg.a(libc_a-gdtoa-gethex.o)
                0x1000acc4                __gethex
 .text.__match  0x1000b26c       0x2c /Users/samb/.pico-sdk/toolchain/13_3_Rel1/bin/../lib/gcc/arm-none-eabi/13.3.1/../../../../arm-none-eabi/lib/thumb/v6-m/nofp/libg.a(libc_a-gdtoa-hexnan.o)
                0x1000b26c                __match
 .text.__hexnan
                0x1000b298      0x204 /Users/samb/.pico-sdk/toolchain/13_3_Rel1/bin/../lib/gcc/arm-none-eabi/13.3.1/../../../../arm-none-eabi/lib/thumb/v6-m/nofp/libg.a(libc_a-gdtoa-hexnan.o)
                0x1000b298                __hexnan
 .text.__ascii_mbtowc
                0x1000b49c       0x2c /Users/samb/.pico-sdk/toolchain/13_3_Rel1/bin/../lib/gcc/arm-none-eabi/13.3.1/../../../../arm-none-eabi/lib/thumb/v6-m/nofp/libg.a(libc_a-mbtowc_r.o)
                0x1000b49c                __ascii_mbtowc
 .text._Balloc  0x1000b4c8       0x50 /Users/samb/.pico-sdk/toolchain/13_3_Rel1/bin/../lib/gcc/arm-none-eabi/13.3.1/../../../../arm-none-eabi/lib/thumb/v6-m/nofp/libg.a(libc_a-mprec.o)
                0x1000b4c8                _Balloc
 .text._Bfree   0x1000b518       0x14 /Users/samb/.pico-sdk/toolchain/13_3_Rel1/bin/../lib/gcc/arm-none-eabi/13.3.1/../../../../arm-none-eabi/lib/thumb/v6-m/nofp/libg.a(libc_a-mprec.o)
                0x1000b518                _Bfree
 .text.__multadd
                0x1000b52c       0xa8 /Users/samb/.pico-sdk/toolchain/13_3_Rel1/bin/../lib/gcc/arm-none-eabi/13.3.1/../../../../arm-none-eabi/lib/thumb/v6-m/nofp/libg.a(libc_a-mprec.o)
                0x1000b52c                __multadd
 .text.__s2b    0x1000b5d4       0xb0 /Users/samb/.pico-sdk/toolchain/13_3_Rel1/bin/../lib/gcc/arm-none-eabi/13.3.1/../../../../arm-none-eabi/lib/thumb/v6-m/nofp/libg.a(libc_a-mprec.o)
                0x1000b5d4                __s2b
 .text.__hi0bits
                0x1000b684       0x4c /Users/samb/.pico-sdk/toolchain/13_3_Rel1/bin/../lib/gcc/arm-none-eabi/13.3.1/../../../../arm-none-eabi/lib/thumb/v6-m/nofp/libg.a(libc_a-mprec.o)
                0x1000b684                __hi0bits
 .text.__lo0bits
                0x1000b6d0       0x5c /Users/samb/.pico-sdk/toolchain/13_3_Rel1/bin/../lib/gcc/arm-none-eabi/13.3.1/../../../../arm-none-eabi/lib/thumb/v6-m/nofp/libg.a(libc_a-mprec.o)
                0x1000b6d0                __lo0bits
 .text.__i2b    0x1000b72c       0x60 /Users/samb/.pico-sdk/toolchain/13_3_Rel1/bin/../lib/gcc/arm-none-eabi/13.3.1/../../../../arm-none-eabi/lib/thumb/v6-m/nofp/libg.a(libc_a-mprec.o)
                0x1000b72c                __i2b
 .text.__multiply
                0x1000b78c      0x1ac /Users/samb/.pico-sdk/toolchain/13_3_Rel1/bin/../lib/gcc/arm-none-eabi/13.3.1/../../../../arm-none-eabi/lib/thumb/v6-m/nofp/libg.a(libc_a-mprec.o)
                0x1000b78c                __multiply
 .text.__pow5mult
                0x1000b938       0xd0 /Users/samb/.pico-sdk/toolchain/13_3_Rel1/bin/../lib/gcc/arm-none-eabi/13.3.1/../../../../arm-none-eabi/lib/thumb/v6-m/nofp/libg.a(libc_a-mprec.o)
                0x1000b938                __pow5mult
 .text.__lshift
                0x1000ba08       0xfc /Users/samb/.pico-sdk/toolchain/13_3_Rel1/bin/../lib/gcc/arm-none-eabi/13.3.1/../../../../arm-none-eabi/lib/thumb/v6-m/nofp/libg.a(libc_a-mprec.o)
                0x1000ba08                __lshift
 .text.__mcmp   0x1000bb04       0x3c /Users/samb/.pico-sdk/toolchain/13_3_Rel1/bin/../lib/gcc/arm-none-eabi/13.3.1/../../../../arm-none-eabi/lib/thumb/v6-m/nofp/libg.a(libc_a-mprec.o)
                0x1000bb04                __mcmp
 .text.__mdiff  0x1000bb40      0x1b4 /Users/samb/.pico-sdk/toolchain/13_3_Rel1/bin/../lib/gcc/arm-none-eabi/13.3.1/../../../../arm-none-eabi/lib/thumb/v6-m/nofp/libg.a(libc_a-mprec.o)
                0x1000bb40                __mdiff
 .text.__ulp    0x1000bcf4       0x40 /Users/samb/.pico-sdk/toolchain/13_3_Rel1/bin/../lib/gcc/arm-none-eabi/13.3.1/../../../../arm-none-eabi/lib/thumb/v6-m/nofp/libg.a(libc_a-mprec.o)
                0x1000bcf4                __ulp
 .text.__b2d    0x1000bd34       0xb8 /Users/samb/.pico-sdk/toolchain/13_3_Rel1/bin/../lib/gcc/arm-none-eabi/13.3.1/../../../../arm-none-eabi/lib/thumb/v6-m/nofp/libg.a(libc_a-mprec.o)
                0x1000bd34                __b2d
 .text.__d2b    0x1000bdec       0xcc /Users/samb/.pico-sdk/toolchain/13_3_Rel1/bin/../lib/gcc/arm-none-eabi/13.3.1/../../../../arm-none-eabi/lib/thumb/v6-m/nofp/libg.a(libc_a-mprec.o)
                0x1000bdec                __d2b
 .text.__ratio  0x1000beb8       0x68 /Users/samb/.pico-sdk/toolchain/13_3_Rel1/bin/../lib/gcc/arm-none-eabi/13.3.1/../../../../arm-none-eabi/lib/thumb/v6-m/nofp/libg.a(libc_a-mprec.o)
                0x1000beb8                __ratio
 .text.__copybits
                0x1000bf20       0x40 /Users/samb/.pico-sdk/toolchain/13_3_Rel1/bin/../lib/gcc/arm-none-eabi/13.3.1/../../../../arm-none-eabi/lib/thumb/v6-m/nofp/libg.a(libc_a-mprec.o)
                0x1000bf20                __copybits
 .text.__any_on
                0x1000bf60       0x4c /Users/samb/.pico-sdk/toolchain/13_3_Rel1/bin/../lib/gcc/arm-none-eabi/13.3.1/../../../../arm-none-eabi/lib/thumb/v6-m/nofp/libg.a(libc_a-mprec.o)
                0x1000bf60                __any_on
 .text.__ascii_wctomb
                0x1000bfac       0x1c /Users/samb/.pico-sdk/toolchain/13_3_Rel1/bin/../lib/gcc/arm-none-eabi/13.3.1/../../../../arm-none-eabi/lib/thumb/v6-m/nofp/libg.a(libc_a-wctomb_r.o)
                0x1000bfac                __ascii_wctomb
 *(.fini)
 .fini          0x1000bfc8        0x4 /Users/samb/.pico-sdk/toolchain/13_3_Rel1/bin/../lib/gcc/arm-none-eabi/13.3.1/thumb/v6-m/nofp/crti.o
                0x1000bfc8                _fini
 *fill*         0x1000bfcc        0x4 
 .fini.__stub   0x1000bfd0      0x180 linker stubs
 *crtbegin.o(.ctors)
 *crtbegin?.o(.ctors)
 *(EXCLUDE_FILE(*crtend.o *crtend?.o) .ctors)
 *(SORT_BY_NAME(.ctors.*))
 *(.ctors)
 *crtbegin.o(.dtors)
 *crtbegin?.o(.dtors)
 *(EXCLUDE_FILE(*crtend.o *crtend?.o) .dtors)
 *(SORT_BY_NAME(.dtors.*))
 *(.dtors)
                0x1000c150                        . = ALIGN (0x4)
                0x1000c150                        PROVIDE (__preinit_array_start = .)
 *(SORT_BY_NAME(.preinit_array.*))
 .preinit_array.00100
                0x1000c150        0x4 CMakeFiles/galton.dir/Users/samb/.pico-sdk/sdk/2.1.0/src/rp2_common/pico_runtime_init/runtime_init.c.o
                0x1000c150                __pre_init_runtime_init_early_resets
 .preinit_array.00101
                0x1000c154        0x4 CMakeFiles/galton.dir/Users/samb/.pico-sdk/sdk/2.1.0/src/rp2_common/pico_runtime_init/runtime_init.c.o
                0x1000c154                __pre_init_runtime_init_usb_power_down
 .preinit_array.00275
                0x1000c158        0x4 CMakeFiles/galton.dir/Users/samb/.pico-sdk/sdk/2.1.0/src/rp2_common/pico_bit_ops/bit_ops_aeabi.S.o
 .preinit_array.00300
                0x1000c15c        0x4 CMakeFiles/galton.dir/Users/samb/.pico-sdk/sdk/2.1.0/src/rp2_common/pico_mem_ops/mem_ops_aeabi.S.o
 .preinit_array.00350
                0x1000c160        0x4 CMakeFiles/galton.dir/Users/samb/.pico-sdk/sdk/2.1.0/src/rp2_common/pico_double/double_aeabi_rp2040.S.o
 .preinit_array.00350
                0x1000c164        0x4 CMakeFiles/galton.dir/Users/samb/.pico-sdk/sdk/2.1.0/src/rp2_common/pico_float/float_aeabi_rp2040.S.o
 .preinit_array.00500
                0x1000c168        0x4 CMakeFiles/galton.dir/Users/samb/.pico-sdk/sdk/2.1.0/src/rp2_common/pico_runtime_init/runtime_init.c.o
                0x1000c168                __pre_init_runtime_init_clocks
 .preinit_array.00600
                0x1000c16c        0x4 CMakeFiles/galton.dir/Users/samb/.pico-sdk/sdk/2.1.0/src/rp2_common/pico_runtime_init/runtime_init.c.o
                0x1000c16c                __pre_init_runtime_init_post_clock_resets
 .preinit_array.00700
                0x1000c170        0x4 CMakeFiles/galton.dir/Users/samb/.pico-sdk/sdk/2.1.0/src/rp2_common/pico_runtime_init/runtime_init.c.o
                0x1000c170                __pre_init_runtime_init_rp2040_gpio_ie_disable
 .preinit_array.01000
                0x1000c174        0x4 CMakeFiles/galton.dir/Users/samb/.pico-sdk/sdk/2.1.0/src/rp2_common/pico_runtime_init/runtime_init.c.o
                0x1000c174                __pre_init_runtime_init_spin_locks_reset
 .preinit_array.01100
                0x1000c178        0x4 CMakeFiles/galton.dir/Users/samb/.pico-sdk/sdk/2.1.0/src/common/pico_sync/mutex.c.o
                0x1000c178                __pre_init_runtime_init_mutex
 .preinit_array.10080
                0x1000c17c        0x4 CMakeFiles/galton.dir/Users/samb/.pico-sdk/sdk/2.1.0/src/rp2_common/pico_runtime_init/runtime_init.c.o
                0x1000c17c                __pre_init_runtime_init_install_ram_vector_table
 .preinit_array.11000
                0x1000c180        0x4 CMakeFiles/galton.dir/Users/samb/.pico-sdk/sdk/2.1.0/src/common/pico_time/time.c.o
                0x1000c180                __pre_init_runtime_init_default_alarm_pool
 .preinit_array.YYYYY
                0x1000c184        0x4 CMakeFiles/galton.dir/Users/samb/.pico-sdk/sdk/2.1.0/src/rp2_common/pico_runtime/runtime.c.o
                0x1000c184                __pre_init_first_per_core_initializer
 .preinit_array.ZZZZZ.01200
                0x1000c188        0x4 CMakeFiles/galton.dir/Users/samb/.pico-sdk/sdk/2.1.0/src/rp2_common/hardware_irq/irq.c.o
                0x1000c188                __pre_init_runtime_init_per_core_irq_priorities
 *(.preinit_array)
                0x1000c18c                        PROVIDE (__preinit_array_end = .)
                0x1000c18c                        . = ALIGN (0x4)
                0x1000c18c                        PROVIDE (__init_array_start = .)
 *(SORT_BY_NAME(.init_array.*))
 *(.init_array)
 .init_array    0x1000c18c        0x4 /Users/samb/.pico-sdk/toolchain/13_3_Rel1/bin/../lib/gcc/arm-none-eabi/13.3.1/thumb/v6-m/nofp/crtbegin.o
 .init_array    0x1000c190        0x4 CMakeFiles/galton.dir/Users/samb/.pico-sdk/sdk/2.1.0/src/rp2_common/pico_bootsel_via_double_reset/pico_bootsel_via_double_reset.c.o
                0x1000c194                        PROVIDE (__init_array_end = .)
                0x1000c194                        . = ALIGN (0x4)
                [!provide]                        PROVIDE (__fini_array_start = .)
 *(SORT_BY_NAME(.fini_array.*))
 *(.fini_array)
                [!provide]                        PROVIDE (__fini_array_end = .)
 *(.eh_frame*)
 .eh_frame      0x1000c194        0x0 /Users/samb/.pico-sdk/toolchain/13_3_Rel1/bin/../lib/gcc/arm-none-eabi/13.3.1/thumb/v6-m/nofp/crtbegin.o
                0x1000c194                        . = ALIGN (0x4)

.glue_7         0x1000c194        0x0
 .glue_7        0x1000c194        0x0 linker stubs

.glue_7t        0x1000c194        0x0
 .glue_7t       0x1000c194        0x0 linker stubs

.vfp11_veneer   0x1000c194        0x0
 .vfp11_veneer  0x1000c194        0x0 linker stubs

.v4_bx          0x1000c194        0x0
 .v4_bx         0x1000c194        0x0 linker stubs

.iplt           0x1000c194        0x0
 .iplt          0x1000c194        0x0 /Users/samb/.pico-sdk/toolchain/13_3_Rel1/bin/../lib/gcc/arm-none-eabi/13.3.1/thumb/v6-m/nofp/crtbegin.o

.rodata         0x1000c198     0x78a8
 *(EXCLUDE_FILE(*libm.a: *libc.a:*lib_a-mem*.o *libgcc.a:) .rodata*)
 .rodata.protothread_serial.str1.4
                0x1000c198      0x2e6 CMakeFiles/galton.dir/src/main.c.o
                                 0x43 (size before relaxing)
 *fill*         0x1000c47e        0x2 
 .rodata.SPAWN_POINT
                0x1000c480        0x8 CMakeFiles/galton.dir/src/ball.c.o
 .rodata.GRAVITY
                0x1000c488        0x8 CMakeFiles/galton.dir/src/ball.c.o
 .rodata.rgb_program
                0x1000c490        0x8 CMakeFiles/galton.dir/src/vga16_graphics.c.o
 .rodata.rgb_program_instructions
                0x1000c498       0x12 CMakeFiles/galton.dir/src/vga16_graphics.c.o
 *fill*         0x1000c4aa        0x2 
 .rodata.vsync_program
                0x1000c4ac        0x8 CMakeFiles/galton.dir/src/vga16_graphics.c.o
 .rodata.vsync_program_instructions
                0x1000c4b4       0x1c CMakeFiles/galton.dir/src/vga16_graphics.c.o
 .rodata.hsync_program
                0x1000c4d0        0x8 CMakeFiles/galton.dir/src/vga16_graphics.c.o
 .rodata.hsync_program_instructions
                0x1000c4d8       0x12 CMakeFiles/galton.dir/src/vga16_graphics.c.o
 .rodata.panic.str1.4
                0x1000c4ea       0x12 CMakeFiles/galton.dir/Users/samb/.pico-sdk/sdk/2.1.0/src/rp2_common/pico_platform_panic/panic.c.o
 .rodata.timer_hardware_alarm_claim.str1.4
                0x1000c4ea       0x22 CMakeFiles/galton.dir/Users/samb/.pico-sdk/sdk/2.1.0/src/rp2_common/hardware_timer/timer.c.o
 .rodata.hard_assertion_failure.str1.4
                0x1000c4ea        0xc CMakeFiles/galton.dir/Users/samb/.pico-sdk/sdk/2.1.0/src/rp2_common/pico_runtime/runtime.c.o
 .rodata.__wrap_malloc.str1.4
                0x1000c4ea        0xe CMakeFiles/galton.dir/Users/samb/.pico-sdk/sdk/2.1.0/src/rp2_common/pico_malloc/malloc.c.o
 .rodata.str1.4
                0x1000c4ea       0x3c CMakeFiles/galton.dir/Users/samb/.pico-sdk/sdk/2.1.0/src/rp2_common/pico_standard_binary_info/standard_binary_info.c.o
 *fill*         0x1000c4ea        0x2 
 .rodata.__bi_84
                0x1000c4ec        0xc CMakeFiles/galton.dir/Users/samb/.pico-sdk/sdk/2.1.0/src/rp2_common/pico_standard_binary_info/standard_binary_info.c.o
 .rodata.__bi_78
                0x1000c4f8        0xc CMakeFiles/galton.dir/Users/samb/.pico-sdk/sdk/2.1.0/src/rp2_common/pico_standard_binary_info/standard_binary_info.c.o
 .rodata.__bi_54
                0x1000c504        0xc CMakeFiles/galton.dir/Users/samb/.pico-sdk/sdk/2.1.0/src/rp2_common/pico_standard_binary_info/standard_binary_info.c.o
 .rodata.__bi_48
                0x1000c510        0xc CMakeFiles/galton.dir/Users/samb/.pico-sdk/sdk/2.1.0/src/rp2_common/pico_standard_binary_info/standard_binary_info.c.o
 .rodata.__bi_42
                0x1000c51c        0xc CMakeFiles/galton.dir/Users/samb/.pico-sdk/sdk/2.1.0/src/rp2_common/pico_standard_binary_info/standard_binary_info.c.o
 .rodata.__bi_34
                0x1000c528        0xc CMakeFiles/galton.dir/Users/samb/.pico-sdk/sdk/2.1.0/src/rp2_common/pico_standard_binary_info/standard_binary_info.c.o
 .rodata.__bi_26
                0x1000c534        0xc CMakeFiles/galton.dir/Users/samb/.pico-sdk/sdk/2.1.0/src/rp2_common/pico_standard_binary_info/standard_binary_info.c.o
 .rodata._ftoa.str1.4
                0x1000c540       0x15 CMakeFiles/galton.dir/Users/samb/.pico-sdk/sdk/2.1.0/src/rp2_common/pico_printf/printf.c.o
 .rodata._vsnprintf
                0x1000c540      0x19c CMakeFiles/galton.dir/Users/samb/.pico-sdk/sdk/2.1.0/src/rp2_common/pico_printf/printf.c.o
 *fill*         0x1000c6dc        0x4 
 .rodata.pow10.0
                0x1000c6e0       0x50 CMakeFiles/galton.dir/Users/samb/.pico-sdk/sdk/2.1.0/src/rp2_common/pico_printf/printf.c.o
 .rodata.__assert_func.str1.4
                0x1000c730       0x43 CMakeFiles/galton.dir/Users/samb/.pico-sdk/sdk/2.1.0/src/rp2_common/pico_clib_interface/newlib_interface.c.o
 .rodata.crlf_str.0
                0x1000c730        0x2 CMakeFiles/galton.dir/Users/samb/.pico-sdk/sdk/2.1.0/src/rp2_common/pico_stdio/stdio.c.o
 .rodata.str1.4
                0x1000c732       0x2c CMakeFiles/galton.dir/Users/samb/.pico-sdk/sdk/2.1.0/src/rp2_common/pico_stdio_uart/stdio_uart.c.o
 *fill*         0x1000c732        0x2 
 .rodata.__bi_45.4
                0x1000c734        0xc CMakeFiles/galton.dir/Users/samb/.pico-sdk/sdk/2.1.0/src/rp2_common/pico_stdio_uart/stdio_uart.c.o
 .rodata.__bi_49.5
                0x1000c740        0x8 CMakeFiles/galton.dir/Users/samb/.pico-sdk/sdk/2.1.0/src/rp2_common/pico_stdio_uart/stdio_uart.c.o
 .rodata.__bi_50.6
                0x1000c748        0x8 CMakeFiles/galton.dir/Users/samb/.pico-sdk/sdk/2.1.0/src/rp2_common/pico_stdio_uart/stdio_uart.c.o
 .rodata.str1.4
                0x1000c750       0x18 CMakeFiles/galton.dir/Users/samb/.pico-sdk/sdk/2.1.0/src/rp2_common/pico_bootsel_via_double_reset/pico_bootsel_via_double_reset.c.o
 .rodata.__bi_50
                0x1000c750        0xc CMakeFiles/galton.dir/Users/samb/.pico-sdk/sdk/2.1.0/src/rp2_common/pico_bootsel_via_double_reset/pico_bootsel_via_double_reset.c.o
 .rodata.dma_claim_unused_channel.str1.4
                0x1000c75c       0x1e CMakeFiles/galton.dir/Users/samb/.pico-sdk/sdk/2.1.0/src/rp2_common/hardware_dma/dma.c.o
 .rodata.__ssvfscanf_r.str1.4
                0x1000c75c        0x9 /Users/samb/.pico-sdk/toolchain/13_3_Rel1/bin/../lib/gcc/arm-none-eabi/13.3.1/../../../../arm-none-eabi/lib/thumb/v6-m/nofp/libg.a(libc_a-svfscanf.o)
 .rodata.__ssvfscanf_r
                0x1000c75c      0x3cc /Users/samb/.pico-sdk/toolchain/13_3_Rel1/bin/../lib/gcc/arm-none-eabi/13.3.1/../../../../arm-none-eabi/lib/thumb/v6-m/nofp/libg.a(libc_a-svfscanf.o)
 .rodata.basefix.0
                0x1000cb28       0x22 /Users/samb/.pico-sdk/toolchain/13_3_Rel1/bin/../lib/gcc/arm-none-eabi/13.3.1/../../../../arm-none-eabi/lib/thumb/v6-m/nofp/libg.a(libc_a-svfscanf.o)
 .rodata._strtod_l.str1.4
                0x1000cb4a       0x15 /Users/samb/.pico-sdk/toolchain/13_3_Rel1/bin/../lib/gcc/arm-none-eabi/13.3.1/../../../../arm-none-eabi/lib/thumb/v6-m/nofp/libg.a(libc_a-strtod.o)
 *fill*         0x1000cb4a        0x2 
 .rodata._strtod_l
                0x1000cb4c       0xd0 /Users/samb/.pico-sdk/toolchain/13_3_Rel1/bin/../lib/gcc/arm-none-eabi/13.3.1/../../../../arm-none-eabi/lib/thumb/v6-m/nofp/libg.a(libc_a-strtod.o)
 .rodata.fpinan.0
                0x1000cc1c       0x14 /Users/samb/.pico-sdk/toolchain/13_3_Rel1/bin/../lib/gcc/arm-none-eabi/13.3.1/../../../../arm-none-eabi/lib/thumb/v6-m/nofp/libg.a(libc_a-strtod.o)
 .rodata.fpi.1  0x1000cc30       0x14 /Users/samb/.pico-sdk/toolchain/13_3_Rel1/bin/../lib/gcc/arm-none-eabi/13.3.1/../../../../arm-none-eabi/lib/thumb/v6-m/nofp/libg.a(libc_a-strtod.o)
 *fill*         0x1000cc44        0x4 
 .rodata.tinytens
                0x1000cc48       0x28 /Users/samb/.pico-sdk/toolchain/13_3_Rel1/bin/../lib/gcc/arm-none-eabi/13.3.1/../../../../arm-none-eabi/lib/thumb/v6-m/nofp/libg.a(libc_a-strtod.o)
 .rodata.str1.4
                0x1000cc70       0x4c /Users/samb/.pico-sdk/toolchain/13_3_Rel1/bin/../lib/gcc/arm-none-eabi/13.3.1/../../../../arm-none-eabi/lib/thumb/v6-m/nofp/libg.a(libc_a-locale.o)
 .rodata._mbrtowc_r.str1.4
                0x1000cc70        0x1 /Users/samb/.pico-sdk/toolchain/13_3_Rel1/bin/../lib/gcc/arm-none-eabi/13.3.1/../../../../arm-none-eabi/lib/thumb/v6-m/nofp/libg.a(libc_a-mbrtowc.o)
 .rodata._ctype_
                0x1000cc70      0x101 /Users/samb/.pico-sdk/toolchain/13_3_Rel1/bin/../lib/gcc/arm-none-eabi/13.3.1/../../../../arm-none-eabi/lib/thumb/v6-m/nofp/libg.a(libc_a-ctype_.o)
                0x1000cc70                _ctype_
 *fill*         0x1000cd71        0x3 
 .rodata.__jp2uc
                0x1000cd74       0x20 /Users/samb/.pico-sdk/toolchain/13_3_Rel1/bin/../lib/gcc/arm-none-eabi/13.3.1/../../../../arm-none-eabi/lib/thumb/v6-m/nofp/libg.a(libc_a-jp2uc.o)
 .rodata._jp2uc_l.str1.4
                0x1000cd94       0x12 /Users/samb/.pico-sdk/toolchain/13_3_Rel1/bin/../lib/gcc/arm-none-eabi/13.3.1/../../../../arm-none-eabi/lib/thumb/v6-m/nofp/libg.a(libc_a-jp2uc.o)
 .rodata.d02f4  0x1000cd94     0x1a7c /Users/samb/.pico-sdk/toolchain/13_3_Rel1/bin/../lib/gcc/arm-none-eabi/13.3.1/../../../../arm-none-eabi/lib/thumb/v6-m/nofp/libg.a(libc_a-jp2uc.o)
 .rodata.b02cf  0x1000e810     0x172a /Users/samb/.pico-sdk/toolchain/13_3_Rel1/bin/../lib/gcc/arm-none-eabi/13.3.1/../../../../arm-none-eabi/lib/thumb/v6-m/nofp/libg.a(libc_a-jp2uc.o)
 *fill*         0x1000ff3a        0x2 
 .rodata.a8     0x1000ff3c       0x40 /Users/samb/.pico-sdk/toolchain/13_3_Rel1/bin/../lib/gcc/arm-none-eabi/13.3.1/../../../../arm-none-eabi/lib/thumb/v6-m/nofp/libg.a(libc_a-jp2uc.o)
 .rodata.a7     0x1000ff7c       0xa2 /Users/samb/.pico-sdk/toolchain/13_3_Rel1/bin/../lib/gcc/arm-none-eabi/13.3.1/../../../../arm-none-eabi/lib/thumb/v6-m/nofp/libg.a(libc_a-jp2uc.o)
 *fill*         0x1001001e        0x2 
 .rodata.a6     0x10010020       0x70 /Users/samb/.pico-sdk/toolchain/13_3_Rel1/bin/../lib/gcc/arm-none-eabi/13.3.1/../../../../arm-none-eabi/lib/thumb/v6-m/nofp/libg.a(libc_a-jp2uc.o)
 .rodata.a3     0x10010090       0x5b /Users/samb/.pico-sdk/toolchain/13_3_Rel1/bin/../lib/gcc/arm-none-eabi/13.3.1/../../../../arm-none-eabi/lib/thumb/v6-m/nofp/libg.a(libc_a-jp2uc.o)
 *fill*         0x100100eb        0x1 
 .rodata.a2     0x100100ec       0xbc /Users/samb/.pico-sdk/toolchain/13_3_Rel1/bin/../lib/gcc/arm-none-eabi/13.3.1/../../../../arm-none-eabi/lib/thumb/v6-m/nofp/libg.a(libc_a-jp2uc.o)
 .rodata.a1     0x100101a8       0xbc /Users/samb/.pico-sdk/toolchain/13_3_Rel1/bin/../lib/gcc/arm-none-eabi/13.3.1/../../../../arm-none-eabi/lib/thumb/v6-m/nofp/libg.a(libc_a-jp2uc.o)
 .rodata.categories
                0x10010264     0x35dc /Users/samb/.pico-sdk/toolchain/13_3_Rel1/bin/../lib/gcc/arm-none-eabi/13.3.1/../../../../arm-none-eabi/lib/thumb/v6-m/nofp/libg.a(libc_a-categories.o)
 .rodata.__gethex.str1.4
                0x10013840       0x81 /Users/samb/.pico-sdk/toolchain/13_3_Rel1/bin/../lib/gcc/arm-none-eabi/13.3.1/../../../../arm-none-eabi/lib/thumb/v6-m/nofp/libg.a(libc_a-gdtoa-gethex.o)
 .rodata.__hexdig
                0x10013840      0x100 /Users/samb/.pico-sdk/toolchain/13_3_Rel1/bin/../lib/gcc/arm-none-eabi/13.3.1/../../../../arm-none-eabi/lib/thumb/v6-m/nofp/libg.a(libc_a-gdtoa-gethex.o)
                0x10013840                __hexdig
 .rodata.__multadd.str1.4
                0x10013940       0x76 /Users/samb/.pico-sdk/toolchain/13_3_Rel1/bin/../lib/gcc/arm-none-eabi/13.3.1/../../../../arm-none-eabi/lib/thumb/v6-m/nofp/libg.a(libc_a-mprec.o)
 .rodata.p05.0  0x10013940        0xc /Users/samb/.pico-sdk/toolchain/13_3_Rel1/bin/../lib/gcc/arm-none-eabi/13.3.1/../../../../arm-none-eabi/lib/thumb/v6-m/nofp/libg.a(libc_a-mprec.o)
 *fill*         0x1001394c        0x4 
 .rodata.__mprec_bigtens
                0x10013950       0x28 /Users/samb/.pico-sdk/toolchain/13_3_Rel1/bin/../lib/gcc/arm-none-eabi/13.3.1/../../../../arm-none-eabi/lib/thumb/v6-m/nofp/libg.a(libc_a-mprec.o)
                0x10013950                __mprec_bigtens
 .rodata.__mprec_tens
                0x10013978       0xc8 /Users/samb/.pico-sdk/toolchain/13_3_Rel1/bin/../lib/gcc/arm-none-eabi/13.3.1/../../../../arm-none-eabi/lib/thumb/v6-m/nofp/libg.a(libc_a-mprec.o)
                0x10013978                __mprec_tens
                0x10013a40                        . = ALIGN (0x4)
 *(SORT_BY_ALIGNMENT(SORT_BY_NAME(.flashdata*)))
                0x10013a40                        . = ALIGN (0x4)

.ARM.extab
 *(.ARM.extab* .gnu.linkonce.armextab.*)
                0x10013a40                        __exidx_start = .

.ARM.exidx
 *(.ARM.exidx* .gnu.linkonce.armexidx.*)
                0x10013a40                        __exidx_end = .
                0x10013a40                        . = ALIGN (0x4)
                0x10013a40                        __binary_info_start = .

.binary_info    0x10013a40       0x2c
 *(.binary_info.keep.*)
 .binary_info.keep.__bi_ptr84
                0x10013a40        0x4 CMakeFiles/galton.dir/Users/samb/.pico-sdk/sdk/2.1.0/src/rp2_common/pico_standard_binary_info/standard_binary_info.c.o
 .binary_info.keep.__bi_ptr78
                0x10013a44        0x4 CMakeFiles/galton.dir/Users/samb/.pico-sdk/sdk/2.1.0/src/rp2_common/pico_standard_binary_info/standard_binary_info.c.o
 .binary_info.keep.__bi_ptr54
                0x10013a48        0x4 CMakeFiles/galton.dir/Users/samb/.pico-sdk/sdk/2.1.0/src/rp2_common/pico_standard_binary_info/standard_binary_info.c.o
 .binary_info.keep.__bi_ptr48
                0x10013a4c        0x4 CMakeFiles/galton.dir/Users/samb/.pico-sdk/sdk/2.1.0/src/rp2_common/pico_standard_binary_info/standard_binary_info.c.o
 .binary_info.keep.__bi_ptr42
                0x10013a50        0x4 CMakeFiles/galton.dir/Users/samb/.pico-sdk/sdk/2.1.0/src/rp2_common/pico_standard_binary_info/standard_binary_info.c.o
 .binary_info.keep.__bi_ptr34
                0x10013a54        0x4 CMakeFiles/galton.dir/Users/samb/.pico-sdk/sdk/2.1.0/src/rp2_common/pico_standard_binary_info/standard_binary_info.c.o
 .binary_info.keep.__bi_ptr26
                0x10013a58        0x4 CMakeFiles/galton.dir/Users/samb/.pico-sdk/sdk/2.1.0/src/rp2_common/pico_standard_binary_info/standard_binary_info.c.o
 .binary_info.keep.__bi_ptr50
                0x10013a5c        0x4 CMakeFiles/galton.dir/Users/samb/.pico-sdk/sdk/2.1.0/src/rp2_common/pico_bootsel_via_double_reset/pico_bootsel_via_double_reset.c.o
 *(.binary_info.*)
 .binary_info.__bi_ptr50
                0x10013a60        0x4 CMakeFiles/galton.dir/Users/samb/.pico-sdk/sdk/2.1.0/src/rp2_common/pico_stdio_uart/stdio_uart.c.o
 .binary_info.__bi_ptr49
                0x10013a64        0x4 CMakeFiles/galton.dir/Users/samb/.pico-sdk/sdk/2.1.0/src/rp2_common/pico_stdio_uart/stdio_uart.c.o
 .binary_info.__bi_ptr45
                0x10013a68        0x4 CMakeFiles/galton.dir/Users/samb/.pico-sdk/sdk/2.1.0/src/rp2_common/pico_stdio_uart/stdio_uart.c.o
                0x10013a6c                        __binary_info_end = .

.rel.dyn        0x10013a6c        0x0
 .rel.iplt      0x10013a6c        0x0 /Users/samb/.pico-sdk/toolchain/13_3_Rel1/bin/../lib/gcc/arm-none-eabi/13.3.1/thumb/v6-m/nofp/crtbegin.o
                0x10013a6c                        . = ALIGN (0x4)

.ram_vector_table
                0x20000000       0xc0
 *(.ram_vector_table)
 .ram_vector_table
                0x20000000       0xc0 CMakeFiles/galton.dir/Users/samb/.pico-sdk/sdk/2.1.0/src/rp2_common/pico_runtime_init/runtime_init.c.o
                0x20000000                ram_vector_table

.uninitialized_data
                0x200000c0        0xc
                0x200000c0                        . = ALIGN (0x4)
 *(.uninitialized_data*)
 .uninitialized_data.magic_location
                0x200000c0        0xc CMakeFiles/galton.dir/Users/samb/.pico-sdk/sdk/2.1.0/src/rp2_common/pico_bootsel_via_double_reset/pico_bootsel_via_double_reset.c.o

.data           0x200000d0      0xcac load address 0x10013a6c
                0x200000d0                        __data_start__ = .
 *(vtable)
 *(.time_critical*)
 .time_critical.mutex_enter_blocking
                0x200000d0       0x48 CMakeFiles/galton.dir/Users/samb/.pico-sdk/sdk/2.1.0/src/common/pico_sync/mutex.c.o
                0x200000d0                mutex_enter_blocking
 .time_critical.mutex_try_enter_block_until
                0x20000118       0x9c CMakeFiles/galton.dir/Users/samb/.pico-sdk/sdk/2.1.0/src/common/pico_sync/mutex.c.o
                0x20000118                mutex_try_enter_block_until
 .time_critical.mutex_exit
                0x200001b4       0x28 CMakeFiles/galton.dir/Users/samb/.pico-sdk/sdk/2.1.0/src/common/pico_sync/mutex.c.o
                0x200001b4                mutex_exit
 *(.text*)
 .text          0x200001dc        0x4 /Users/samb/.pico-sdk/toolchain/13_3_Rel1/bin/../lib/gcc/arm-none-eabi/13.3.1/thumb/v6-m/nofp/libgcc.a(_dvmd_tls.o)
                0x200001dc                __aeabi_ldiv0
                0x200001dc                __aeabi_idiv0
 .text.__gnu_addsa3
                0x200001e0        0x4 /Users/samb/.pico-sdk/toolchain/13_3_Rel1/bin/../lib/gcc/arm-none-eabi/13.3.1/thumb/v6-m/nofp/libgcc.a(_addSA.o)
                0x200001e0                __gnu_addsa3
 .text.__gnu_addda3
                0x200001e4        0x8 /Users/samb/.pico-sdk/toolchain/13_3_Rel1/bin/../lib/gcc/arm-none-eabi/13.3.1/thumb/v6-m/nofp/libgcc.a(_addDA.o)
                0x200001e4                __gnu_addda3
 .text.__gnu_subsa3
                0x200001ec        0x4 /Users/samb/.pico-sdk/toolchain/13_3_Rel1/bin/../lib/gcc/arm-none-eabi/13.3.1/thumb/v6-m/nofp/libgcc.a(_subSA.o)
                0x200001ec                __gnu_subsa3
 .text.__gnu_subda3
                0x200001f0        0x8 /Users/samb/.pico-sdk/toolchain/13_3_Rel1/bin/../lib/gcc/arm-none-eabi/13.3.1/thumb/v6-m/nofp/libgcc.a(_subDA.o)
                0x200001f0                __gnu_subda3
 .text.__gnu_negsa2
                0x200001f8        0x4 /Users/samb/.pico-sdk/toolchain/13_3_Rel1/bin/../lib/gcc/arm-none-eabi/13.3.1/thumb/v6-m/nofp/libgcc.a(_negSA.o)
                0x200001f8                __gnu_negsa2
 .text.__gnu_mulsa3
                0x200001fc        0xc /Users/samb/.pico-sdk/toolchain/13_3_Rel1/bin/../lib/gcc/arm-none-eabi/13.3.1/thumb/v6-m/nofp/libgcc.a(_mulSA.o)
                0x200001fc                __gnu_mulsa3
 .text.__gnu_mulda3
                0x20000208       0x10 /Users/samb/.pico-sdk/toolchain/13_3_Rel1/bin/../lib/gcc/arm-none-eabi/13.3.1/thumb/v6-m/nofp/libgcc.a(_mulDA.o)
                0x20000208                __gnu_mulda3
 .text.__gnu_mulhelpersa
                0x20000218       0x3c /Users/samb/.pico-sdk/toolchain/13_3_Rel1/bin/../lib/gcc/arm-none-eabi/13.3.1/thumb/v6-m/nofp/libgcc.a(_mulhelperSA.o)
                0x20000218                __gnu_mulhelpersa
 .text.__gnu_mulhelperda
                0x20000254      0x190 /Users/samb/.pico-sdk/toolchain/13_3_Rel1/bin/../lib/gcc/arm-none-eabi/13.3.1/thumb/v6-m/nofp/libgcc.a(_mulhelperDA.o)
                0x20000254                __gnu_mulhelperda
 .text.__gnu_cmpsa2
                0x200003e4       0x14 /Users/samb/.pico-sdk/toolchain/13_3_Rel1/bin/../lib/gcc/arm-none-eabi/13.3.1/thumb/v6-m/nofp/libgcc.a(_cmpSA.o)
                0x200003e4                __gnu_cmpsa2
 .text.__gnu_cmpda2
                0x200003f8       0x24 /Users/samb/.pico-sdk/toolchain/13_3_Rel1/bin/../lib/gcc/arm-none-eabi/13.3.1/thumb/v6-m/nofp/libgcc.a(_cmpDA.o)
                0x200003f8                __gnu_cmpda2
 .text.__gnu_saturate1sa
                0x2000041c       0x40 /Users/samb/.pico-sdk/toolchain/13_3_Rel1/bin/../lib/gcc/arm-none-eabi/13.3.1/thumb/v6-m/nofp/libgcc.a(_saturate1SA.o)
                0x2000041c                __gnu_saturate1sa
 .text.__gnu_saturate2da
                0x2000045c       0x60 /Users/samb/.pico-sdk/toolchain/13_3_Rel1/bin/../lib/gcc/arm-none-eabi/13.3.1/thumb/v6-m/nofp/libgcc.a(_saturate2DA.o)
                0x2000045c                __gnu_saturate2da
 .text.__gnu_divsa3
                0x200004bc        0xc /Users/samb/.pico-sdk/toolchain/13_3_Rel1/bin/../lib/gcc/arm-none-eabi/13.3.1/thumb/v6-m/nofp/libgcc.a(_divSA.o)
                0x200004bc                __gnu_divsa3
 .text.__gnu_ashrda3
                0x200004c8       0x2c /Users/samb/.pico-sdk/toolchain/13_3_Rel1/bin/../lib/gcc/arm-none-eabi/13.3.1/thumb/v6-m/nofp/libgcc.a(_ashrDA.o)
                0x200004c8                __gnu_ashrda3
 .text.__gnu_fractsada2
                0x200004f4       0x14 /Users/samb/.pico-sdk/toolchain/13_3_Rel1/bin/../lib/gcc/arm-none-eabi/13.3.1/thumb/v6-m/nofp/libgcc.a(_fractSADA.o)
                0x200004f4                __gnu_fractsada2
 .text.__gnu_fractsahi
                0x20000508       0x14 /Users/samb/.pico-sdk/toolchain/13_3_Rel1/bin/../lib/gcc/arm-none-eabi/13.3.1/thumb/v6-m/nofp/libgcc.a(_fractSAHI.o)
                0x20000508                __gnu_fractsahi
 .text.__gnu_fractsasi
                0x2000051c       0x14 /Users/samb/.pico-sdk/toolchain/13_3_Rel1/bin/../lib/gcc/arm-none-eabi/13.3.1/thumb/v6-m/nofp/libgcc.a(_fractSASI.o)
                0x2000051c                __gnu_fractsasi
 .text.__gnu_fractsasf
                0x20000530       0x10 /Users/samb/.pico-sdk/toolchain/13_3_Rel1/bin/../lib/gcc/arm-none-eabi/13.3.1/thumb/v6-m/nofp/libgcc.a(_fractSASF.o)
                0x20000530                __gnu_fractsasf
 .text.__gnu_fractdasa2
                0x20000540        0x8 /Users/samb/.pico-sdk/toolchain/13_3_Rel1/bin/../lib/gcc/arm-none-eabi/13.3.1/thumb/v6-m/nofp/libgcc.a(_fractDASA.o)
                0x20000540                __gnu_fractdasa2
 .text.__gnu_fractsisa
                0x20000548        0x4 /Users/samb/.pico-sdk/toolchain/13_3_Rel1/bin/../lib/gcc/arm-none-eabi/13.3.1/thumb/v6-m/nofp/libgcc.a(_fractSISA.o)
                0x20000548                __gnu_fractsisa
 .text.__gnu_fractsida
                0x2000054c       0x14 /Users/samb/.pico-sdk/toolchain/13_3_Rel1/bin/../lib/gcc/arm-none-eabi/13.3.1/thumb/v6-m/nofp/libgcc.a(_fractSIDA.o)
                0x2000054c                __gnu_fractsida
 .text.__gnu_fractsfsa
                0x20000560       0x10 /Users/samb/.pico-sdk/toolchain/13_3_Rel1/bin/../lib/gcc/arm-none-eabi/13.3.1/thumb/v6-m/nofp/libgcc.a(_fractSFSA.o)
                0x20000560                __gnu_fractsfsa
 .text.__gnu_divhelpersa
                0x20000570       0x30 /Users/samb/.pico-sdk/toolchain/13_3_Rel1/bin/../lib/gcc/arm-none-eabi/13.3.1/thumb/v6-m/nofp/libgcc.a(_divhelperSA.o)
                0x20000570                __gnu_divhelpersa
 .text.__gnu_divhelpersa.__stub
                0x200005a0       0x60 linker stubs
                0x20000600                        . = ALIGN (0x4)
 *(.rodata*)
                0x20000600                        . = ALIGN (0x4)
 *(.data*)
 .data.address_pointer
                0x20000600        0x4 CMakeFiles/galton.dir/src/vga16_graphics.c.o
                0x20000600                address_pointer
 .data.address_pointer
                0x20000604        0x4 CMakeFiles/galton.dir/src/dma.c.o
 .data.striped_spin_lock_num
                0x20000608        0x1 CMakeFiles/galton.dir/Users/samb/.pico-sdk/sdk/2.1.0/src/rp2_common/hardware_sync/sync.c.o
 *fill*         0x20000609        0x3 
 .data          0x2000060c       0x48 CMakeFiles/galton.dir/Users/samb/.pico-sdk/sdk/2.1.0/src/rp2_common/hardware_irq/irq_handler_chain.S.o
                0x2000060c                irq_handler_chain_slots
                0x2000063c                irq_handler_chain_first_slot
                0x20000646                irq_handler_chain_remove_tail
 .data.default_alarm_pool
                0x20000654       0x18 CMakeFiles/galton.dir/Users/samb/.pico-sdk/sdk/2.1.0/src/common/pico_time/time.c.o
 *fill*         0x2000066c        0x4 
 .data.aeabi_bits_funcs
                0x20000670       0x10 CMakeFiles/galton.dir/Users/samb/.pico-sdk/sdk/2.1.0/src/rp2_common/pico_bit_ops/bit_ops_aeabi.S.o
                0x20000670                aeabi_bits_funcs
                0x20000680                aeabi_bits_funcs_end
 .data.aeabi_mem_funcs
                0x20000680       0x10 CMakeFiles/galton.dir/Users/samb/.pico-sdk/sdk/2.1.0/src/rp2_common/pico_mem_ops/mem_ops_aeabi.S.o
                0x20000680                aeabi_mem_funcs
                0x20000690                aeabi_mem_funcs_end
 .data.stdio_uart
                0x20000690       0x18 CMakeFiles/galton.dir/Users/samb/.pico-sdk/sdk/2.1.0/src/rp2_common/pico_stdio_uart/stdio_uart.c.o
                0x20000690                stdio_uart
 .data.__malloc_sbrk_base
                0x200006a8        0x4 /Users/samb/.pico-sdk/toolchain/13_3_Rel1/bin/../lib/gcc/arm-none-eabi/13.3.1/../../../../arm-none-eabi/lib/thumb/v6-m/nofp/libg.a(libc_a-mallocr.o)
                0x200006a8                __malloc_sbrk_base
 .data.__malloc_trim_threshold
                0x200006ac        0x4 /Users/samb/.pico-sdk/toolchain/13_3_Rel1/bin/../lib/gcc/arm-none-eabi/13.3.1/../../../../arm-none-eabi/lib/thumb/v6-m/nofp/libg.a(libc_a-mallocr.o)
                0x200006ac                __malloc_trim_threshold
 .data.__malloc_av_
                0x200006b0      0x408 /Users/samb/.pico-sdk/toolchain/13_3_Rel1/bin/../lib/gcc/arm-none-eabi/13.3.1/../../../../arm-none-eabi/lib/thumb/v6-m/nofp/libg.a(libc_a-mallocr.o)
                0x200006b0                __malloc_av_
 .data._impure_ptr
                0x20000ab8        0x4 /Users/samb/.pico-sdk/toolchain/13_3_Rel1/bin/../lib/gcc/arm-none-eabi/13.3.1/../../../../arm-none-eabi/lib/thumb/v6-m/nofp/libg.a(libc_a-impure.o)
                0x20000ab8                _impure_ptr
 *fill*         0x20000abc        0x4 
 .data._impure_data
                0x20000ac0      0x140 /Users/samb/.pico-sdk/toolchain/13_3_Rel1/bin/../lib/gcc/arm-none-eabi/13.3.1/../../../../arm-none-eabi/lib/thumb/v6-m/nofp/libg.a(libc_a-impure.o)
                0x20000ac0                _impure_data
 .data.__global_locale
                0x20000c00      0x16c /Users/samb/.pico-sdk/toolchain/13_3_Rel1/bin/../lib/gcc/arm-none-eabi/13.3.1/../../../../arm-none-eabi/lib/thumb/v6-m/nofp/libg.a(libc_a-locale.o)
                0x20000c00                __global_locale
                0x20000d6c                        . = ALIGN (0x4)
 *(.after_data.*)
                0x20000d6c                        . = ALIGN (0x4)
                0x20000d6c                        PROVIDE (__mutex_array_start = .)
 *(SORT_BY_NAME(.mutex_array.*))
 *(.mutex_array)
 .mutex_array   0x20000d6c        0x8 CMakeFiles/galton.dir/Users/samb/.pico-sdk/sdk/2.1.0/src/rp2_common/pico_malloc/malloc.c.o
 .mutex_array   0x20000d74        0x8 CMakeFiles/galton.dir/Users/samb/.pico-sdk/sdk/2.1.0/src/rp2_common/pico_stdio/stdio.c.o
                0x20000d7c                        PROVIDE (__mutex_array_end = .)
                0x20000d7c                        . = ALIGN (0x4)
 *(.jcr)
                0x20000d7c                        . = ALIGN (0x4)

.tm_clone_table
                0x20000d7c        0x0 load address 0x10014718
 .tm_clone_table
                0x20000d7c        0x0 /Users/samb/.pico-sdk/toolchain/13_3_Rel1/bin/../lib/gcc/arm-none-eabi/13.3.1/thumb/v6-m/nofp/crtbegin.o
 .tm_clone_table
                0x20000d7c        0x0 /Users/samb/.pico-sdk/toolchain/13_3_Rel1/bin/../lib/gcc/arm-none-eabi/13.3.1/thumb/v6-m/nofp/crtend.o
