Archive member included to satisfy reference by file (symbol)

/Users/samb/.pico-sdk/toolchain/13_3_Rel1/bin/../lib/gcc/arm-none-eabi/13.3.1/thumb/v6-m/nofp/libgcc.a(_dvmd_tls.o)
                              CMakeFiles/galton.dir/Users/samb/.pico-sdk/sdk/2.1.0/src/rp2_common/pico_divider/divider_hardware.S.o (__aeabi_idiv0)
/Users/samb/.pico-sdk/toolchain/13_3_Rel1/bin/../lib/gcc/arm-none-eabi/13.3.1/../../../../arm-none-eabi/lib/thumb/v6-m/nofp/libg.a(libc_a-calloc.o)
                              CMakeFiles/galton.dir/Users/samb/.pico-sdk/sdk/2.1.0/src/rp2_common/pico_malloc/malloc.c.o (calloc)
/Users/samb/.pico-sdk/toolchain/13_3_Rel1/bin/../lib/gcc/arm-none-eabi/13.3.1/../../../../arm-none-eabi/lib/thumb/v6-m/nofp/libg.a(libc_a-callocr.o)
                              /Users/samb/.pico-sdk/toolchain/13_3_Rel1/bin/../lib/gcc/arm-none-eabi/13.3.1/../../../../arm-none-eabi/lib/thumb/v6-m/nofp/libg.a(libc_a-calloc.o) (_calloc_r)
/Users/samb/.pico-sdk/toolchain/13_3_Rel1/bin/../lib/gcc/arm-none-eabi/13.3.1/../../../../arm-none-eabi/lib/thumb/v6-m/nofp/libg.a(libc_a-malloc.o)
                              CMakeFiles/galton.dir/Users/samb/.pico-sdk/sdk/2.1.0/src/rp2_common/pico_malloc/malloc.c.o (malloc)
/Users/samb/.pico-sdk/toolchain/13_3_Rel1/bin/../lib/gcc/arm-none-eabi/13.3.1/../../../../arm-none-eabi/lib/thumb/v6-m/nofp/libg.a(libc_a-mallocr.o)
                              /Users/samb/.pico-sdk/toolchain/13_3_Rel1/bin/../lib/gcc/arm-none-eabi/13.3.1/../../../../arm-none-eabi/lib/thumb/v6-m/nofp/libg.a(libc_a-callocr.o) (_malloc_r)
/Users/samb/.pico-sdk/toolchain/13_3_Rel1/bin/../lib/gcc/arm-none-eabi/13.3.1/../../../../arm-none-eabi/lib/thumb/v6-m/nofp/libg.a(libc_a-mlock.o)
                              /Users/samb/.pico-sdk/toolchain/13_3_Rel1/bin/../lib/gcc/arm-none-eabi/13.3.1/../../../../arm-none-eabi/lib/thumb/v6-m/nofp/libg.a(libc_a-mallocr.o) (__malloc_lock)
/Users/samb/.pico-sdk/toolchain/13_3_Rel1/bin/../lib/gcc/arm-none-eabi/13.3.1/../../../../arm-none-eabi/lib/thumb/v6-m/nofp/libg.a(libc_a-rand.o)
                              CMakeFiles/galton.dir/src/ball.c.o (rand)
/Users/samb/.pico-sdk/toolchain/13_3_Rel1/bin/../lib/gcc/arm-none-eabi/13.3.1/../../../../arm-none-eabi/lib/thumb/v6-m/nofp/libg.a(libc_a-realloc.o)
                              CMakeFiles/galton.dir/Users/samb/.pico-sdk/sdk/2.1.0/src/rp2_common/pico_malloc/malloc.c.o (realloc)
/Users/samb/.pico-sdk/toolchain/13_3_Rel1/bin/../lib/gcc/arm-none-eabi/13.3.1/../../../../arm-none-eabi/lib/thumb/v6-m/nofp/libg.a(libc_a-reallocr.o)
                              /Users/samb/.pico-sdk/toolchain/13_3_Rel1/bin/../lib/gcc/arm-none-eabi/13.3.1/../../../../arm-none-eabi/lib/thumb/v6-m/nofp/libg.a(libc_a-realloc.o) (_realloc_r)
/Users/samb/.pico-sdk/toolchain/13_3_Rel1/bin/../lib/gcc/arm-none-eabi/13.3.1/../../../../arm-none-eabi/lib/thumb/v6-m/nofp/libg.a(libc_a-sscanf.o)
                              CMakeFiles/galton.dir/src/main.c.o (sscanf)
/Users/samb/.pico-sdk/toolchain/13_3_Rel1/bin/../lib/gcc/arm-none-eabi/13.3.1/../../../../arm-none-eabi/lib/thumb/v6-m/nofp/libg.a(libc_a-stdio.o)
                              /Users/samb/.pico-sdk/toolchain/13_3_Rel1/bin/../lib/gcc/arm-none-eabi/13.3.1/../../../../arm-none-eabi/lib/thumb/v6-m/nofp/libg.a(libc_a-sscanf.o) (__seofread)
/Users/samb/.pico-sdk/toolchain/13_3_Rel1/bin/../lib/gcc/arm-none-eabi/13.3.1/../../../../arm-none-eabi/lib/thumb/v6-m/nofp/libg.a(libc_a-memcmp.o)
                              CMakeFiles/galton.dir/Users/samb/.pico-sdk/sdk/2.1.0/src/rp2_common/pico_atomic/atomic.c.o (memcmp)
/Users/samb/.pico-sdk/toolchain/13_3_Rel1/bin/../lib/gcc/arm-none-eabi/13.3.1/../../../../arm-none-eabi/lib/thumb/v6-m/nofp/libg.a(libc_a-memmove.o)
                              /Users/samb/.pico-sdk/toolchain/13_3_Rel1/bin/../lib/gcc/arm-none-eabi/13.3.1/../../../../arm-none-eabi/lib/thumb/v6-m/nofp/libg.a(libc_a-reallocr.o) (memmove)
/Users/samb/.pico-sdk/toolchain/13_3_Rel1/bin/../lib/gcc/arm-none-eabi/13.3.1/../../../../arm-none-eabi/lib/thumb/v6-m/nofp/libg.a(libc_a-lcltime_r.o)
                              CMakeFiles/galton.dir/Users/samb/.pico-sdk/sdk/2.1.0/src/common/pico_util/datetime.c.o (localtime_r)
/Users/samb/.pico-sdk/toolchain/13_3_Rel1/bin/../lib/gcc/arm-none-eabi/13.3.1/../../../../arm-none-eabi/lib/thumb/v6-m/nofp/libg.a(libc_a-mktime.o)
                              CMakeFiles/galton.dir/Users/samb/.pico-sdk/sdk/2.1.0/src/common/pico_util/datetime.c.o (mktime)
/Users/samb/.pico-sdk/toolchain/13_3_Rel1/bin/../lib/gcc/arm-none-eabi/13.3.1/../../../../arm-none-eabi/lib/thumb/v6-m/nofp/libg.a(libc_a-month_lengths.o)
                              /Users/samb/.pico-sdk/toolchain/13_3_Rel1/bin/../lib/gcc/arm-none-eabi/13.3.1/../../../../arm-none-eabi/lib/thumb/v6-m/nofp/libg.a(libc_a-lcltime_r.o) (__month_lengths)
/Users/samb/.pico-sdk/toolchain/13_3_Rel1/bin/../lib/gcc/arm-none-eabi/13.3.1/../../../../arm-none-eabi/lib/thumb/v6-m/nofp/libg.a(libc_a-tzcalc_limits.o)
[...]
Memory Configuration

Name             Origin             Length             Attributes
FLASH            0x10000000         0x00200000         xr
RAM              0x20000000         0x00040000         xrw
SCRATCH_X        0x20040000         0x00001000         xrw
SCRATCH_Y        0x20041000         0x00001000         xrw
*default*        0x00000000         0xffffffff

Linker script and memory map

LOAD /Users/samb/.pico-sdk/toolchain/13_3_Rel1/bin/../lib/gcc/arm-none-eabi/13.3.1/thumb/v6-m/nofp/crti.o
LOAD /Users/samb/.pico-sdk/toolchain/13_3_Rel1/bin/../lib/gcc/arm-none-eabi/13.3.1/thumb/v6-m/nofp/crtbegin.o
LOAD /Users/samb/.pico-sdk/toolchain/13_3_Rel1/bin/../lib/gcc/arm-none-eabi/13.3.1/../../../../arm-none-eabi/lib/thumb/v6-m/nofp/crt0.o

.flash_begin    0x10000000        0x0
                0x10000000                        __flash_binary_start = .

.boot2          0x10000000      0x100
                0x10000000                        __boot2_start__ = .
 *(.boot2)
 .boot2         0x10000000      0x100 pico-sdk/src/rp2040/boot_stage2/CMakeFiles/bs2_default_library.dir/bs2_default_padded_checksummed.S.o
                0x10000100                        __boot2_end__ = .
                0x00000001                        ASSERT (((__boot2_end__ - __boot2_start__) == 0x100), ERROR: Pico second stage bootloader must be 256 bytes in size)

.text           0x10000100     0xbc04
                0x10000100                        __logical_binary_start = .
 *(.vectors)
 .vectors       0x10000100       0xd4 CMakeFiles/galton.dir/Users/samb/.pico-sdk/sdk/2.1.0/src/rp2_common/pico_crt0/crt0.S.o
                0x10000100                __VECTOR_TABLE
                0x10000100                __vectors
                0x100001c0                __default_isrs_start
                0x100001c0                isr_invalid
                0x100001c2                isr_nmi
                0x100001c4                isr_hardfault
                0x100001c6                isr_svcall
                0x100001c8                isr_pendsv
                0x100001ca                isr_systick
                0x100001cc                isr_irq28
                0x100001cc                isr_irq19
                0x100001cc                isr_irq0
                0x100001cc                isr_irq6
                0x100001cc                isr_irq22
                0x100001cc                isr_irq17
                0x100001cc                isr_irq14
                0x100001cc                isr_irq2
                0x100001cc                isr_irq10
                0x100001cc                isr_irq8
                0x100001cc                isr_irq24
                0x100001cc                isr_irq1
                0x100001cc                isr_irq7
                0x100001cc                isr_irq21
                0x100001cc                isr_irq20
                0x100001cc                isr_irq15
                0x100001cc                isr_irq25
                0x100001cc                isr_irq4
                0x100001cc                isr_irq16
                0x100001cc                isr_irq29
                0x100001cc                isr_irq26
                0x100001cc                __default_isrs_end
                0x100001cc                isr_irq3
                0x100001cc                isr_irq9
                0x100001cc                __unhandled_user_irq
                0x100001cc                isr_irq13
                0x100001cc                isr_irq27
                0x100001cc                isr_irq31
                0x100001cc                isr_irq5
                0x100001cc                isr_irq11
                0x100001cc                isr_irq23
                0x100001cc                isr_irq18
                0x100001cc                isr_irq30
                0x100001cc                isr_irq12
                0x100001d2                unhandled_user_irq_num_in_r0
 *(.binary_info_header)
 .binary_info_header
                0x100001d4       0x14 CMakeFiles/galton.dir/Users/samb/.pico-sdk/sdk/2.1.0/src/rp2_common/pico_crt0/crt0.S.o
                0x100001e8                        __binary_info_header_end = .
 *(.embedded_block)
                0x100001e8                        __embedded_block_end = .
 *(.reset)
 .reset         0x100001e8       0x9c CMakeFiles/galton.dir/Users/samb/.pico-sdk/sdk/2.1.0/src/rp2_common/pico_crt0/crt0.S.o
                0x100001e8                _entry_point
 *(.init)
 .init          0x10000284        0x4 /Users/samb/.pico-sdk/toolchain/13_3_Rel1/bin/../lib/gcc/arm-none-eabi/13.3.1/thumb/v6-m/nofp/crti.o
                0x10000284                _init
 *(EXCLUDE_FILE(*libm.a: *libc.a:*lib_a-mem*.o *libgcc.a:) .text*)
 .text.register_tm_clones
                0x10000288       0x28 /Users/samb/.pico-sdk/toolchain/13_3_Rel1/bin/../lib/gcc/arm-none-eabi/13.3.1/thumb/v6-m/nofp/crtbegin.o
 .text.frame_dummy
                0x100002b0       0x24 /Users/samb/.pico-sdk/toolchain/13_3_Rel1/bin/../lib/gcc/arm-none-eabi/13.3.1/thumb/v6-m/nofp/crtbegin.o
 .text.protothread_anim1
                0x100002d4       0x6c CMakeFiles/galton.dir/src/main.c.o
 .text.pt_serialin_polled.constprop.0
                0x10000340      0x240 CMakeFiles/galton.dir/src/main.c.o
 .text.protothread_sched.constprop.0.isra.0
                0x10000580      0x154 CMakeFiles/galton.dir/src/main.c.o
 .text.protothread_sched1.constprop.0.isra.0
                0x100006d4      0x154 CMakeFiles/galton.dir/src/main.c.o
 .text.core1_main
                0x10000828       0x84 CMakeFiles/galton.dir/src/main.c.o
                0x10000828                core1_main
 .text.protothread_anim
                0x100008ac       0xbc CMakeFiles/galton.dir/src/main.c.o
 .text.pt_serialout_polled
                0x10000968       0x98 CMakeFiles/galton.dir/src/main.c.o
                0x10000968                pt_serialout_polled
 .text.protothread_serial
                0x10000a00      0x114 CMakeFiles/galton.dir/src/main.c.o
 .text.startup.main
                0x10000b14       0xd0 CMakeFiles/galton.dir/src/main.c.o
                0x10000b14                main
 .text.get_nearest_peg
                0x10000be4       0x44 CMakeFiles/galton.dir/src/peg.c.o
                0x10000be4                get_nearest_peg
 .text.init_pegs
                0x10000c28       0x48 CMakeFiles/galton.dir/src/peg.c.o
                0x10000c28                init_pegs
 .text.draw_pegs
                0x10000c70       0x28 CMakeFiles/galton.dir/src/peg.c.o
                0x10000c70                draw_pegs
 .text.update_ball
                0x10000c98      0x114 CMakeFiles/galton.dir/src/ball.c.o
                0x10000c98                update_ball
 .text.init_balls
                0x10000dac       0x68 CMakeFiles/galton.dir/src/ball.c.o
                0x10000dac                init_balls
 .text.update_balls
                0x10000e14       0x28 CMakeFiles/galton.dir/src/ball.c.o
                0x10000e14                update_balls
 .text.draw_balls
                0x10000e3c       0x2c CMakeFiles/galton.dir/src/ball.c.o
                0x10000e3c                draw_balls
 .text.vec2_add
                0x10000e68       0x14 CMakeFiles/galton.dir/src/vec2.c.o
                0x10000e68                vec2_add
 .text.vec2_sub
                0x10000e7c       0x14 CMakeFiles/galton.dir/src/vec2.c.o
                0x10000e7c                vec2_sub
 .text.vec2_mul
                0x10000e90       0x34 CMakeFiles/galton.dir/src/vec2.c.o
                0x10000e90                vec2_mul
 .text.vec2_div
                0x10000ec4       0x38 CMakeFiles/galton.dir/src/vec2.c.o
                0x10000ec4                vec2_div
 .text.vec2_dot
                0x10000efc       0x30 CMakeFiles/galton.dir/src/vec2.c.o
                0x10000efc                vec2_dot
 .text.vec2_mag
                0x10000f2c       0x58 CMakeFiles/galton.dir/src/vec2.c.o
                0x10000f2c                vec2_mag
 .text.vec2_fast_distance
                0x10000f84       0x1c CMakeFiles/galton.dir/src/vec2.c.o
                0x10000f84                vec2_fast_distance
 .text.initVGA  0x10000fa0      0x23c CMakeFiles/galton.dir/src/vga16_graphics.c.o
                0x10000fa0                initVGA
 .text.drawVLine
                0x100011dc       0xa0 CMakeFiles/galton.dir/src/vga16_graphics.c.o
                0x100011dc                drawVLine
 .text.drawHLine
                0x1000127c       0x9c CMakeFiles/galton.dir/src/vga16_graphics.c.o
                0x1000127c                drawHLine
 .text.fillCircle
                0x10001318      0x374 CMakeFiles/galton.dir/src/vga16_graphics.c.o
                0x10001318                fillCircle
 .text.init_DMA
                0x1000168c       0xfc CMakeFiles/galton.dir/src/dma.c.o
                0x1000168c                init_DMA
 .text.init_SPI
                0x10001788       0x60 CMakeFiles/galton.dir/src/dma.c.o
                0x10001788                init_SPI
 .text.start_audio
                0x100017e8       0x30 CMakeFiles/galton.dir/src/dma.c.o
                0x100017e8                start_audio
 .text.gpio_set_function
                0x10001818       0x34 CMakeFiles/galton.dir/Users/samb/.pico-sdk/sdk/2.1.0/src/rp2_common/hardware_gpio/gpio.c.o
                0x10001818                gpio_set_function
 .text.panic    0x1000184c       0x30 CMakeFiles/galton.dir/Users/samb/.pico-sdk/sdk/2.1.0/src/rp2_common/pico_platform_panic/panic.c.o
                0x1000184c                panic
 .text.hw_claim_lock
                0x1000187c       0x18 CMakeFiles/galton.dir/Users/samb/.pico-sdk/sdk/2.1.0/src/common/hardware_claim/claim.c.o
                0x1000187c                hw_claim_lock
 .text.hw_claim_unlock
                0x10001894       0x14 CMakeFiles/galton.dir/Users/samb/.pico-sdk/sdk/2.1.0/src/common/hardware_claim/claim.c.o
                0x10001894                hw_claim_unlock
 .text.hw_claim_or_assert
                0x100018a8       0x44 CMakeFiles/galton.dir/Users/samb/.pico-sdk/sdk/2.1.0/src/common/hardware_claim/claim.c.o
                0x100018a8                hw_claim_or_assert
 .text.hw_claim_unused_from_range
                0x100018ec       0x9c CMakeFiles/galton.dir/Users/samb/.pico-sdk/sdk/2.1.0/src/common/hardware_claim/claim.c.o
                0x100018ec                hw_claim_unused_from_range
 .text.next_striped_spin_lock_num
                0x10001988       0x18 CMakeFiles/galton.dir/Users/samb/.pico-sdk/sdk/2.1.0/src/rp2_common/hardware_sync/sync.c.o
                0x10001988                next_striped_spin_lock_num
 .text.spin_locks_reset
                0x100019a0       0x1c CMakeFiles/galton.dir/Users/samb/.pico-sdk/sdk/2.1.0/src/rp2_common/hardware_sync_spin_lock/sync_spin_lock.c.o
                0x100019a0                spin_locks_reset
 .text.runtime_init_per_core_irq_priorities
                0x100019bc       0x24 CMakeFiles/galton.dir/Users/samb/.pico-sdk/sdk/2.1.0/src/rp2_common/hardware_irq/irq.c.o
                0x100019bc                runtime_init_per_core_irq_priorities
 .text.irq_set_enabled
                0x100019e0       0x24 CMakeFiles/galton.dir/Users/samb/.pico-sdk/sdk/2.1.0/src/rp2_common/hardware_irq/irq.c.o
                0x100019e0                irq_set_enabled
 .text.irq_is_enabled
                0x10001a04       0x18 CMakeFiles/galton.dir/Users/samb/.pico-sdk/sdk/2.1.0/src/rp2_common/hardware_irq/irq.c.o
                0x10001a04                irq_is_enabled
 .text.irq_set_exclusive_handler
                0x10001a1c       0x54 CMakeFiles/galton.dir/Users/samb/.pico-sdk/sdk/2.1.0/src/rp2_common/hardware_irq/irq.c.o
                0x10001a1c                irq_set_exclusive_handler
 .text.irq_remove_handler
                0x10001a70      0x1d4 CMakeFiles/galton.dir/Users/samb/.pico-sdk/sdk/2.1.0/src/rp2_common/hardware_irq/irq.c.o
                0x10001a70                irq_remove_handler
 .text.irq_add_tail_to_free_list
                0x10001c44       0xb4 CMakeFiles/galton.dir/Users/samb/.pico-sdk/sdk/2.1.0/src/rp2_common/hardware_irq/irq.c.o
                0x10001c44                irq_add_tail_to_free_list
 .text.lock_init
                0x10001cf8       0x10 CMakeFiles/galton.dir/Users/samb/.pico-sdk/sdk/2.1.0/src/common/pico_sync/lock_core.c.o
                0x10001cf8                lock_init
 .text.runtime_init_mutex
                0x10001d08       0x50 CMakeFiles/galton.dir/Users/samb/.pico-sdk/sdk/2.1.0/src/common/pico_sync/mutex.c.o
                0x10001d08                runtime_init_mutex
 .text.sleep_until_callback
                0x10001d58       0x30 CMakeFiles/galton.dir/Users/samb/.pico-sdk/sdk/2.1.0/src/common/pico_time/time.c.o
 .text.alarm_pool_irq_handler
                0x10001d88      0x2fc CMakeFiles/galton.dir/Users/samb/.pico-sdk/sdk/2.1.0/src/common/pico_time/time.c.o
 .text.runtime_init_default_alarm_pool
                0x10002084       0xdc CMakeFiles/galton.dir/Users/samb/.pico-sdk/sdk/2.1.0/src/common/pico_time/time.c.o
                0x10002084                runtime_init_default_alarm_pool
 .text.alarm_pool_add_alarm_at_force_in_context
                0x10002160       0xb0 CMakeFiles/galton.dir/Users/samb/.pico-sdk/sdk/2.1.0/src/common/pico_time/time.c.o
                0x10002160                alarm_pool_add_alarm_at_force_in_context
 .text.alarm_pool_cancel_alarm
                0x10002210       0x74 CMakeFiles/galton.dir/Users/samb/.pico-sdk/sdk/2.1.0/src/common/pico_time/time.c.o
                0x10002210                alarm_pool_cancel_alarm
 .text.best_effort_wfe_or_timeout
                0x10002284       0xe0 CMakeFiles/galton.dir/Users/samb/.pico-sdk/sdk/2.1.0/src/common/pico_time/time.c.o
                0x10002284                best_effort_wfe_or_timeout
 .text.timer_hardware_alarm_claim
                0x10002364       0x14 CMakeFiles/galton.dir/Users/samb/.pico-sdk/sdk/2.1.0/src/rp2_common/hardware_timer/timer.c.o
                0x10002364                timer_hardware_alarm_claim
 .text.timer_time_us_64
                0x10002378       0x10 CMakeFiles/galton.dir/Users/samb/.pico-sdk/sdk/2.1.0/src/rp2_common/hardware_timer/timer.c.o
                0x10002378                timer_time_us_64
 .text.time_us_64
                0x10002388       0x14 CMakeFiles/galton.dir/Users/samb/.pico-sdk/sdk/2.1.0/src/rp2_common/hardware_timer/timer.c.o
                0x10002388                time_us_64
 .text.busy_wait_us
                0x1000239c       0x68 CMakeFiles/galton.dir/Users/samb/.pico-sdk/sdk/2.1.0/src/rp2_common/hardware_timer/timer.c.o
                0x1000239c                busy_wait_us
 .text.uart_init
                0x10002404      0x120 CMakeFiles/galton.dir/Users/samb/.pico-sdk/sdk/2.1.0/src/rp2_common/hardware_uart/uart.c.o
                0x10002404                uart_init
 .text.clock_configure_int_divider
                0x10002524       0xf4 CMakeFiles/galton.dir/Users/samb/.pico-sdk/sdk/2.1.0/src/rp2_common/hardware_clocks/clocks.c.o
                0x10002524                clock_configure_int_divider
 .text.clock_configure_undivided
                0x10002618       0xe8 CMakeFiles/galton.dir/Users/samb/.pico-sdk/sdk/2.1.0/src/rp2_common/hardware_clocks/clocks.c.o
                0x10002618                clock_configure_undivided
 .text.clock_get_hz
                0x10002700        0xc CMakeFiles/galton.dir/Users/samb/.pico-sdk/sdk/2.1.0/src/rp2_common/hardware_clocks/clocks.c.o
                0x10002700                clock_get_hz
 .text.pll_init
                0x1000270c       0xa4 CMakeFiles/galton.dir/Users/samb/.pico-sdk/sdk/2.1.0/src/rp2_common/hardware_pll/pll.c.o
                0x1000270c                pll_init
 .text.tick_start
                0x100027b0       0x10 CMakeFiles/galton.dir/Users/samb/.pico-sdk/sdk/2.1.0/src/rp2_common/hardware_ticks/ticks.c.o
                0x100027b0                tick_start
 .text.rom_func_lookup
                0x100027c0       0x10 CMakeFiles/galton.dir/Users/samb/.pico-sdk/sdk/2.1.0/src/rp2_common/pico_bootrom/bootrom.c.o
                0x100027c0                rom_func_lookup
 .text.rom_data_lookup
                0x100027d0       0x10 CMakeFiles/galton.dir/Users/samb/.pico-sdk/sdk/2.1.0/src/rp2_common/pico_bootrom/bootrom.c.o
                0x100027d0                rom_data_lookup
 .text.rom_funcs_lookup
                0x100027e0       0x44 CMakeFiles/galton.dir/Users/samb/.pico-sdk/sdk/2.1.0/src/rp2_common/pico_bootrom/bootrom.c.o
                0x100027e0                rom_funcs_lookup
 .text.rom_reset_usb_boot_extra
                0x10002824       0x28 CMakeFiles/galton.dir/Users/samb/.pico-sdk/sdk/2.1.0/src/rp2_common/pico_bootrom/bootrom.c.o
                0x10002824                rom_reset_usb_boot_extra
 .text.xosc_init
                0x1000284c       0x28 CMakeFiles/galton.dir/Users/samb/.pico-sdk/sdk/2.1.0/src/rp2_common/hardware_xosc/xosc.c.o
                0x1000284c                xosc_init
 .text.first_per_core_initializer
                0x10002874        0x4 CMakeFiles/galton.dir/Users/samb/.pico-sdk/sdk/2.1.0/src/rp2_common/pico_runtime/runtime.c.o
 .text.hard_assertion_failure
                0x10002878        0xc CMakeFiles/galton.dir/Users/samb/.pico-sdk/sdk/2.1.0/src/rp2_common/pico_runtime/runtime.c.o
                0x10002878                hard_assertion_failure
 .text.runtime_run_initializers
                0x10002884       0x28 CMakeFiles/galton.dir/Users/samb/.pico-sdk/sdk/2.1.0/src/rp2_common/pico_runtime/runtime.c.o
                0x10002884                runtime_run_initializers
 .text.runtime_run_per_core_initializers
                0x100028ac       0x28 CMakeFiles/galton.dir/Users/samb/.pico-sdk/sdk/2.1.0/src/rp2_common/pico_runtime/runtime.c.o
                0x100028ac                runtime_run_per_core_initializers
 .text.runtime_init_early_resets
                0x100028d4       0x2c CMakeFiles/galton.dir/Users/samb/.pico-sdk/sdk/2.1.0/src/rp2_common/pico_runtime_init/runtime_init.c.o
                0x100028d4                runtime_init_early_resets
 .text.runtime_init_usb_power_down
                0x10002900       0x1c CMakeFiles/galton.dir/Users/samb/.pico-sdk/sdk/2.1.0/src/rp2_common/pico_runtime_init/runtime_init.c.o
                0x10002900                runtime_init_usb_power_down
 .text.runtime_init_post_clock_resets
                0x1000291c       0x20 CMakeFiles/galton.dir/Users/samb/.pico-sdk/sdk/2.1.0/src/rp2_common/pico_runtime_init/runtime_init.c.o
                0x1000291c                runtime_init_post_clock_resets
 .text.runtime_init_rp2040_gpio_ie_disable
                0x1000293c       0x14 CMakeFiles/galton.dir/Users/samb/.pico-sdk/sdk/2.1.0/src/rp2_common/pico_runtime_init/runtime_init.c.o
                0x1000293c                runtime_init_rp2040_gpio_ie_disable
 .text.runtime_init_spin_locks_reset
                0x10002950        0x8 CMakeFiles/galton.dir/Users/samb/.pico-sdk/sdk/2.1.0/src/rp2_common/pico_runtime_init/runtime_init.c.o
                0x10002950                runtime_init_spin_locks_reset
 .text.runtime_init_install_ram_vector_table
                0x10002958       0x1c CMakeFiles/galton.dir/Users/samb/.pico-sdk/sdk/2.1.0/src/rp2_common/pico_runtime_init/runtime_init.c.o
                0x10002958                runtime_init_install_ram_vector_table
 .text.runtime_init_clocks
                0x10002974       0xd8 CMakeFiles/galton.dir/Users/samb/.pico-sdk/sdk/2.1.0/src/rp2_common/pico_runtime_init/runtime_init_clocks.c.o
                0x10002974                runtime_init_clocks
 .text          0x10002a4c       0x10 CMakeFiles/galton.dir/Users/samb/.pico-sdk/sdk/2.1.0/src/rp2_common/pico_bit_ops/bit_ops_aeabi.S.o
 .text.__wrap___aeabi_idiv
                0x10002a5c       0x50 CMakeFiles/galton.dir/Users/samb/.pico-sdk/sdk/2.1.0/src/rp2_common/pico_divider/divider_hardware.S.o
                0x10002a5c                __wrap___aeabi_idivmod
                0x10002a5c                divmod_s32s32
                0x10002a5c                div_s32s32
                0x10002a5c                __wrap___aeabi_idiv
                0x10002a64                divmod_s32s32_unsafe
                0x10002a90                divmod_s32s32_savestate
 .text.__wrap___aeabi_uidiv
                0x10002aac       0x4c CMakeFiles/galton.dir/Users/samb/.pico-sdk/sdk/2.1.0/src/rp2_common/pico_divider/divider_hardware.S.o
                0x10002aac                __wrap___aeabi_uidiv
                0x10002aac                __wrap___aeabi_uidivmod
                0x10002aac                div_u32u32
                0x10002aac                divmod_u32u32
                0x10002ab4                divmod_u32u32_unsafe
                0x10002adc                divmod_u32u32_savestate
 .text.__wrap___aeabi_ldiv
                0x10002af8      0x424 CMakeFiles/galton.dir/Users/samb/.pico-sdk/sdk/2.1.0/src/rp2_common/pico_divider/divider_hardware.S.o
                0x10002af8                __wrap___aeabi_ldivmod
                0x10002af8                div_s64s64
                0x10002af8                divmod_s64s64
                0x10002b28                divmod_u64u64
                0x10002b28                div_u64u64
                0x10002b28                __wrap___aeabi_uldivmod
                0x10002b38                divmod_u64u64_savestate
                0x10002b58                divmod_s64s64_unsafe
                0x10002be0                divmod_u64u64_unsafe
 .text.push_r8_r11
                0x10002f1c        0xc CMakeFiles/galton.dir/Users/samb/.pico-sdk/sdk/2.1.0/src/rp2_common/pico_double/double_aeabi_rp2040.S.o
                0x10002f1c                push_r8_r11
 .text.pop_r8_r11
                0x10002f28        0xc CMakeFiles/galton.dir/Users/samb/.pico-sdk/sdk/2.1.0/src/rp2_common/pico_double/double_aeabi_rp2040.S.o
                0x10002f28                pop_r8_r11
 .text.__wrap___aeabi_darithmetic
                0x10002f34       0x80 CMakeFiles/galton.dir/Users/samb/.pico-sdk/sdk/2.1.0/src/rp2_common/pico_double/double_aeabi_rp2040.S.o
                0x10002f34                __wrap___aeabi_drsub
                0x10002f3a                __wrap___aeabi_dsub
                0x10002f4c                __wrap___aeabi_dadd
                0x10002f5e                __wrap___aeabi_ddiv
                0x10002f9a                __wrap___aeabi_dmul
 .text.__wrap___aeabi_cdcmple
                0x10002fb4       0x6c CMakeFiles/galton.dir/Users/samb/.pico-sdk/sdk/2.1.0/src/rp2_common/pico_double/double_aeabi_rp2040.S.o
                0x10002fb4                __wrap___aeabi_cdrcmple
                0x10002fc4                __wrap___aeabi_cdcmple
                0x10002fc4                __wrap___aeabi_cdcmpeq
 .text.__wrap___aeabi_dcmpeq
                0x10003020       0x10 CMakeFiles/galton.dir/Users/samb/.pico-sdk/sdk/2.1.0/src/rp2_common/pico_double/double_aeabi_rp2040.S.o
                0x10003020                __wrap___aeabi_dcmpeq
 .text.__wrap___aeabi_dcmplt
                0x10003030        0xc CMakeFiles/galton.dir/Users/samb/.pico-sdk/sdk/2.1.0/src/rp2_common/pico_double/double_aeabi_rp2040.S.o
                0x10003030                __wrap___aeabi_dcmplt
 .text.__wrap___aeabi_dcmple
                0x1000303c       0x10 CMakeFiles/galton.dir/Users/samb/.pico-sdk/sdk/2.1.0/src/rp2_common/pico_double/double_aeabi_rp2040.S.o
                0x1000303c                __wrap___aeabi_dcmple
 .text.__wrap___aeabi_dcmpge
                0x1000304c       0x10 CMakeFiles/galton.dir/Users/samb/.pico-sdk/sdk/2.1.0/src/rp2_common/pico_double/double_aeabi_rp2040.S.o
                0x1000304c                __wrap___aeabi_dcmpge
 .text.__wrap___aeabi_dcmpgt
                0x1000305c        0xa CMakeFiles/galton.dir/Users/samb/.pico-sdk/sdk/2.1.0/src/rp2_common/pico_double/double_aeabi_rp2040.S.o
                0x1000305c                __wrap___aeabi_dcmpgt
 .text.__wrap___aeabi_dcmpun
                0x10003066       0x18 CMakeFiles/galton.dir/Users/samb/.pico-sdk/sdk/2.1.0/src/rp2_common/pico_double/double_aeabi_rp2040.S.o
                0x10003066                __wrap___aeabi_dcmpun
 *fill*         0x1000307e        0x2 
 .text.__wrap___aeabi_i2d
                0x10003080       0x38 CMakeFiles/galton.dir/Users/samb/.pico-sdk/sdk/2.1.0/src/rp2_common/pico_double/double_aeabi_rp2040.S.o
                0x10003080                __wrap___aeabi_ui2d
                0x10003088                __wrap___aeabi_i2d
 .text.__wrap___aeabi_d2iz
                0x100030b8       0x48 CMakeFiles/galton.dir/Users/samb/.pico-sdk/sdk/2.1.0/src/rp2_common/pico_double/double_aeabi_rp2040.S.o
                0x100030b8                __wrap___aeabi_d2iz
                0x100030b8                double2int_z
 .text.__wrap___aeabi_d2uiz
                0x10003100       0x18 CMakeFiles/galton.dir/Users/samb/.pico-sdk/sdk/2.1.0/src/rp2_common/pico_double/double_aeabi_rp2040.S.o
                0x10003100                double2uint
                0x10003100                __wrap___aeabi_d2uiz
 .text.fix642double
                0x10003118       0x18 CMakeFiles/galton.dir/Users/samb/.pico-sdk/sdk/2.1.0/src/rp2_common/pico_double/double_aeabi_rp2040.S.o
                0x10003118                fix642double
 .text.__wrap___aeabi_l2d
                0x10003130       0x18 CMakeFiles/galton.dir/Users/samb/.pico-sdk/sdk/2.1.0/src/rp2_common/pico_double/double_aeabi_rp2040.S.o
                0x10003130                __wrap___aeabi_l2d
 .text.__wrap___aeabi_d2lz
                0x10003148       0x26 CMakeFiles/galton.dir/Users/samb/.pico-sdk/sdk/2.1.0/src/rp2_common/pico_double/double_aeabi_rp2040.S.o
                0x10003148                __wrap___aeabi_d2lz
                0x10003148                double2int64_z
 *fill*         0x1000316e        0x2 
 .text.double2int64
                0x10003170       0x18 CMakeFiles/galton.dir/Users/samb/.pico-sdk/sdk/2.1.0/src/rp2_common/pico_double/double_aeabi_rp2040.S.o
                0x10003170                double2int64
 .text.double2ufix64
                0x10003188       0x18 CMakeFiles/galton.dir/Users/samb/.pico-sdk/sdk/2.1.0/src/rp2_common/pico_double/double_aeabi_rp2040.S.o
                0x10003188                double2ufix64
 .text.__wrap___aeabi_d2f
                0x100031a0       0x18 CMakeFiles/galton.dir/Users/samb/.pico-sdk/sdk/2.1.0/src/rp2_common/pico_double/double_aeabi_rp2040.S.o
                0x100031a0                __wrap___aeabi_d2f
 .text.__wrap_srqt
                0x100031b8       0x18 CMakeFiles/galton.dir/Users/samb/.pico-sdk/sdk/2.1.0/src/rp2_common/pico_double/double_aeabi_rp2040.S.o
                0x100031b8                __wrap_sqrt
 .text.__wrap_sincostan_remainder
                0x100031d0       0x14 CMakeFiles/galton.dir/Users/samb/.pico-sdk/sdk/2.1.0/src/rp2_common/pico_double/double_aeabi_rp2040.S.o
                0x100031d0                sincostan_remainder
 .text.__wrap_sin
                0x100031e4       0x2c CMakeFiles/galton.dir/Users/samb/.pico-sdk/sdk/2.1.0/src/rp2_common/pico_double/double_aeabi_rp2040.S.o
                0x100031e4                __wrap_sin
 .text.__aeabi_double_init
                0x10003210       0xa4 CMakeFiles/galton.dir/Users/samb/.pico-sdk/sdk/2.1.0/src/rp2_common/pico_double/double_init_rom_rp2040.c.o
                0x10003210                __aeabi_double_init
 .text.__wrap_remquo
                0x100032b4      0x27c CMakeFiles/galton.dir/Users/samb/.pico-sdk/sdk/2.1.0/src/rp2_common/pico_double/double_math.c.o
                0x100032b4                __wrap_remquo
 .text.__wrap_remainder
                0x10003530       0x10 CMakeFiles/galton.dir/Users/samb/.pico-sdk/sdk/2.1.0/src/rp2_common/pico_double/double_math.c.o
                0x10003530                __wrap_remainder
 .text.double_table_shim_on_use_helper
                0x10003540       0x2c CMakeFiles/galton.dir/Users/samb/.pico-sdk/sdk/2.1.0/src/rp2_common/pico_double/double_v1_rom_shim_rp2040.S.o
                0x10003540                double_table_shim_on_use_helper
 .text.__wrap___aeabi_dsub
                0x1000356c       0x10 CMakeFiles/galton.dir/Users/samb/.pico-sdk/sdk/2.1.0/src/rp2_common/pico_double/double_v1_rom_shim_rp2040.S.o
                0x1000356c                drsub_shim
                0x10003572                dsub_shim
 .text.dadd_shim
                0x1000357c      0x15c CMakeFiles/galton.dir/Users/samb/.pico-sdk/sdk/2.1.0/src/rp2_common/pico_double/double_v1_rom_shim_rp2040.S.o
                0x1000357c                dadd_shim
 .text.dmul_shim
                0x100036d8      0x15c CMakeFiles/galton.dir/Users/samb/.pico-sdk/sdk/2.1.0/src/rp2_common/pico_double/double_v1_rom_shim_rp2040.S.o
                0x100036d8                dmul_shim
 .text.ddiv_shim
                0x10003834      0x1b0 CMakeFiles/galton.dir/Users/samb/.pico-sdk/sdk/2.1.0/src/rp2_common/pico_double/double_v1_rom_shim_rp2040.S.o
                0x10003834                ddiv_shim
 .text.dsqrt_shim
                0x100039e4      0x1a8 CMakeFiles/galton.dir/Users/samb/.pico-sdk/sdk/2.1.0/src/rp2_common/pico_double/double_v1_rom_shim_rp2040.S.o
                0x10003a00                dsqrt_shim
 .text.dcordic_vec_step
                0x10003b8c        0xe CMakeFiles/galton.dir/Users/samb/.pico-sdk/sdk/2.1.0/src/rp2_common/pico_double/double_v1_rom_shim_rp2040.S.o
                0x10003b8c                dcordic_vec_step
 .text.dcordic_rot_step
                0x10003b9a       0x76 CMakeFiles/galton.dir/Users/samb/.pico-sdk/sdk/2.1.0/src/rp2_common/pico_double/double_v1_rom_shim_rp2040.S.o
                0x10003b9a                dcordic_rot_step
 .text.double2uint_shim
                0x10003c10        0xe CMakeFiles/galton.dir/Users/samb/.pico-sdk/sdk/2.1.0/src/rp2_common/pico_double/double_v1_rom_shim_rp2040.S.o
                0x10003c10                double2uint_shim
                0x10003c12                double2ufix_shim
 .text.double2int64_shim
                0x10003c1e       0x1a CMakeFiles/galton.dir/Users/samb/.pico-sdk/sdk/2.1.0/src/rp2_common/pico_double/double_v1_rom_shim_rp2040.S.o
                0x10003c1e                double2int64_shim
                0x10003c20                double2fix64_shim
 .text.double2uint64_shim
                0x10003c38       0x70 CMakeFiles/galton.dir/Users/samb/.pico-sdk/sdk/2.1.0/src/rp2_common/pico_double/double_v1_rom_shim_rp2040.S.o
                0x10003c38                double2uint64_shim
                0x10003c3a                double2ufix64_shim
                0x10003c5a                d2fix_a
 .text.double2float_shim
                0x10003ca8       0x5c CMakeFiles/galton.dir/Users/samb/.pico-sdk/sdk/2.1.0/src/rp2_common/pico_double/double_v1_rom_shim_rp2040.S.o
                0x10003ca8                double2float_shim
 .text.x2double_shims
                0x10003d04       0x90 CMakeFiles/galton.dir/Users/samb/.pico-sdk/sdk/2.1.0/src/rp2_common/pico_double/double_v1_rom_shim_rp2040.S.o
                0x10003d04                uint2double_shim
                0x10003d06                ufix2double_shim
                0x10003d0c                int2double_shim
                0x10003d0e                fix2double_shim
                0x10003d14                uint642double_shim
                0x10003d16                ufix642double_shim
                0x10003d1c                int642double_shim
                0x10003d1e                fix642double_shim
 .text.dunpacks
                0x10003d94       0x3c CMakeFiles/galton.dir/Users/samb/.pico-sdk/sdk/2.1.0/src/rp2_common/pico_double/double_v1_rom_shim_rp2040.S.o
                0x10003d94                dunpacks
 .text.dreduce  0x10003dd0       0x82 CMakeFiles/galton.dir/Users/samb/.pico-sdk/sdk/2.1.0/src/rp2_common/pico_double/double_v1_rom_shim_rp2040.S.o
                0x10003dd0                dreduce
 .text.dsin_shim
                0x10003e52       0x14 CMakeFiles/galton.dir/Users/samb/.pico-sdk/sdk/2.1.0/src/rp2_common/pico_double/double_v1_rom_shim_rp2040.S.o
                0x10003e52                dsin_shim
 *fill*         0x10003e66        0x2 
 .text.dtrig_guts
                0x10003e68      0x2ec CMakeFiles/galton.dir/Users/samb/.pico-sdk/sdk/2.1.0/src/rp2_common/pico_double/double_v1_rom_shim_rp2040.S.o
                0x10003f40                datan2_shim
 .text.__aeabi_lmul
                0x10004154       0x32 CMakeFiles/galton.dir/Users/samb/.pico-sdk/sdk/2.1.0/src/rp2_common/pico_int64_ops/pico_int64_ops_aeabi.S.o
                0x10004154                __wrap___aeabi_lmul
 *fill*         0x10004186        0x2 
 .text.__wrap___aeabi_i2f
                0x10004188       0x44 CMakeFiles/galton.dir/Users/samb/.pico-sdk/sdk/2.1.0/src/rp2_common/pico_float/float_aeabi_rp2040.S.o
                0x10004188                int2float
                0x10004188                __wrap___aeabi_i2f
 .text.__wrap___aeabi_f2d
                0x100041cc       0x14 CMakeFiles/galton.dir/Users/samb/.pico-sdk/sdk/2.1.0/src/rp2_common/pico_float/float_aeabi_rp2040.S.o
                0x100041cc                __wrap___aeabi_f2d
 .text.__aeabi_float_init
                0x100041e0       0x64 CMakeFiles/galton.dir/Users/samb/.pico-sdk/sdk/2.1.0/src/rp2_common/pico_float/float_init_rom_rp2040.c.o
                0x100041e0                __aeabi_float_init
 .text.float_table_shim_on_use_helper
                0x10004244       0x2c CMakeFiles/galton.dir/Users/samb/.pico-sdk/sdk/2.1.0/src/rp2_common/pico_float/float_v1_rom_shim_rp2040.S.o
                0x10004244                float_table_shim_on_use_helper
 .text.float2double_shim
                0x10004270       0x30 CMakeFiles/galton.dir/Users/samb/.pico-sdk/sdk/2.1.0/src/rp2_common/pico_float/float_v1_rom_shim_rp2040.S.o
                0x10004270                float2double_shim
 .text.__wrap_malloc
                0x100042a0       0x3c CMakeFiles/galton.dir/Users/samb/.pico-sdk/sdk/2.1.0/src/rp2_common/pico_malloc/malloc.c.o
                0x100042a0                __wrap_malloc
 .text.__wrap_realloc
                0x100042dc       0x40 CMakeFiles/galton.dir/Users/samb/.pico-sdk/sdk/2.1.0/src/rp2_common/pico_malloc/malloc.c.o
                0x100042dc                __wrap_realloc
 .text.__wrap_free
                0x1000431c       0x20 CMakeFiles/galton.dir/Users/samb/.pico-sdk/sdk/2.1.0/src/rp2_common/pico_malloc/malloc.c.o
                0x1000431c                __wrap_free
 .text          0x1000433c       0x10 CMakeFiles/galton.dir/Users/samb/.pico-sdk/sdk/2.1.0/src/rp2_common/pico_mem_ops/mem_ops_aeabi.S.o
                0x1000433c                __aeabi_mem_init
 .text.memset   0x1000434c        0xc CMakeFiles/galton.dir/Users/samb/.pico-sdk/sdk/2.1.0/src/rp2_common/pico_mem_ops/mem_ops_aeabi.S.o
                0x1000434c                __wrap_memset
 .text.memcpy   0x10004358        0xc CMakeFiles/galton.dir/Users/samb/.pico-sdk/sdk/2.1.0/src/rp2_common/pico_mem_ops/mem_ops_aeabi.S.o
                0x10004358                __wrap___aeabi_memcpy
                0x10004358                __wrap_memcpy
 .text._out_buffer
                0x10004364        0x8 CMakeFiles/galton.dir/Users/samb/.pico-sdk/sdk/2.1.0/src/rp2_common/pico_printf/printf.c.o
 .text._out_null
                0x1000436c        0x4 CMakeFiles/galton.dir/Users/samb/.pico-sdk/sdk/2.1.0/src/rp2_common/pico_printf/printf.c.o
 .text._out_rev
                0x10004370       0xac CMakeFiles/galton.dir/Users/samb/.pico-sdk/sdk/2.1.0/src/rp2_common/pico_printf/printf.c.o
 .text._ntoa_format
                0x1000441c      0x250 CMakeFiles/galton.dir/Users/samb/.pico-sdk/sdk/2.1.0/src/rp2_common/pico_printf/printf.c.o
 .text._out_char
                0x1000466c       0x10 CMakeFiles/galton.dir/Users/samb/.pico-sdk/sdk/2.1.0/src/rp2_common/pico_printf/printf.c.o
 .text._etoa    0x1000467c      0x464 CMakeFiles/galton.dir/Users/samb/.pico-sdk/sdk/2.1.0/src/rp2_common/pico_printf/printf.c.o
 .text._ftoa    0x10004ae0      0x3c0 CMakeFiles/galton.dir/Users/samb/.pico-sdk/sdk/2.1.0/src/rp2_common/pico_printf/printf.c.o
 .text._vsnprintf
                0x10004ea0      0xbc8 CMakeFiles/galton.dir/Users/samb/.pico-sdk/sdk/2.1.0/src/rp2_common/pico_printf/printf.c.o
 .text.__wrap_sprintf
                0x10005a68       0x2c CMakeFiles/galton.dir/Users/samb/.pico-sdk/sdk/2.1.0/src/rp2_common/pico_printf/printf.c.o
                0x10005a68                __wrap_sprintf
 .text.weak_raw_printf
                0x10005a94       0x40 CMakeFiles/galton.dir/Users/samb/.pico-sdk/sdk/2.1.0/src/rp2_common/pico_printf/printf.c.o
                0x10005a94                weak_raw_printf
 .text.weak_raw_vprintf
                0x10005ad4       0x30 CMakeFiles/galton.dir/Users/samb/.pico-sdk/sdk/2.1.0/src/rp2_common/pico_printf/printf.c.o
                0x10005ad4                weak_raw_vprintf
 .text._exit    0x10005b04        0x4 CMakeFiles/galton.dir/Users/samb/.pico-sdk/sdk/2.1.0/src/rp2_common/pico_clib_interface/newlib_interface.c.o
                0x10005b04                _exit
 .text._sbrk    0x10005b08       0x34 CMakeFiles/galton.dir/Users/samb/.pico-sdk/sdk/2.1.0/src/rp2_common/pico_clib_interface/newlib_interface.c.o
                0x10005b08                _sbrk
 .text.exit     0x10005b3c        0x8 CMakeFiles/galton.dir/Users/samb/.pico-sdk/sdk/2.1.0/src/rp2_common/pico_clib_interface/newlib_interface.c.o
                0x10005b3c                exit
 .text.__assert_func
                0x10005b44       0x38 CMakeFiles/galton.dir/Users/samb/.pico-sdk/sdk/2.1.0/src/rp2_common/pico_clib_interface/newlib_interface.c.o
                0x10005b44                __assert_func
 .text.runtime_init
                0x10005b7c       0x2c CMakeFiles/galton.dir/Users/samb/.pico-sdk/sdk/2.1.0/src/rp2_common/pico_clib_interface/newlib_interface.c.o
                0x10005b7c                runtime_init
 .text.stdio_out_chars_no_crlf
                0x10005ba8       0x10 CMakeFiles/galton.dir/Users/samb/.pico-sdk/sdk/2.1.0/src/rp2_common/pico_stdio/stdio.c.o
 .text.stdio_out_chars_crlf
                0x10005bb8       0x94 CMakeFiles/galton.dir/Users/samb/.pico-sdk/sdk/2.1.0/src/rp2_common/pico_stdio/stdio.c.o
 .text.stdio_put_string
                0x10005c4c      0x100 CMakeFiles/galton.dir/Users/samb/.pico-sdk/sdk/2.1.0/src/rp2_common/pico_stdio/stdio.c.o
                0x10005c4c                stdio_put_string
 .text.stdio_set_driver_enabled
                0x10005d4c       0x30 CMakeFiles/galton.dir/Users/samb/.pico-sdk/sdk/2.1.0/src/rp2_common/pico_stdio/stdio.c.o
                0x10005d4c                stdio_set_driver_enabled
 .text.stdio_init_all
                0x10005d7c        0xc CMakeFiles/galton.dir/Users/samb/.pico-sdk/sdk/2.1.0/src/rp2_common/pico_stdio/stdio.c.o
                0x10005d7c                stdio_init_all
 .text.__wrap_putchar
                0x10005d88       0x98 CMakeFiles/galton.dir/Users/samb/.pico-sdk/sdk/2.1.0/src/rp2_common/pico_stdio/stdio.c.o
                0x10005d88                stdio_putchar
                0x10005d88                __wrap_putchar
 .text.__wrap_puts
                0x10005e20       0x3c CMakeFiles/galton.dir/Users/samb/.pico-sdk/sdk/2.1.0/src/rp2_common/pico_stdio/stdio.c.o
                0x10005e20                __wrap_puts
                0x10005e20                stdio_puts
 .text.stdio_uart_out_chars
                0x10005e5c       0x4c CMakeFiles/galton.dir/Users/samb/.pico-sdk/sdk/2.1.0/src/rp2_common/pico_stdio_uart/stdio_uart.c.o
 .text.stdio_uart_in_chars
                0x10005ea8       0x90 CMakeFiles/galton.dir/Users/samb/.pico-sdk/sdk/2.1.0/src/rp2_common/pico_stdio_uart/stdio_uart.c.o
                0x10005ea8                stdio_uart_in_chars
 .text.on_uart_rx
                0x10005f38       0x28 CMakeFiles/galton.dir/Users/samb/.pico-sdk/sdk/2.1.0/src/rp2_common/pico_stdio_uart/stdio_uart.c.o
 .text.stdio_uart_out_flush
                0x10005f60       0x14 CMakeFiles/galton.dir/Users/samb/.pico-sdk/sdk/2.1.0/src/rp2_common/pico_stdio_uart/stdio_uart.c.o
 .text.stdio_uart_set_chars_available_callback
                0x10005f74       0x84 CMakeFiles/galton.dir/Users/samb/.pico-sdk/sdk/2.1.0/src/rp2_common/pico_stdio_uart/stdio_uart.c.o
 .text.stdio_uart_init
                0x10005ff8       0x50 CMakeFiles/galton.dir/Users/samb/.pico-sdk/sdk/2.1.0/src/rp2_common/pico_stdio_uart/stdio_uart.c.o
                0x10005ff8                stdio_uart_init
 .text.core1_trampoline
                0x10006048        0x4 CMakeFiles/galton.dir/Users/samb/.pico-sdk/sdk/2.1.0/src/rp2_common/pico_multicore/multicore.c.o
 .text.core1_wrapper
                0x1000604c        0xc CMakeFiles/galton.dir/Users/samb/.pico-sdk/sdk/2.1.0/src/rp2_common/pico_multicore/multicore.c.o
                0x1000604c                core1_wrapper
 .text.multicore_reset_core1
                0x10006058       0x58 CMakeFiles/galton.dir/Users/samb/.pico-sdk/sdk/2.1.0/src/rp2_common/pico_multicore/multicore.c.o
                0x10006058                multicore_reset_core1
 .text.multicore_launch_core1_raw
                0x100060b0       0x84 CMakeFiles/galton.dir/Users/samb/.pico-sdk/sdk/2.1.0/src/rp2_common/pico_multicore/multicore.c.o
                0x100060b0                multicore_launch_core1_raw
 .text.multicore_launch_core1
                0x10006134       0x58 CMakeFiles/galton.dir/Users/samb/.pico-sdk/sdk/2.1.0/src/rp2_common/pico_multicore/multicore.c.o
                0x10006134                multicore_launch_core1
 .text.startup.boot_double_tap_check
                0x1000618c       0x5c CMakeFiles/galton.dir/Users/samb/.pico-sdk/sdk/2.1.0/src/rp2_common/pico_bootsel_via_double_reset/pico_bootsel_via_double_reset.c.o
 .text.spi_init
                0x100061e8      0x13c CMakeFiles/galton.dir/Users/samb/.pico-sdk/sdk/2.1.0/src/rp2_common/hardware_spi/spi.c.o
                0x100061e8                spi_init
 .text.pio_add_program
                0x10006324      0x104 CMakeFiles/galton.dir/Users/samb/.pico-sdk/sdk/2.1.0/src/rp2_common/hardware_pio/pio.c.o
                0x10006324                pio_add_program
 .text.pio_sm_set_consecutive_pindirs
                0x10006428       0xb4 CMakeFiles/galton.dir/Users/samb/.pico-sdk/sdk/2.1.0/src/rp2_common/hardware_pio/pio.c.o
                0x10006428                pio_sm_set_consecutive_pindirs
 .text.pio_sm_init
                0x100064dc       0x9c CMakeFiles/galton.dir/Users/samb/.pico-sdk/sdk/2.1.0/src/rp2_common/hardware_pio/pio.c.o
                0x100064dc                pio_sm_init
 .text.dma_claim_unused_channel
                0x10006578       0x24 CMakeFiles/galton.dir/Users/samb/.pico-sdk/sdk/2.1.0/src/rp2_common/hardware_dma/dma.c.o
                0x10006578                dma_claim_unused_channel
 .text._calloc_r
                0x1000659c       0xa8 /Users/samb/.pico-sdk/toolchain/13_3_Rel1/bin/../lib/gcc/arm-none-eabi/13.3.1/../../../../arm-none-eabi/lib/thumb/v6-m/nofp/libg.a(libc_a-callocr.o)
                0x1000659c                _calloc_r
 .text.malloc   0x10006644       0x14 /Users/samb/.pico-sdk/toolchain/13_3_Rel1/bin/../lib/gcc/arm-none-eabi/13.3.1/../../../../arm-none-eabi/lib/thumb/v6-m/nofp/libg.a(libc_a-malloc.o)
                0x10006644                malloc
 .text.free     0x10006658       0x14 /Users/samb/.pico-sdk/toolchain/13_3_Rel1/bin/../lib/gcc/arm-none-eabi/13.3.1/../../../../arm-none-eabi/lib/thumb/v6-m/nofp/libg.a(libc_a-malloc.o)
                0x10006658                free
 .text._malloc_r
                0x1000666c      0x5c4 /Users/samb/.pico-sdk/toolchain/13_3_Rel1/bin/../lib/gcc/arm-none-eabi/13.3.1/../../../../arm-none-eabi/lib/thumb/v6-m/nofp/libg.a(libc_a-mallocr.o)
                0x1000666c                _malloc_r
 .text.__malloc_lock
                0x10006c30       0x10 /Users/samb/.pico-sdk/toolchain/13_3_Rel1/bin/../lib/gcc/arm-none-eabi/13.3.1/../../../../arm-none-eabi/lib/thumb/v6-m/nofp/libg.a(libc_a-mlock.o)
                0x10006c30                __malloc_lock
 .text.__malloc_unlock
                0x10006c40       0x10 /Users/samb/.pico-sdk/toolchain/13_3_Rel1/bin/../lib/gcc/arm-none-eabi/13.3.1/../../../../arm-none-eabi/lib/thumb/v6-m/nofp/libg.a(libc_a-mlock.o)
                0x10006c40                __malloc_unlock
 .text.rand     0x10006c50       0x34 /Users/samb/.pico-sdk/toolchain/13_3_Rel1/bin/../lib/gcc/arm-none-eabi/13.3.1/../../../../arm-none-eabi/lib/thumb/v6-m/nofp/libg.a(libc_a-rand.o)
                0x10006c50                rand
 .text.realloc  0x10006c84       0x18 /Users/samb/.pico-sdk/toolchain/13_3_Rel1/bin/../lib/gcc/arm-none-eabi/13.3.1/../../../../arm-none-eabi/lib/thumb/v6-m/nofp/libg.a(libc_a-realloc.o)
                0x10006c84                realloc
 .text._realloc_r
                0x10006c9c      0x350 /Users/samb/.pico-sdk/toolchain/13_3_Rel1/bin/../lib/gcc/arm-none-eabi/13.3.1/../../../../arm-none-eabi/lib/thumb/v6-m/nofp/libg.a(libc_a-reallocr.o)
                0x10006c9c                _realloc_r
 .text.sscanf   0x10006fec       0x54 /Users/samb/.pico-sdk/toolchain/13_3_Rel1/bin/../lib/gcc/arm-none-eabi/13.3.1/../../../../arm-none-eabi/lib/thumb/v6-m/nofp/libg.a(libc_a-sscanf.o)
                0x10006fec                sscanf
 .text.__seofread
                0x10007040        0x4 /Users/samb/.pico-sdk/toolchain/13_3_Rel1/bin/../lib/gcc/arm-none-eabi/13.3.1/../../../../arm-none-eabi/lib/thumb/v6-m/nofp/libg.a(libc_a-stdio.o)
                0x10007040                __seofread
 .text.memmove  0x10007044       0xb0 /Users/samb/.pico-sdk/toolchain/13_3_Rel1/bin/../lib/gcc/arm-none-eabi/13.3.1/../../../../arm-none-eabi/lib/thumb/v6-m/nofp/libg.a(libc_a-memmove.o)
                0x10007044                memmove
 .text._sbrk_r  0x100070f4       0x24 /Users/samb/.pico-sdk/toolchain/13_3_Rel1/bin/../lib/gcc/arm-none-eabi/13.3.1/../../../../arm-none-eabi/lib/thumb/v6-m/nofp/libg.a(libc_a-sbrkr.o)
                0x100070f4                _sbrk_r
 .text.__errno  0x10007118        0xc /Users/samb/.pico-sdk/toolchain/13_3_Rel1/bin/../lib/gcc/arm-none-eabi/13.3.1/../../../../arm-none-eabi/lib/thumb/v6-m/nofp/libg.a(libc_a-errno.o)
                0x10007118                __errno
 .text.sysconf  0x10007124       0x1c /Users/samb/.pico-sdk/toolchain/13_3_Rel1/bin/../lib/gcc/arm-none-eabi/13.3.1/../../../../arm-none-eabi/lib/thumb/v6-m/nofp/libg.a(libc_a-sysconf.o)
                0x10007124                sysconf
 .text          0x10007140       0x88 /Users/samb/.pico-sdk/toolchain/13_3_Rel1/bin/../lib/gcc/arm-none-eabi/13.3.1/../../../../arm-none-eabi/lib/thumb/v6-m/nofp/libg.a(libc_a-strcmp.o)
                0x10007140                strcmp
 .text.__retarget_lock_acquire_recursive
                0x100071c8        0x4 /Users/samb/.pico-sdk/toolchain/13_3_Rel1/bin/../lib/gcc/arm-none-eabi/13.3.1/../../../../arm-none-eabi/lib/thumb/v6-m/nofp/libg.a(libc_a-lock.o)
                0x100071c8                __retarget_lock_acquire_recursive
 .text.__retarget_lock_release_recursive
                0x100071cc        0x4 /Users/samb/.pico-sdk/toolchain/13_3_Rel1/bin/../lib/gcc/arm-none-eabi/13.3.1/../../../../arm-none-eabi/lib/thumb/v6-m/nofp/libg.a(libc_a-lock.o)
                0x100071cc                __retarget_lock_release_recursive
 .text.strlen   0x100071d0       0x5c /Users/samb/.pico-sdk/toolchain/13_3_Rel1/bin/../lib/gcc/arm-none-eabi/13.3.1/../../../../arm-none-eabi/lib/thumb/v6-m/nofp/libg.a(libc_a-strlen-stub.o)
                0x100071d0                strlen
 .text._malloc_trim_r
                0x1000722c       0xb4 /Users/samb/.pico-sdk/toolchain/13_3_Rel1/bin/../lib/gcc/arm-none-eabi/13.3.1/../../../../arm-none-eabi/lib/thumb/v6-m/nofp/libg.a(libc_a-freer.o)
                0x1000722c                _malloc_trim_r
 .text._free_r  0x100072e0      0x1d4 /Users/samb/.pico-sdk/toolchain/13_3_Rel1/bin/../lib/gcc/arm-none-eabi/13.3.1/../../../../arm-none-eabi/lib/thumb/v6-m/nofp/libg.a(libc_a-freer.o)
                0x100072e0                _free_r
 .text._sungetc_r
                0x100074b4       0x80 /Users/samb/.pico-sdk/toolchain/13_3_Rel1/bin/../lib/gcc/arm-none-eabi/13.3.1/../../../../arm-none-eabi/lib/thumb/v6-m/nofp/libg.a(libc_a-svfiscanf.o)
                0x100074b4                _sungetc_r
 .text.__ssrefill_r
                0x10007534       0x40 /Users/samb/.pico-sdk/toolchain/13_3_Rel1/bin/../lib/gcc/arm-none-eabi/13.3.1/../../../../arm-none-eabi/lib/thumb/v6-m/nofp/libg.a(libc_a-svfiscanf.o)
                0x10007534                __ssrefill_r
 .text._sfread_r
                0x10007574       0xbc /Users/samb/.pico-sdk/toolchain/13_3_Rel1/bin/../lib/gcc/arm-none-eabi/13.3.1/../../../../arm-none-eabi/lib/thumb/v6-m/nofp/libg.a(libc_a-svfiscanf.o)
                0x10007574                _sfread_r
 .text.__ssvfscanf_r
                0x10007630     0x18bc /Users/samb/.pico-sdk/toolchain/13_3_Rel1/bin/../lib/gcc/arm-none-eabi/13.3.1/../../../../arm-none-eabi/lib/thumb/v6-m/nofp/libg.a(libc_a-svfscanf.o)
                0x10007630                __ssvfscanf_r
 .text.sulp     0x10008eec       0x30 /Users/samb/.pico-sdk/toolchain/13_3_Rel1/bin/../lib/gcc/arm-none-eabi/13.3.1/../../../../arm-none-eabi/lib/thumb/v6-m/nofp/libg.a(libc_a-strtod.o)
 .text._strtod_l
                0x10008f1c      0xeb8 /Users/samb/.pico-sdk/toolchain/13_3_Rel1/bin/../lib/gcc/arm-none-eabi/13.3.1/../../../../arm-none-eabi/lib/thumb/v6-m/nofp/libg.a(libc_a-strtod.o)
                0x10008f1c                _strtod_l
 .text._strtod_r
                0x10009dd4       0x10 /Users/samb/.pico-sdk/toolchain/13_3_Rel1/bin/../lib/gcc/arm-none-eabi/13.3.1/../../../../arm-none-eabi/lib/thumb/v6-m/nofp/libg.a(libc_a-strtod.o)
                0x10009dd4                _strtod_r
 .text._strtol_l.isra.0
                0x10009de4      0x158 /Users/samb/.pico-sdk/toolchain/13_3_Rel1/bin/../lib/gcc/arm-none-eabi/13.3.1/../../../../arm-none-eabi/lib/thumb/v6-m/nofp/libg.a(libc_a-strtol.o)
 .text._strtol_r
                0x10009f3c        0x8 /Users/samb/.pico-sdk/toolchain/13_3_Rel1/bin/../lib/gcc/arm-none-eabi/13.3.1/../../../../arm-none-eabi/lib/thumb/v6-m/nofp/libg.a(libc_a-strtol.o)
                0x10009f3c                _strtol_r
 .text._strtoul_l.isra.0
                0x10009f44      0x144 /Users/samb/.pico-sdk/toolchain/13_3_Rel1/bin/../lib/gcc/arm-none-eabi/13.3.1/../../../../arm-none-eabi/lib/thumb/v6-m/nofp/libg.a(libc_a-strtoul.o)
 .text._strtoul_r
                0x1000a088        0x8 /Users/samb/.pico-sdk/toolchain/13_3_Rel1/bin/../lib/gcc/arm-none-eabi/13.3.1/../../../../arm-none-eabi/lib/thumb/v6-m/nofp/libg.a(libc_a-strtoul.o)
                0x1000a088                _strtoul_r
 .text.__sccl   0x1000a090       0x80 /Users/samb/.pico-sdk/toolchain/13_3_Rel1/bin/../lib/gcc/arm-none-eabi/13.3.1/../../../../arm-none-eabi/lib/thumb/v6-m/nofp/libg.a(libc_a-sccl.o)
                0x1000a090                __sccl
 .text.__submore
                0x1000a110       0x84 /Users/samb/.pico-sdk/toolchain/13_3_Rel1/bin/../lib/gcc/arm-none-eabi/13.3.1/../../../../arm-none-eabi/lib/thumb/v6-m/nofp/libg.a(libc_a-ungetc.o)
                0x1000a110                __submore
 .text.strncmp  0x1000a194       0x74 /Users/samb/.pico-sdk/toolchain/13_3_Rel1/bin/../lib/gcc/arm-none-eabi/13.3.1/../../../../arm-none-eabi/lib/thumb/v6-m/nofp/libg.a(libc_a-strncmp.o)
                0x1000a194                strncmp
 .text.stpncpy  0x1000a208       0x78 /Users/samb/.pico-sdk/toolchain/13_3_Rel1/bin/../lib/gcc/arm-none-eabi/13.3.1/../../../../arm-none-eabi/lib/thumb/v6-m/nofp/libg.a(libc_a-stpncpy.o)
                0x1000a208                stpncpy
 .text.__locale_mb_cur_max
                0x1000a280       0x10 /Users/samb/.pico-sdk/toolchain/13_3_Rel1/bin/../lib/gcc/arm-none-eabi/13.3.1/../../../../arm-none-eabi/lib/thumb/v6-m/nofp/libg.a(libc_a-locale.o)
                0x1000a280                __locale_mb_cur_max
 .text._localeconv_r
                0x1000a290        0x8 /Users/samb/.pico-sdk/toolchain/13_3_Rel1/bin/../lib/gcc/arm-none-eabi/13.3.1/../../../../arm-none-eabi/lib/thumb/v6-m/nofp/libg.a(libc_a-localeconv.o)
                0x1000a290                _localeconv_r
 .text._strtoll_l.isra.0
                0x1000a298      0x1a0 /Users/samb/.pico-sdk/toolchain/13_3_Rel1/bin/../lib/gcc/arm-none-eabi/13.3.1/../../../../arm-none-eabi/lib/thumb/v6-m/nofp/libg.a(libc_a-strtoll.o)
 .text._strtoll_r
                0x1000a438        0x8 /Users/samb/.pico-sdk/toolchain/13_3_Rel1/bin/../lib/gcc/arm-none-eabi/13.3.1/../../../../arm-none-eabi/lib/thumb/v6-m/nofp/libg.a(libc_a-strtoll.o)
                0x1000a438                _strtoll_r
 .text._strtoull_l.isra.0
                0x1000a440      0x1c4 /Users/samb/.pico-sdk/toolchain/13_3_Rel1/bin/../lib/gcc/arm-none-eabi/13.3.1/../../../../arm-none-eabi/lib/thumb/v6-m/nofp/libg.a(libc_a-strtoull.o)
 .text._strtoull_r
                0x1000a604        0x8 /Users/samb/.pico-sdk/toolchain/13_3_Rel1/bin/../lib/gcc/arm-none-eabi/13.3.1/../../../../arm-none-eabi/lib/thumb/v6-m/nofp/libg.a(libc_a-strtoull.o)
                0x1000a604                _strtoull_r
 .text._mbrtowc_r
                0x1000a60c       0x54 /Users/samb/.pico-sdk/toolchain/13_3_Rel1/bin/../lib/gcc/arm-none-eabi/13.3.1/../../../../arm-none-eabi/lib/thumb/v6-m/nofp/libg.a(libc_a-mbrtowc.o)
                0x1000a60c                _mbrtowc_r
 .text.iswspace
                0x1000a660        0xc /Users/samb/.pico-sdk/toolchain/13_3_Rel1/bin/../lib/gcc/arm-none-eabi/13.3.1/../../../../arm-none-eabi/lib/thumb/v6-m/nofp/libg.a(libc_a-iswspace.o)
                0x1000a660                iswspace
 .text.iswspace_l
                0x1000a66c       0x24 /Users/samb/.pico-sdk/toolchain/13_3_Rel1/bin/../lib/gcc/arm-none-eabi/13.3.1/../../../../arm-none-eabi/lib/thumb/v6-m/nofp/libg.a(libc_a-iswspace_l.o)
                0x1000a66c                iswspace_l
 .text.nan      0x1000a690        0xc /Users/samb/.pico-sdk/toolchain/13_3_Rel1/bin/../lib/gcc/arm-none-eabi/13.3.1/../../../../arm-none-eabi/lib/thumb/v6-m/nofp/libg.a(libm_a-s_nan.o)
                0x1000a690                nan
 .text.nanf     0x1000a69c        0x8 /Users/samb/.pico-sdk/toolchain/13_3_Rel1/bin/../lib/gcc/arm-none-eabi/13.3.1/../../../../arm-none-eabi/lib/thumb/v6-m/nofp/libg.a(libm_a-sf_nan.o)
                0x1000a69c                nanf
 .text.__jp2uc  0x1000a6a4      0x154 /Users/samb/.pico-sdk/toolchain/13_3_Rel1/bin/../lib/gcc/arm-none-eabi/13.3.1/../../../../arm-none-eabi/lib/thumb/v6-m/nofp/libg.a(libc_a-jp2uc.o)
 .text._jp2uc_l
                0x1000a7f8       0x68 /Users/samb/.pico-sdk/toolchain/13_3_Rel1/bin/../lib/gcc/arm-none-eabi/13.3.1/../../../../arm-none-eabi/lib/thumb/v6-m/nofp/libg.a(libc_a-jp2uc.o)
                0x1000a7f8                _jp2uc_l
 .text.category
                0x1000a860       0x54 /Users/samb/.pico-sdk/toolchain/13_3_Rel1/bin/../lib/gcc/arm-none-eabi/13.3.1/../../../../arm-none-eabi/lib/thumb/v6-m/nofp/libg.a(libc_a-categories.o)
                0x1000a860                category
 .text.rshift   0x1000a8b4       0xb0 /Users/samb/.pico-sdk/toolchain/13_3_Rel1/bin/../lib/gcc/arm-none-eabi/13.3.1/../../../../arm-none-eabi/lib/thumb/v6-m/nofp/libg.a(libc_a-gdtoa-gethex.o)
 .text.__gethex
                0x1000a964      0x5a8 /Users/samb/.pico-sdk/toolchain/13_3_Rel1/bin/../lib/gcc/arm-none-eabi/13.3.1/../../../../arm-none-eabi/lib/thumb/v6-m/nofp/libg.a(libc_a-gdtoa-gethex.o)
                0x1000a964                __gethex
 .text.__match  0x1000af0c       0x2c /Users/samb/.pico-sdk/toolchain/13_3_Rel1/bin/../lib/gcc/arm-none-eabi/13.3.1/../../../../arm-none-eabi/lib/thumb/v6-m/nofp/libg.a(libc_a-gdtoa-hexnan.o)
                0x1000af0c                __match
 .text.__hexnan
                0x1000af38      0x204 /Users/samb/.pico-sdk/toolchain/13_3_Rel1/bin/../lib/gcc/arm-none-eabi/13.3.1/../../../../arm-none-eabi/lib/thumb/v6-m/nofp/libg.a(libc_a-gdtoa-hexnan.o)
                0x1000af38                __hexnan
 .text.__ascii_mbtowc
                0x1000b13c       0x2c /Users/samb/.pico-sdk/toolchain/13_3_Rel1/bin/../lib/gcc/arm-none-eabi/13.3.1/../../../../arm-none-eabi/lib/thumb/v6-m/nofp/libg.a(libc_a-mbtowc_r.o)
                0x1000b13c                __ascii_mbtowc
 .text._Balloc  0x1000b168       0x50 /Users/samb/.pico-sdk/toolchain/13_3_Rel1/bin/../lib/gcc/arm-none-eabi/13.3.1/../../../../arm-none-eabi/lib/thumb/v6-m/nofp/libg.a(libc_a-mprec.o)
                0x1000b168                _Balloc
 .text._Bfree   0x1000b1b8       0x14 /Users/samb/.pico-sdk/toolchain/13_3_Rel1/bin/../lib/gcc/arm-none-eabi/13.3.1/../../../../arm-none-eabi/lib/thumb/v6-m/nofp/libg.a(libc_a-mprec.o)
                0x1000b1b8                _Bfree
 .text.__multadd
                0x1000b1cc       0xa8 /Users/samb/.pico-sdk/toolchain/13_3_Rel1/bin/../lib/gcc/arm-none-eabi/13.3.1/../../../../arm-none-eabi/lib/thumb/v6-m/nofp/libg.a(libc_a-mprec.o)
                0x1000b1cc                __multadd
 .text.__s2b    0x1000b274       0xb0 /Users/samb/.pico-sdk/toolchain/13_3_Rel1/bin/../lib/gcc/arm-none-eabi/13.3.1/../../../../arm-none-eabi/lib/thumb/v6-m/nofp/libg.a(libc_a-mprec.o)
                0x1000b274                __s2b
 .text.__hi0bits
                0x1000b324       0x4c /Users/samb/.pico-sdk/toolchain/13_3_Rel1/bin/../lib/gcc/arm-none-eabi/13.3.1/../../../../arm-none-eabi/lib/thumb/v6-m/nofp/libg.a(libc_a-mprec.o)
                0x1000b324                __hi0bits
 .text.__lo0bits
                0x1000b370       0x5c /Users/samb/.pico-sdk/toolchain/13_3_Rel1/bin/../lib/gcc/arm-none-eabi/13.3.1/../../../../arm-none-eabi/lib/thumb/v6-m/nofp/libg.a(libc_a-mprec.o)
                0x1000b370                __lo0bits
 .text.__i2b    0x1000b3cc       0x60 /Users/samb/.pico-sdk/toolchain/13_3_Rel1/bin/../lib/gcc/arm-none-eabi/13.3.1/../../../../arm-none-eabi/lib/thumb/v6-m/nofp/libg.a(libc_a-mprec.o)
                0x1000b3cc                __i2b
 .text.__multiply
                0x1000b42c      0x1ac /Users/samb/.pico-sdk/toolchain/13_3_Rel1/bin/../lib/gcc/arm-none-eabi/13.3.1/../../../../arm-none-eabi/lib/thumb/v6-m/nofp/libg.a(libc_a-mprec.o)
                0x1000b42c                __multiply
 .text.__pow5mult
                0x1000b5d8       0xd0 /Users/samb/.pico-sdk/toolchain/13_3_Rel1/bin/../lib/gcc/arm-none-eabi/13.3.1/../../../../arm-none-eabi/lib/thumb/v6-m/nofp/libg.a(libc_a-mprec.o)
                0x1000b5d8                __pow5mult
 .text.__lshift
                0x1000b6a8       0xfc /Users/samb/.pico-sdk/toolchain/13_3_Rel1/bin/../lib/gcc/arm-none-eabi/13.3.1/../../../../arm-none-eabi/lib/thumb/v6-m/nofp/libg.a(libc_a-mprec.o)
                0x1000b6a8                __lshift
 .text.__mcmp   0x1000b7a4       0x3c /Users/samb/.pico-sdk/toolchain/13_3_Rel1/bin/../lib/gcc/arm-none-eabi/13.3.1/../../../../arm-none-eabi/lib/thumb/v6-m/nofp/libg.a(libc_a-mprec.o)
                0x1000b7a4                __mcmp
 .text.__mdiff  0x1000b7e0      0x1b4 /Users/samb/.pico-sdk/toolchain/13_3_Rel1/bin/../lib/gcc/arm-none-eabi/13.3.1/../../../../arm-none-eabi/lib/thumb/v6-m/nofp/libg.a(libc_a-mprec.o)
                0x1000b7e0                __mdiff
 .text.__ulp    0x1000b994       0x40 /Users/samb/.pico-sdk/toolchain/13_3_Rel1/bin/../lib/gcc/arm-none-eabi/13.3.1/../../../../arm-none-eabi/lib/thumb/v6-m/nofp/libg.a(libc_a-mprec.o)
                0x1000b994                __ulp
 .text.__b2d    0x1000b9d4       0xb8 /Users/samb/.pico-sdk/toolchain/13_3_Rel1/bin/../lib/gcc/arm-none-eabi/13.3.1/../../../../arm-none-eabi/lib/thumb/v6-m/nofp/libg.a(libc_a-mprec.o)
                0x1000b9d4                __b2d
 .text.__d2b    0x1000ba8c       0xcc /Users/samb/.pico-sdk/toolchain/13_3_Rel1/bin/../lib/gcc/arm-none-eabi/13.3.1/../../../../arm-none-eabi/lib/thumb/v6-m/nofp/libg.a(libc_a-mprec.o)
                0x1000ba8c                __d2b
 .text.__ratio  0x1000bb58       0x68 /Users/samb/.pico-sdk/toolchain/13_3_Rel1/bin/../lib/gcc/arm-none-eabi/13.3.1/../../../../arm-none-eabi/lib/thumb/v6-m/nofp/libg.a(libc_a-mprec.o)
                0x1000bb58                __ratio
 .text.__copybits
                0x1000bbc0       0x40 /Users/samb/.pico-sdk/toolchain/13_3_Rel1/bin/../lib/gcc/arm-none-eabi/13.3.1/../../../../arm-none-eabi/lib/thumb/v6-m/nofp/libg.a(libc_a-mprec.o)
                0x1000bbc0                __copybits
 .text.__any_on
                0x1000bc00       0x4c /Users/samb/.pico-sdk/toolchain/13_3_Rel1/bin/../lib/gcc/arm-none-eabi/13.3.1/../../../../arm-none-eabi/lib/thumb/v6-m/nofp/libg.a(libc_a-mprec.o)
                0x1000bc00                __any_on
 .text.__ascii_wctomb
                0x1000bc4c       0x1c /Users/samb/.pico-sdk/toolchain/13_3_Rel1/bin/../lib/gcc/arm-none-eabi/13.3.1/../../../../arm-none-eabi/lib/thumb/v6-m/nofp/libg.a(libc_a-wctomb_r.o)
                0x1000bc4c                __ascii_wctomb
 *(.fini)
 .fini          0x1000bc68        0x4 /Users/samb/.pico-sdk/toolchain/13_3_Rel1/bin/../lib/gcc/arm-none-eabi/13.3.1/thumb/v6-m/nofp/crti.o
                0x1000bc68                _fini
 *fill*         0x1000bc6c        0x4 
 .fini.__stub   0x1000bc70       0x50 linker stubs
 *crtbegin.o(.ctors)
 *crtbegin?.o(.ctors)
 *(EXCLUDE_FILE(*crtend.o *crtend?.o) .ctors)
 *(SORT_BY_NAME(.ctors.*))
 *(.ctors)
 *crtbegin.o(.dtors)
 *crtbegin?.o(.dtors)
 *(EXCLUDE_FILE(*crtend.o *crtend?.o) .dtors)
 *(SORT_BY_NAME(.dtors.*))
 *(.dtors)
                0x1000bcc0                        . = ALIGN (0x4)
                0x1000bcc0                        PROVIDE (__preinit_array_start = .)
 *(SORT_BY_NAME(.preinit_array.*))
 .preinit_array.00100
                0x1000bcc0        0x4 CMakeFiles/galton.dir/Users/samb/.pico-sdk/sdk/2.1.0/src/rp2_common/pico_runtime_init/runtime_init.c.o
                0x1000bcc0                __pre_init_runtime_init_early_resets
 .preinit_array.00101
                0x1000bcc4        0x4 CMakeFiles/galton.dir/Users/samb/.pico-sdk/sdk/2.1.0/src/rp2_common/pico_runtime_init/runtime_init.c.o
                0x1000bcc4                __pre_init_runtime_init_usb_power_down
 .preinit_array.00275
                0x1000bcc8        0x4 CMakeFiles/galton.dir/Users/samb/.pico-sdk/sdk/2.1.0/src/rp2_common/pico_bit_ops/bit_ops_aeabi.S.o
 .preinit_array.00300
                0x1000bccc        0x4 CMakeFiles/galton.dir/Users/samb/.pico-sdk/sdk/2.1.0/src/rp2_common/pico_mem_ops/mem_ops_aeabi.S.o
 .preinit_array.00350
                0x1000bcd0        0x4 CMakeFiles/galton.dir/Users/samb/.pico-sdk/sdk/2.1.0/src/rp2_common/pico_double/double_aeabi_rp2040.S.o
 .preinit_array.00350
                0x1000bcd4        0x4 CMakeFiles/galton.dir/Users/samb/.pico-sdk/sdk/2.1.0/src/rp2_common/pico_float/float_aeabi_rp2040.S.o
 .preinit_array.00500
                0x1000bcd8        0x4 CMakeFiles/galton.dir/Users/samb/.pico-sdk/sdk/2.1.0/src/rp2_common/pico_runtime_init/runtime_init.c.o
                0x1000bcd8                __pre_init_runtime_init_clocks
 .preinit_array.00600
                0x1000bcdc        0x4 CMakeFiles/galton.dir/Users/samb/.pico-sdk/sdk/2.1.0/src/rp2_common/pico_runtime_init/runtime_init.c.o
                0x1000bcdc                __pre_init_runtime_init_post_clock_resets
 .preinit_array.00700
                0x1000bce0        0x4 CMakeFiles/galton.dir/Users/samb/.pico-sdk/sdk/2.1.0/src/rp2_common/pico_runtime_init/runtime_init.c.o
                0x1000bce0                __pre_init_runtime_init_rp2040_gpio_ie_disable
 .preinit_array.01000
                0x1000bce4        0x4 CMakeFiles/galton.dir/Users/samb/.pico-sdk/sdk/2.1.0/src/rp2_common/pico_runtime_init/runtime_init.c.o
                0x1000bce4                __pre_init_runtime_init_spin_locks_reset
 .preinit_array.01100
                0x1000bce8        0x4 CMakeFiles/galton.dir/Users/samb/.pico-sdk/sdk/2.1.0/src/common/pico_sync/mutex.c.o
                0x1000bce8                __pre_init_runtime_init_mutex
 .preinit_array.10080
                0x1000bcec        0x4 CMakeFiles/galton.dir/Users/samb/.pico-sdk/sdk/2.1.0/src/rp2_common/pico_runtime_init/runtime_init.c.o
                0x1000bcec                __pre_init_runtime_init_install_ram_vector_table
 .preinit_array.11000
                0x1000bcf0        0x4 CMakeFiles/galton.dir/Users/samb/.pico-sdk/sdk/2.1.0/src/common/pico_time/time.c.o
                0x1000bcf0                __pre_init_runtime_init_default_alarm_pool
 .preinit_array.YYYYY
                0x1000bcf4        0x4 CMakeFiles/galton.dir/Users/samb/.pico-sdk/sdk/2.1.0/src/rp2_common/pico_runtime/runtime.c.o
                0x1000bcf4                __pre_init_first_per_core_initializer
 .preinit_array.ZZZZZ.01200
                0x1000bcf8        0x4 CMakeFiles/galton.dir/Users/samb/.pico-sdk/sdk/2.1.0/src/rp2_common/hardware_irq/irq.c.o
                0x1000bcf8                __pre_init_runtime_init_per_core_irq_priorities
 *(.preinit_array)
                0x1000bcfc                        PROVIDE (__preinit_array_end = .)
                0x1000bcfc                        . = ALIGN (0x4)
                0x1000bcfc                        PROVIDE (__init_array_start = .)
 *(SORT_BY_NAME(.init_array.*))
 *(.init_array)
 .init_array    0x1000bcfc        0x4 /Users/samb/.pico-sdk/toolchain/13_3_Rel1/bin/../lib/gcc/arm-none-eabi/13.3.1/thumb/v6-m/nofp/crtbegin.o
 .init_array    0x1000bd00        0x4 CMakeFiles/galton.dir/Users/samb/.pico-sdk/sdk/2.1.0/src/rp2_common/pico_bootsel_via_double_reset/pico_bootsel_via_double_reset.c.o
                0x1000bd04                        PROVIDE (__init_array_end = .)
                0x1000bd04                        . = ALIGN (0x4)
                [!provide]                        PROVIDE (__fini_array_start = .)
 *(SORT_BY_NAME(.fini_array.*))
 *(.fini_array)
                [!provide]                        PROVIDE (__fini_array_end = .)
 *(.eh_frame*)
 .eh_frame      0x1000bd04        0x0 /Users/samb/.pico-sdk/toolchain/13_3_Rel1/bin/../lib/gcc/arm-none-eabi/13.3.1/thumb/v6-m/nofp/crtbegin.o
                0x1000bd04                        . = ALIGN (0x4)

.glue_7         0x1000bd04        0x0
 .glue_7        0x1000bd04        0x0 linker stubs

.glue_7t        0x1000bd04        0x0
 .glue_7t       0x1000bd04        0x0 linker stubs

.vfp11_veneer   0x1000bd04        0x0
 .vfp11_veneer  0x1000bd04        0x0 linker stubs

.v4_bx          0x1000bd04        0x0
 .v4_bx         0x1000bd04        0x0 linker stubs

.iplt           0x1000bd04        0x0
 .iplt          0x1000bd04        0x0 /Users/samb/.pico-sdk/toolchain/13_3_Rel1/bin/../lib/gcc/arm-none-eabi/13.3.1/thumb/v6-m/nofp/crtbegin.o

.rodata         0x1000bd08     0x78a8
 *(EXCLUDE_FILE(*libm.a: *libc.a:*lib_a-mem*.o *libgcc.a:) .rodata*)
 .rodata.protothread_serial.str1.4
                0x1000bd08      0x2e6 CMakeFiles/galton.dir/src/main.c.o
                                 0x43 (size before relaxing)
 *fill*         0x1000bfee        0x2 
 .rodata.SPAWN_POINT
                0x1000bff0        0x8 CMakeFiles/galton.dir/src/ball.c.o
 .rodata.GRAVITY
                0x1000bff8        0x8 CMakeFiles/galton.dir/src/ball.c.o
 .rodata.rgb_program
                0x1000c000        0x8 CMakeFiles/galton.dir/src/vga16_graphics.c.o
 .rodata.rgb_program_instructions
                0x1000c008       0x12 CMakeFiles/galton.dir/src/vga16_graphics.c.o
 *fill*         0x1000c01a        0x2 
 .rodata.vsync_program
                0x1000c01c        0x8 CMakeFiles/galton.dir/src/vga16_graphics.c.o
 .rodata.vsync_program_instructions
                0x1000c024       0x1c CMakeFiles/galton.dir/src/vga16_graphics.c.o
 .rodata.hsync_program
                0x1000c040        0x8 CMakeFiles/galton.dir/src/vga16_graphics.c.o
 .rodata.hsync_program_instructions
                0x1000c048       0x12 CMakeFiles/galton.dir/src/vga16_graphics.c.o
 .rodata.panic.str1.4
                0x1000c05a       0x12 CMakeFiles/galton.dir/Users/samb/.pico-sdk/sdk/2.1.0/src/rp2_common/pico_platform_panic/panic.c.o
 .rodata.timer_hardware_alarm_claim.str1.4
                0x1000c05a       0x22 CMakeFiles/galton.dir/Users/samb/.pico-sdk/sdk/2.1.0/src/rp2_common/hardware_timer/timer.c.o
 .rodata.hard_assertion_failure.str1.4
                0x1000c05a        0xc CMakeFiles/galton.dir/Users/samb/.pico-sdk/sdk/2.1.0/src/rp2_common/pico_runtime/runtime.c.o
 .rodata.__wrap_malloc.str1.4
                0x1000c05a        0xe CMakeFiles/galton.dir/Users/samb/.pico-sdk/sdk/2.1.0/src/rp2_common/pico_malloc/malloc.c.o
 .rodata.str1.4
                0x1000c05a       0x3c CMakeFiles/galton.dir/Users/samb/.pico-sdk/sdk/2.1.0/src/rp2_common/pico_standard_binary_info/standard_binary_info.c.o
 *fill*         0x1000c05a        0x2 
 .rodata.__bi_84
                0x1000c05c        0xc CMakeFiles/galton.dir/Users/samb/.pico-sdk/sdk/2.1.0/src/rp2_common/pico_standard_binary_info/standard_binary_info.c.o
 .rodata.__bi_78
                0x1000c068        0xc CMakeFiles/galton.dir/Users/samb/.pico-sdk/sdk/2.1.0/src/rp2_common/pico_standard_binary_info/standard_binary_info.c.o
 .rodata.__bi_54
                0x1000c074        0xc CMakeFiles/galton.dir/Users/samb/.pico-sdk/sdk/2.1.0/src/rp2_common/pico_standard_binary_info/standard_binary_info.c.o
 .rodata.__bi_48
                0x1000c080        0xc CMakeFiles/galton.dir/Users/samb/.pico-sdk/sdk/2.1.0/src/rp2_common/pico_standard_binary_info/standard_binary_info.c.o
 .rodata.__bi_42
                0x1000c08c        0xc CMakeFiles/galton.dir/Users/samb/.pico-sdk/sdk/2.1.0/src/rp2_common/pico_standard_binary_info/standard_binary_info.c.o
 .rodata.__bi_34
                0x1000c098        0xc CMakeFiles/galton.dir/Users/samb/.pico-sdk/sdk/2.1.0/src/rp2_common/pico_standard_binary_info/standard_binary_info.c.o
 .rodata.__bi_26
                0x1000c0a4        0xc CMakeFiles/galton.dir/Users/samb/.pico-sdk/sdk/2.1.0/src/rp2_common/pico_standard_binary_info/standard_binary_info.c.o
 .rodata._ftoa.str1.4
                0x1000c0b0       0x15 CMakeFiles/galton.dir/Users/samb/.pico-sdk/sdk/2.1.0/src/rp2_common/pico_printf/printf.c.o
 .rodata._vsnprintf
                0x1000c0b0      0x19c CMakeFiles/galton.dir/Users/samb/.pico-sdk/sdk/2.1.0/src/rp2_common/pico_printf/printf.c.o
 *fill*         0x1000c24c        0x4 
 .rodata.pow10.0
                0x1000c250       0x50 CMakeFiles/galton.dir/Users/samb/.pico-sdk/sdk/2.1.0/src/rp2_common/pico_printf/printf.c.o
 .rodata.__assert_func.str1.4
                0x1000c2a0       0x43 CMakeFiles/galton.dir/Users/samb/.pico-sdk/sdk/2.1.0/src/rp2_common/pico_clib_interface/newlib_interface.c.o
 .rodata.crlf_str.0
                0x1000c2a0        0x2 CMakeFiles/galton.dir/Users/samb/.pico-sdk/sdk/2.1.0/src/rp2_common/pico_stdio/stdio.c.o
 .rodata.str1.4
                0x1000c2a2       0x2c CMakeFiles/galton.dir/Users/samb/.pico-sdk/sdk/2.1.0/src/rp2_common/pico_stdio_uart/stdio_uart.c.o
 *fill*         0x1000c2a2        0x2 
 .rodata.__bi_45.4
                0x1000c2a4        0xc CMakeFiles/galton.dir/Users/samb/.pico-sdk/sdk/2.1.0/src/rp2_common/pico_stdio_uart/stdio_uart.c.o
 .rodata.__bi_49.5
                0x1000c2b0        0x8 CMakeFiles/galton.dir/Users/samb/.pico-sdk/sdk/2.1.0/src/rp2_common/pico_stdio_uart/stdio_uart.c.o
 .rodata.__bi_50.6
                0x1000c2b8        0x8 CMakeFiles/galton.dir/Users/samb/.pico-sdk/sdk/2.1.0/src/rp2_common/pico_stdio_uart/stdio_uart.c.o
 .rodata.str1.4
                0x1000c2c0       0x18 CMakeFiles/galton.dir/Users/samb/.pico-sdk/sdk/2.1.0/src/rp2_common/pico_bootsel_via_double_reset/pico_bootsel_via_double_reset.c.o
 .rodata.__bi_50
                0x1000c2c0        0xc CMakeFiles/galton.dir/Users/samb/.pico-sdk/sdk/2.1.0/src/rp2_common/pico_bootsel_via_double_reset/pico_bootsel_via_double_reset.c.o
 .rodata.dma_claim_unused_channel.str1.4
                0x1000c2cc       0x1e CMakeFiles/galton.dir/Users/samb/.pico-sdk/sdk/2.1.0/src/rp2_common/hardware_dma/dma.c.o
 .rodata.__ssvfscanf_r.str1.4
                0x1000c2cc        0x9 /Users/samb/.pico-sdk/toolchain/13_3_Rel1/bin/../lib/gcc/arm-none-eabi/13.3.1/../../../../arm-none-eabi/lib/thumb/v6-m/nofp/libg.a(libc_a-svfscanf.o)
 .rodata.__ssvfscanf_r
                0x1000c2cc      0x3cc /Users/samb/.pico-sdk/toolchain/13_3_Rel1/bin/../lib/gcc/arm-none-eabi/13.3.1/../../../../arm-none-eabi/lib/thumb/v6-m/nofp/libg.a(libc_a-svfscanf.o)
 .rodata.basefix.0
                0x1000c698       0x22 /Users/samb/.pico-sdk/toolchain/13_3_Rel1/bin/../lib/gcc/arm-none-eabi/13.3.1/../../../../arm-none-eabi/lib/thumb/v6-m/nofp/libg.a(libc_a-svfscanf.o)
 .rodata._strtod_l.str1.4
                0x1000c6ba       0x15 /Users/samb/.pico-sdk/toolchain/13_3_Rel1/bin/../lib/gcc/arm-none-eabi/13.3.1/../../../../arm-none-eabi/lib/thumb/v6-m/nofp/libg.a(libc_a-strtod.o)
 *fill*         0x1000c6ba        0x2 
 .rodata._strtod_l
                0x1000c6bc       0xd0 /Users/samb/.pico-sdk/toolchain/13_3_Rel1/bin/../lib/gcc/arm-none-eabi/13.3.1/../../../../arm-none-eabi/lib/thumb/v6-m/nofp/libg.a(libc_a-strtod.o)
 .rodata.fpinan.0
                0x1000c78c       0x14 /Users/samb/.pico-sdk/toolchain/13_3_Rel1/bin/../lib/gcc/arm-none-eabi/13.3.1/../../../../arm-none-eabi/lib/thumb/v6-m/nofp/libg.a(libc_a-strtod.o)
 .rodata.fpi.1  0x1000c7a0       0x14 /Users/samb/.pico-sdk/toolchain/13_3_Rel1/bin/../lib/gcc/arm-none-eabi/13.3.1/../../../../arm-none-eabi/lib/thumb/v6-m/nofp/libg.a(libc_a-strtod.o)
 *fill*         0x1000c7b4        0x4 
 .rodata.tinytens
                0x1000c7b8       0x28 /Users/samb/.pico-sdk/toolchain/13_3_Rel1/bin/../lib/gcc/arm-none-eabi/13.3.1/../../../../arm-none-eabi/lib/thumb/v6-m/nofp/libg.a(libc_a-strtod.o)
 .rodata.str1.4
                0x1000c7e0       0x4c /Users/samb/.pico-sdk/toolchain/13_3_Rel1/bin/../lib/gcc/arm-none-eabi/13.3.1/../../../../arm-none-eabi/lib/thumb/v6-m/nofp/libg.a(libc_a-locale.o)
 .rodata._mbrtowc_r.str1.4
                0x1000c7e0        0x1 /Users/samb/.pico-sdk/toolchain/13_3_Rel1/bin/../lib/gcc/arm-none-eabi/13.3.1/../../../../arm-none-eabi/lib/thumb/v6-m/nofp/libg.a(libc_a-mbrtowc.o)
 .rodata._ctype_
                0x1000c7e0      0x101 /Users/samb/.pico-sdk/toolchain/13_3_Rel1/bin/../lib/gcc/arm-none-eabi/13.3.1/../../../../arm-none-eabi/lib/thumb/v6-m/nofp/libg.a(libc_a-ctype_.o)
                0x1000c7e0                _ctype_
 *fill*         0x1000c8e1        0x3 
 .rodata.__jp2uc
                0x1000c8e4       0x20 /Users/samb/.pico-sdk/toolchain/13_3_Rel1/bin/../lib/gcc/arm-none-eabi/13.3.1/../../../../arm-none-eabi/lib/thumb/v6-m/nofp/libg.a(libc_a-jp2uc.o)
 .rodata._jp2uc_l.str1.4
                0x1000c904       0x12 /Users/samb/.pico-sdk/toolchain/13_3_Rel1/bin/../lib/gcc/arm-none-eabi/13.3.1/../../../../arm-none-eabi/lib/thumb/v6-m/nofp/libg.a(libc_a-jp2uc.o)
 .rodata.d02f4  0x1000c904     0x1a7c /Users/samb/.pico-sdk/toolchain/13_3_Rel1/bin/../lib/gcc/arm-none-eabi/13.3.1/../../../../arm-none-eabi/lib/thumb/v6-m/nofp/libg.a(libc_a-jp2uc.o)
 .rodata.b02cf  0x1000e380     0x172a /Users/samb/.pico-sdk/toolchain/13_3_Rel1/bin/../lib/gcc/arm-none-eabi/13.3.1/../../../../arm-none-eabi/lib/thumb/v6-m/nofp/libg.a(libc_a-jp2uc.o)
 *fill*         0x1000faaa        0x2 
 .rodata.a8     0x1000faac       0x40 /Users/samb/.pico-sdk/toolchain/13_3_Rel1/bin/../lib/gcc/arm-none-eabi/13.3.1/../../../../arm-none-eabi/lib/thumb/v6-m/nofp/libg.a(libc_a-jp2uc.o)
 .rodata.a7     0x1000faec       0xa2 /Users/samb/.pico-sdk/toolchain/13_3_Rel1/bin/../lib/gcc/arm-none-eabi/13.3.1/../../../../arm-none-eabi/lib/thumb/v6-m/nofp/libg.a(libc_a-jp2uc.o)
 *fill*         0x1000fb8e        0x2 
 .rodata.a6     0x1000fb90       0x70 /Users/samb/.pico-sdk/toolchain/13_3_Rel1/bin/../lib/gcc/arm-none-eabi/13.3.1/../../../../arm-none-eabi/lib/thumb/v6-m/nofp/libg.a(libc_a-jp2uc.o)
 .rodata.a3     0x1000fc00       0x5b /Users/samb/.pico-sdk/toolchain/13_3_Rel1/bin/../lib/gcc/arm-none-eabi/13.3.1/../../../../arm-none-eabi/lib/thumb/v6-m/nofp/libg.a(libc_a-jp2uc.o)
 *fill*         0x1000fc5b        0x1 
 .rodata.a2     0x1000fc5c       0xbc /Users/samb/.pico-sdk/toolchain/13_3_Rel1/bin/../lib/gcc/arm-none-eabi/13.3.1/../../../../arm-none-eabi/lib/thumb/v6-m/nofp/libg.a(libc_a-jp2uc.o)
 .rodata.a1     0x1000fd18       0xbc /Users/samb/.pico-sdk/toolchain/13_3_Rel1/bin/../lib/gcc/arm-none-eabi/13.3.1/../../../../arm-none-eabi/lib/thumb/v6-m/nofp/libg.a(libc_a-jp2uc.o)
 .rodata.categories
                0x1000fdd4     0x35dc /Users/samb/.pico-sdk/toolchain/13_3_Rel1/bin/../lib/gcc/arm-none-eabi/13.3.1/../../../../arm-none-eabi/lib/thumb/v6-m/nofp/libg.a(libc_a-categories.o)
 .rodata.__gethex.str1.4
                0x100133b0       0x81 /Users/samb/.pico-sdk/toolchain/13_3_Rel1/bin/../lib/gcc/arm-none-eabi/13.3.1/../../../../arm-none-eabi/lib/thumb/v6-m/nofp/libg.a(libc_a-gdtoa-gethex.o)
 .rodata.__hexdig
                0x100133b0      0x100 /Users/samb/.pico-sdk/toolchain/13_3_Rel1/bin/../lib/gcc/arm-none-eabi/13.3.1/../../../../arm-none-eabi/lib/thumb/v6-m/nofp/libg.a(libc_a-gdtoa-gethex.o)
                0x100133b0                __hexdig
 .rodata.__multadd.str1.4
                0x100134b0       0x76 /Users/samb/.pico-sdk/toolchain/13_3_Rel1/bin/../lib/gcc/arm-none-eabi/13.3.1/../../../../arm-none-eabi/lib/thumb/v6-m/nofp/libg.a(libc_a-mprec.o)
 .rodata.p05.0  0x100134b0        0xc /Users/samb/.pico-sdk/toolchain/13_3_Rel1/bin/../lib/gcc/arm-none-eabi/13.3.1/../../../../arm-none-eabi/lib/thumb/v6-m/nofp/libg.a(libc_a-mprec.o)
 *fill*         0x100134bc        0x4 
 .rodata.__mprec_bigtens
                0x100134c0       0x28 /Users/samb/.pico-sdk/toolchain/13_3_Rel1/bin/../lib/gcc/arm-none-eabi/13.3.1/../../../../arm-none-eabi/lib/thumb/v6-m/nofp/libg.a(libc_a-mprec.o)
                0x100134c0                __mprec_bigtens
 .rodata.__mprec_tens
                0x100134e8       0xc8 /Users/samb/.pico-sdk/toolchain/13_3_Rel1/bin/../lib/gcc/arm-none-eabi/13.3.1/../../../../arm-none-eabi/lib/thumb/v6-m/nofp/libg.a(libc_a-mprec.o)
                0x100134e8                __mprec_tens
                0x100135b0                        . = ALIGN (0x4)
 *(SORT_BY_ALIGNMENT(SORT_BY_NAME(.flashdata*)))
                0x100135b0                        . = ALIGN (0x4)

.ARM.extab
 *(.ARM.extab* .gnu.linkonce.armextab.*)
                0x100135b0                        __exidx_start = .

.ARM.exidx
 *(.ARM.exidx* .gnu.linkonce.armexidx.*)
                0x100135b0                        __exidx_end = .
                0x100135b0                        . = ALIGN (0x4)
                0x100135b0                        __binary_info_start = .

.binary_info    0x100135b0       0x2c
 *(.binary_info.keep.*)
 .binary_info.keep.__bi_ptr84
                0x100135b0        0x4 CMakeFiles/galton.dir/Users/samb/.pico-sdk/sdk/2.1.0/src/rp2_common/pico_standard_binary_info/standard_binary_info.c.o
 .binary_info.keep.__bi_ptr78
                0x100135b4        0x4 CMakeFiles/galton.dir/Users/samb/.pico-sdk/sdk/2.1.0/src/rp2_common/pico_standard_binary_info/standard_binary_info.c.o
 .binary_info.keep.__bi_ptr54
                0x100135b8        0x4 CMakeFiles/galton.dir/Users/samb/.pico-sdk/sdk/2.1.0/src/rp2_common/pico_standard_binary_info/standard_binary_info.c.o
 .binary_info.keep.__bi_ptr48
                0x100135bc        0x4 CMakeFiles/galton.dir/Users/samb/.pico-sdk/sdk/2.1.0/src/rp2_common/pico_standard_binary_info/standard_binary_info.c.o
 .binary_info.keep.__bi_ptr42
                0x100135c0        0x4 CMakeFiles/galton.dir/Users/samb/.pico-sdk/sdk/2.1.0/src/rp2_common/pico_standard_binary_info/standard_binary_info.c.o
 .binary_info.keep.__bi_ptr34
                0x100135c4        0x4 CMakeFiles/galton.dir/Users/samb/.pico-sdk/sdk/2.1.0/src/rp2_common/pico_standard_binary_info/standard_binary_info.c.o
 .binary_info.keep.__bi_ptr26
                0x100135c8        0x4 CMakeFiles/galton.dir/Users/samb/.pico-sdk/sdk/2.1.0/src/rp2_common/pico_standard_binary_info/standard_binary_info.c.o
 .binary_info.keep.__bi_ptr50
                0x100135cc        0x4 CMakeFiles/galton.dir/Users/samb/.pico-sdk/sdk/2.1.0/src/rp2_common/pico_bootsel_via_double_reset/pico_bootsel_via_double_reset.c.o
 *(.binary_info.*)
 .binary_info.__bi_ptr50
                0x100135d0        0x4 CMakeFiles/galton.dir/Users/samb/.pico-sdk/sdk/2.1.0/src/rp2_common/pico_stdio_uart/stdio_uart.c.o
 .binary_info.__bi_ptr49
                0x100135d4        0x4 CMakeFiles/galton.dir/Users/samb/.pico-sdk/sdk/2.1.0/src/rp2_common/pico_stdio_uart/stdio_uart.c.o
 .binary_info.__bi_ptr45
                0x100135d8        0x4 CMakeFiles/galton.dir/Users/samb/.pico-sdk/sdk/2.1.0/src/rp2_common/pico_stdio_uart/stdio_uart.c.o
                0x100135dc                        __binary_info_end = .

.rel.dyn        0x100135dc        0x0
 .rel.iplt      0x100135dc        0x0 /Users/samb/.pico-sdk/toolchain/13_3_Rel1/bin/../lib/gcc/arm-none-eabi/13.3.1/thumb/v6-m/nofp/crtbegin.o
                0x100135dc                        . = ALIGN (0x4)

.ram_vector_table
                0x20000000       0xc0
 *(.ram_vector_table)
 .ram_vector_table
                0x20000000       0xc0 CMakeFiles/galton.dir/Users/samb/.pico-sdk/sdk/2.1.0/src/rp2_common/pico_runtime_init/runtime_init.c.o
                0x20000000                ram_vector_table

.uninitialized_data
                0x200000c0        0xc
                0x200000c0                        . = ALIGN (0x4)
 *(.uninitialized_data*)
 .uninitialized_data.magic_location
                0x200000c0        0xc CMakeFiles/galton.dir/Users/samb/.pico-sdk/sdk/2.1.0/src/rp2_common/pico_bootsel_via_double_reset/pico_bootsel_via_double_reset.c.o

.data           0x200000d0      0x89c load address 0x100135dc
                0x200000d0                        __data_start__ = .
 *(vtable)
 *(.time_critical*)
 .time_critical.mutex_enter_blocking
                0x200000d0       0x48 CMakeFiles/galton.dir/Users/samb/.pico-sdk/sdk/2.1.0/src/common/pico_sync/mutex.c.o
                0x200000d0                mutex_enter_blocking
 .time_critical.mutex_try_enter_block_until
                0x20000118       0x9c CMakeFiles/galton.dir/Users/samb/.pico-sdk/sdk/2.1.0/src/common/pico_sync/mutex.c.o
                0x20000118                mutex_try_enter_block_until
 .time_critical.mutex_exit
                0x200001b4       0x28 CMakeFiles/galton.dir/Users/samb/.pico-sdk/sdk/2.1.0/src/common/pico_sync/mutex.c.o
                0x200001b4                mutex_exit
 *(.text*)
 .text          0x200001dc        0x4 /Users/samb/.pico-sdk/toolchain/13_3_Rel1/bin/../lib/gcc/arm-none-eabi/13.3.1/thumb/v6-m/nofp/libgcc.a(_dvmd_tls.o)
                0x200001dc                __aeabi_ldiv0
                0x200001dc                __aeabi_idiv0
 .text.__stub   0x200001e0       0x10 linker stubs
                0x200001f0                        . = ALIGN (0x4)
 *(.rodata*)
                0x200001f0                        . = ALIGN (0x4)
 *(.data*)
 .data.address_pointer
                0x200001f0        0x4 CMakeFiles/galton.dir/src/vga16_graphics.c.o
                0x200001f0                address_pointer
 .data.address_pointer
                0x200001f4        0x4 CMakeFiles/galton.dir/src/dma.c.o
 .data.striped_spin_lock_num
                0x200001f8        0x1 CMakeFiles/galton.dir/Users/samb/.pico-sdk/sdk/2.1.0/src/rp2_common/hardware_sync/sync.c.o
 *fill*         0x200001f9        0x3 
 .data          0x200001fc       0x48 CMakeFiles/galton.dir/Users/samb/.pico-sdk/sdk/2.1.0/src/rp2_common/hardware_irq/irq_handler_chain.S.o
                0x200001fc                irq_handler_chain_slots
                0x2000022c                irq_handler_chain_first_slot
                0x20000236                irq_handler_chain_remove_tail
 .data.default_alarm_pool
                0x20000244       0x18 CMakeFiles/galton.dir/Users/samb/.pico-sdk/sdk/2.1.0/src/common/pico_time/time.c.o
 *fill*         0x2000025c        0x4 
 .data.aeabi_bits_funcs
                0x20000260       0x10 CMakeFiles/galton.dir/Users/samb/.pico-sdk/sdk/2.1.0/src/rp2_common/pico_bit_ops/bit_ops_aeabi.S.o
                0x20000260                aeabi_bits_funcs
                0x20000270                aeabi_bits_funcs_end
 .data.aeabi_mem_funcs
                0x20000270       0x10 CMakeFiles/galton.dir/Users/samb/.pico-sdk/sdk/2.1.0/src/rp2_common/pico_mem_ops/mem_ops_aeabi.S.o
                0x20000270                aeabi_mem_funcs
                0x20000280                aeabi_mem_funcs_end
 .data.stdio_uart
                0x20000280       0x18 CMakeFiles/galton.dir/Users/samb/.pico-sdk/sdk/2.1.0/src/rp2_common/pico_stdio_uart/stdio_uart.c.o
                0x20000280                stdio_uart
 .data.__malloc_sbrk_base
                0x20000298        0x4 /Users/samb/.pico-sdk/toolchain/13_3_Rel1/bin/../lib/gcc/arm-none-eabi/13.3.1/../../../../arm-none-eabi/lib/thumb/v6-m/nofp/libg.a(libc_a-mallocr.o)
                0x20000298                __malloc_sbrk_base
 .data.__malloc_trim_threshold
                0x2000029c        0x4 /Users/samb/.pico-sdk/toolchain/13_3_Rel1/bin/../lib/gcc/arm-none-eabi/13.3.1/../../../../arm-none-eabi/lib/thumb/v6-m/nofp/libg.a(libc_a-mallocr.o)
                0x2000029c                __malloc_trim_threshold
 .data.__malloc_av_
                0x200002a0      0x408 /Users/samb/.pico-sdk/toolchain/13_3_Rel1/bin/../lib/gcc/arm-none-eabi/13.3.1/../../../../arm-none-eabi/lib/thumb/v6-m/nofp/libg.a(libc_a-mallocr.o)
                0x200002a0                __malloc_av_
 .data._impure_ptr
                0x200006a8        0x4 /Users/samb/.pico-sdk/toolchain/13_3_Rel1/bin/../lib/gcc/arm-none-eabi/13.3.1/../../../../arm-none-eabi/lib/thumb/v6-m/nofp/libg.a(libc_a-impure.o)
                0x200006a8                _impure_ptr
 *fill*         0x200006ac        0x4 
 .data._impure_data
                0x200006b0      0x140 /Users/samb/.pico-sdk/toolchain/13_3_Rel1/bin/../lib/gcc/arm-none-eabi/13.3.1/../../../../arm-none-eabi/lib/thumb/v6-m/nofp/libg.a(libc_a-impure.o)
                0x200006b0                _impure_data
 .data.__global_locale
                0x200007f0      0x16c /Users/samb/.pico-sdk/toolchain/13_3_Rel1/bin/../lib/gcc/arm-none-eabi/13.3.1/../../../../arm-none-eabi/lib/thumb/v6-m/nofp/libg.a(libc_a-locale.o)
                0x200007f0                __global_locale
                0x2000095c                        . = ALIGN (0x4)
 *(.after_data.*)
                0x2000095c                        . = ALIGN (0x4)
                0x2000095c                        PROVIDE (__mutex_array_start = .)
 *(SORT_BY_NAME(.mutex_array.*))
 *(.mutex_array)
 .mutex_array   0x2000095c        0x8 CMakeFiles/galton.dir/Users/samb/.pico-sdk/sdk/2.1.0/src/rp2_common/pico_malloc/malloc.c.o
 .mutex_array   0x20000964        0x8 CMakeFiles/galton.dir/Users/samb/.pico-sdk/sdk/2.1.0/src/rp2_common/pico_stdio/stdio.c.o
                0x2000096c                        PROVIDE (__mutex_array_end = .)
                0x2000096c                        . = ALIGN (0x4)
 *(.jcr)
                0x2000096c                        . = ALIGN (0x4)

.tm_clone_table
                0x2000096c        0x0 load address 0x10013e78
 .tm_clone_table
                0x2000096c        0x0 /Users/samb/.pico-sdk/toolchain/13_3_Rel1/bin/../lib/gcc/arm-none-eabi/13.3.1/thumb/v6-m/nofp/crtbegin.o
 .tm_clone_table
                0x2000096c        0x0 /Users/samb/.pico-sdk/toolchain/13_3_Rel1/bin/../lib/gcc/arm-none-eabi/13.3.1/thumb/v6-m/nofp/crtend.o

.igot.plt       0x2000096c        0x0 load address 0x10013e78
 .igot.plt      0x2000096c        0x0 /Users/samb/.pico-sdk/toolchain/13_3_Rel1/bin/../lib/gcc/arm-none-eabi/13.3.1/thumb/v6-m/nofp/crtbegin.o

.tdata          0x2000096c        0x0 load address 0x10013e78
                0x2000096c                        . = ALIGN (0x4)
 *(.tdata .tdata.* .gnu.linkonce.td.*)
                0x2000096c                        __tdata_end = .
                0x2000096c                        PROVIDE (__data_end__ = .)
                0x100135dc                        __etext = LOADADDR (.data)

.tbss           0x2000096c        0x0 load address 0x10013e78
                0x2000096c                        . = ALIGN (0x4)
                0x2000096c                        __bss_start__ = .
                0x2000096c                        __tls_base = .
 *(.tbss .tbss.* .gnu.linkonce.tb.*)
 *(.tcommon)
                0x2000096c                        __tls_end = .

.bss            0x20000970    0x26930 load address 0x10013e78
                0x20000970                        . = ALIGN (0x4)
                0x20000970                        __tbss_end = .
 *(SORT_BY_ALIGNMENT(SORT_BY_NAME(.bss*)))
 .bss.default_alarm_pool_entries
                0x20000970      0x180 CMakeFiles/galton.dir/Users/samb/.pico-sdk/sdk/2.1.0/src/common/pico_time/time.c.o
 .bss.pegs      0x20000af0      0x640 CMakeFiles/galton.dir/src/peg.c.o
 .bss.sched_thread_time
                0x20001130       0x50 CMakeFiles/galton.dir/src/main.c.o
                0x20001130                sched_thread_time
 .bss.sched_thread_time1
                0x20001180       0x50 CMakeFiles/galton.dir/src/main.c.o
                0x20001180                sched_thread_time1
 .bss.sd_table  0x200011d0      0x100 CMakeFiles/galton.dir/Users/samb/.pico-sdk/sdk/2.1.0/src/rp2_common/pico_double/double_init_rom_rp2040.c.o
                0x200011d0                sd_table
 .bss.sf_table  0x200012d0      0x100 CMakeFiles/galton.dir/Users/samb/.pico-sdk/sdk/2.1.0/src/rp2_common/pico_float/float_init_rom_rp2040.c.o
                0x200012d0                sf_table
 .bss.thread_time
                0x200013d0        0x8 CMakeFiles/galton.dir/src/main.c.o
                0x200013d0                thread_time
 .bss.thread_time1
                0x200013d8        0x8 CMakeFiles/galton.dir/src/main.c.o
                0x200013d8                thread_time1
 .bss.time_thread.3
                0x200013e0        0x8 CMakeFiles/galton.dir/src/main.c.o
 .bss.time_thread.4
                0x200013e8        0x8 CMakeFiles/galton.dir/src/main.c.o
 .bss.time_thread.9
                0x200013f0        0x8 CMakeFiles/galton.dir/src/main.c.o
 .bss.DAC_data  0x200013f8      0x200 CMakeFiles/galton.dir/src/dma.c.o
 .bss.__lock___malloc_recursive_mutex
                0x200015f8        0x1 /Users/samb/.pico-sdk/toolchain/13_3_Rel1/bin/../lib/gcc/arm-none-eabi/13.3.1/../../../../arm-none-eabi/lib/thumb/v6-m/nofp/libg.a(libc_a-lock.o)
                0x200015f8                __lock___malloc_recursive_mutex
 *fill*         0x200015f9        0x3 
 .bss.__malloc_current_mallinfo
                0x200015fc       0x28 /Users/samb/.pico-sdk/toolchain/13_3_Rel1/bin/../lib/gcc/arm-none-eabi/13.3.1/../../../../arm-none-eabi/lib/thumb/v6-m/nofp/libg.a(libc_a-mallocr.o)
                0x200015fc                __malloc_current_mallinfo
 .bss.__malloc_max_sbrked_mem
                0x20001624        0x4 /Users/samb/.pico-sdk/toolchain/13_3_Rel1/bin/../lib/gcc/arm-none-eabi/13.3.1/../../../../arm-none-eabi/lib/thumb/v6-m/nofp/libg.a(libc_a-mallocr.o)
                0x20001624                __malloc_max_sbrked_mem
 .bss.__malloc_max_total_mem
                0x20001628        0x4 /Users/samb/.pico-sdk/toolchain/13_3_Rel1/bin/../lib/gcc/arm-none-eabi/13.3.1/../../../../arm-none-eabi/lib/thumb/v6-m/nofp/libg.a(libc_a-mallocr.o)
                0x20001628                __malloc_max_total_mem
 .bss.__malloc_top_pad
                0x2000162c        0x4 /Users/samb/.pico-sdk/toolchain/13_3_Rel1/bin/../lib/gcc/arm-none-eabi/13.3.1/../../../../arm-none-eabi/lib/thumb/v6-m/nofp/libg.a(libc_a-mallocr.o)
                0x2000162c                __malloc_top_pad
 .bss.__sf      0x20001630      0x138 /Users/samb/.pico-sdk/toolchain/13_3_Rel1/bin/../lib/gcc/arm-none-eabi/13.3.1/../../../../arm-none-eabi/lib/thumb/v6-m/nofp/libg.a(libc_a-findfp.o)
                0x20001630                __sf
 .bss._used_instruction_space
                0x20001768        0x8 CMakeFiles/galton.dir/Users/samb/.pico-sdk/sdk/2.1.0/src/rp2_common/hardware_pio/pio.c.o
 .bss.balls     0x20001770       0x60 CMakeFiles/galton.dir/src/ball.c.o
 .bss.chars_available_callback
                0x200017d0        0x4 CMakeFiles/galton.dir/Users/samb/.pico-sdk/sdk/2.1.0/src/rp2_common/pico_stdio_uart/stdio_uart.c.o
 .bss.chars_available_param
                0x200017d4        0x4 CMakeFiles/galton.dir/Users/samb/.pico-sdk/sdk/2.1.0/src/rp2_common/pico_stdio_uart/stdio_uart.c.o
 .bss.claimed   0x200017d8        0x1 CMakeFiles/galton.dir/Users/samb/.pico-sdk/sdk/2.1.0/src/rp2_common/hardware_timer/timer.c.o
 *fill*         0x200017d9        0x3 
 .bss.configured_freq
                0x200017dc       0x28 CMakeFiles/galton.dir/Users/samb/.pico-sdk/sdk/2.1.0/src/rp2_common/hardware_clocks/clocks.c.o
 .bss.data_chan
                0x20001804        0x4 CMakeFiles/galton.dir/src/dma.c.o
 .bss.drivers   0x20001808        0x4 CMakeFiles/galton.dir/Users/samb/.pico-sdk/sdk/2.1.0/src/rp2_common/pico_stdio/stdio.c.o
 .bss.errno     0x2000180c        0x4 /Users/samb/.pico-sdk/toolchain/13_3_Rel1/bin/../lib/gcc/arm-none-eabi/13.3.1/../../../../arm-none-eabi/lib/thumb/v6-m/nofp/libg.a(libc_a-reent.o)
                0x2000180c                errno
 .bss.filter    0x20001810        0x4 CMakeFiles/galton.dir/Users/samb/.pico-sdk/sdk/2.1.0/src/rp2_common/pico_stdio/stdio.c.o
 .bss.heap_end.0
                0x20001814        0x4 CMakeFiles/galton.dir/Users/samb/.pico-sdk/sdk/2.1.0/src/rp2_common/pico_clib_interface/newlib_interface.c.o
 .bss.i.7       0x20001818        0x4 CMakeFiles/galton.dir/src/main.c.o
 .bss.i.8       0x2000181c        0x4 CMakeFiles/galton.dir/src/main.c.o
 .bss.lazy_vsnprintf
                0x20001820        0x4 CMakeFiles/galton.dir/Users/samb/.pico-sdk/sdk/2.1.0/src/rp2_common/pico_printf/printf.c.o
 .bss.num_send_chars.12
                0x20001824        0x4 CMakeFiles/galton.dir/src/main.c.o
 .bss.object.0  0x20001828       0x18 /Users/samb/.pico-sdk/toolchain/13_3_Rel1/bin/../lib/gcc/arm-none-eabi/13.3.1/thumb/v6-m/nofp/crtbegin.o
 .bss.pools     0x20001840       0x10 CMakeFiles/galton.dir/Users/samb/.pico-sdk/sdk/2.1.0/src/common/pico_time/time.c.o
 .bss.pt_current_char_count.1
                0x20001850        0x4 CMakeFiles/galton.dir/src/main.c.o
 .bss.pt_executed
                0x20001854        0x4 CMakeFiles/galton.dir/src/main.c.o
                0x20001854                pt_executed
 .bss.pt_executed1
                0x20001858        0x4 CMakeFiles/galton.dir/src/main.c.o
                0x20001858                pt_executed1